mode: set
github.com/scttfrdmn/cargoship/pkg/aws/metrics/cloudwatch.go:44.96,45.28 1 1
github.com/scttfrdmn/cargoship/pkg/aws/metrics/cloudwatch.go:45.28,47.3 1 1
github.com/scttfrdmn/cargoship/pkg/aws/metrics/cloudwatch.go:48.2,48.52 1 1
github.com/scttfrdmn/cargoship/pkg/aws/metrics/cloudwatch.go:48.52,50.3 1 1
github.com/scttfrdmn/cargoship/pkg/aws/metrics/cloudwatch.go:51.2,51.31 1 1
github.com/scttfrdmn/cargoship/pkg/aws/metrics/cloudwatch.go:51.31,53.3 1 1
github.com/scttfrdmn/cargoship/pkg/aws/metrics/cloudwatch.go:55.2,65.20 2 1
github.com/scttfrdmn/cargoship/pkg/aws/metrics/cloudwatch.go:65.20,67.3 1 1
github.com/scttfrdmn/cargoship/pkg/aws/metrics/cloudwatch.go:69.2,69.18 1 1
github.com/scttfrdmn/cargoship/pkg/aws/metrics/cloudwatch.go:73.103,116.28 3 1
github.com/scttfrdmn/cargoship/pkg/aws/metrics/cloudwatch.go:116.28,132.3 2 1
github.com/scttfrdmn/cargoship/pkg/aws/metrics/cloudwatch.go:135.2,136.21 2 1
github.com/scttfrdmn/cargoship/pkg/aws/metrics/cloudwatch.go:136.21,138.3 1 1
github.com/scttfrdmn/cargoship/pkg/aws/metrics/cloudwatch.go:140.2,148.42 2 1
github.com/scttfrdmn/cargoship/pkg/aws/metrics/cloudwatch.go:152.99,186.35 3 1
github.com/scttfrdmn/cargoship/pkg/aws/metrics/cloudwatch.go:186.35,194.3 1 1
github.com/scttfrdmn/cargoship/pkg/aws/metrics/cloudwatch.go:196.2,196.42 1 1
github.com/scttfrdmn/cargoship/pkg/aws/metrics/cloudwatch.go:200.105,234.36 3 1
github.com/scttfrdmn/cargoship/pkg/aws/metrics/cloudwatch.go:234.36,242.3 1 1
github.com/scttfrdmn/cargoship/pkg/aws/metrics/cloudwatch.go:244.2,244.42 1 1
github.com/scttfrdmn/cargoship/pkg/aws/metrics/cloudwatch.go:248.113,291.2 3 1
github.com/scttfrdmn/cargoship/pkg/aws/metrics/cloudwatch.go:294.109,322.2 3 1
github.com/scttfrdmn/cargoship/pkg/aws/metrics/cloudwatch.go:325.95,344.2 1 1
github.com/scttfrdmn/cargoship/pkg/aws/metrics/cloudwatch.go:347.91,362.2 1 1
github.com/scttfrdmn/cargoship/pkg/aws/metrics/cloudwatch.go:365.97,376.2 1 1
github.com/scttfrdmn/cargoship/pkg/aws/metrics/cloudwatch.go:379.101,394.2 1 1
github.com/scttfrdmn/cargoship/pkg/aws/metrics/cloudwatch.go:397.105,405.34 4 1
github.com/scttfrdmn/cargoship/pkg/aws/metrics/cloudwatch.go:405.34,407.3 1 1
github.com/scttfrdmn/cargoship/pkg/aws/metrics/cloudwatch.go:409.2,409.12 1 1
github.com/scttfrdmn/cargoship/pkg/aws/metrics/cloudwatch.go:413.70,414.24 1 1
github.com/scttfrdmn/cargoship/pkg/aws/metrics/cloudwatch.go:414.24,416.3 1 1
github.com/scttfrdmn/cargoship/pkg/aws/metrics/cloudwatch.go:419.2,426.55 4 1
github.com/scttfrdmn/cargoship/pkg/aws/metrics/cloudwatch.go:426.55,428.31 2 1
github.com/scttfrdmn/cargoship/pkg/aws/metrics/cloudwatch.go:428.31,430.4 1 1
github.com/scttfrdmn/cargoship/pkg/aws/metrics/cloudwatch.go:432.3,439.17 3 1
github.com/scttfrdmn/cargoship/pkg/aws/metrics/cloudwatch.go:439.17,445.4 2 1
github.com/scttfrdmn/cargoship/pkg/aws/metrics/cloudwatch.go:447.3,449.29 1 1
github.com/scttfrdmn/cargoship/pkg/aws/metrics/cloudwatch.go:452.2,452.12 1 1
github.com/scttfrdmn/cargoship/pkg/aws/metrics/cloudwatch.go:456.49,458.12 2 1
github.com/scttfrdmn/cargoship/pkg/aws/metrics/cloudwatch.go:458.12,463.7 4 1
github.com/scttfrdmn/cargoship/pkg/aws/metrics/cloudwatch.go:463.7,464.11 1 1
github.com/scttfrdmn/cargoship/pkg/aws/metrics/cloudwatch.go:465.20,472.19 6 1
github.com/scttfrdmn/cargoship/pkg/aws/metrics/cloudwatch.go:472.19,474.6 1 1
github.com/scttfrdmn/cargoship/pkg/aws/metrics/cloudwatch.go:475.22,476.11 1 1
github.com/scttfrdmn/cargoship/pkg/aws/metrics/cloudwatch.go:483.64,487.2 3 1
github.com/scttfrdmn/cargoship/pkg/aws/metrics/cloudwatch.go:490.63,496.2 3 1
