mode: set
github.com/scttfrdmn/cargoship/pkg/aws/costs/calculator.go:22.47,26.2 1 1
github.com/scttfrdmn/cargoship/pkg/aws/costs/calculator.go:29.91,34.2 1 1
github.com/scttfrdmn/cargoship/pkg/aws/costs/calculator.go:83.106,91.35 3 1
github.com/scttfrdmn/cargoship/pkg/aws/costs/calculator.go:91.35,93.3 1 1
github.com/scttfrdmn/cargoship/pkg/aws/costs/calculator.go:94.2,104.4 2 1
github.com/scttfrdmn/cargoship/pkg/aws/costs/calculator.go:104.4,109.23 4 1
github.com/scttfrdmn/cargoship/pkg/aws/costs/calculator.go:110.36,113.48 3 1
github.com/scttfrdmn/cargoship/pkg/aws/costs/calculator.go:114.38,117.50 3 1
github.com/scttfrdmn/cargoship/pkg/aws/costs/calculator.go:118.37,121.49 3 1
github.com/scttfrdmn/cargoship/pkg/aws/costs/calculator.go:122.46,125.58 3 1
github.com/scttfrdmn/cargoship/pkg/aws/costs/calculator.go:126.35,129.47 3 1
github.com/scttfrdmn/cargoship/pkg/aws/costs/calculator.go:130.39,133.51 3 1
github.com/scttfrdmn/cargoship/pkg/aws/costs/calculator.go:138.2,163.22 9 1
github.com/scttfrdmn/cargoship/pkg/aws/costs/calculator.go:167.122,169.29 1 1
github.com/scttfrdmn/cargoship/pkg/aws/costs/calculator.go:169.29,171.17 2 0
github.com/scttfrdmn/cargoship/pkg/aws/costs/calculator.go:171.17,172.69 1 0
github.com/scttfrdmn/cargoship/pkg/aws/costs/calculator.go:172.69,174.5 1 0
github.com/scttfrdmn/cargoship/pkg/aws/costs/calculator.go:181.2,191.13 3 1
github.com/scttfrdmn/cargoship/pkg/aws/costs/calculator.go:191.13,193.3 1 0
github.com/scttfrdmn/cargoship/pkg/aws/costs/calculator.go:195.2,195.23 1 1
github.com/scttfrdmn/cargoship/pkg/aws/costs/calculator.go:199.89,200.19 1 1
github.com/scttfrdmn/cargoship/pkg/aws/costs/calculator.go:200.19,202.3 1 1
github.com/scttfrdmn/cargoship/pkg/aws/costs/calculator.go:204.2,207.29 2 1
github.com/scttfrdmn/cargoship/pkg/aws/costs/calculator.go:207.29,209.48 2 0
github.com/scttfrdmn/cargoship/pkg/aws/costs/calculator.go:209.48,211.4 1 0
github.com/scttfrdmn/cargoship/pkg/aws/costs/calculator.go:215.2,215.28 1 1
github.com/scttfrdmn/cargoship/pkg/aws/costs/calculator.go:219.123,221.29 1 1
github.com/scttfrdmn/cargoship/pkg/aws/costs/calculator.go:221.29,223.17 2 0
github.com/scttfrdmn/cargoship/pkg/aws/costs/calculator.go:223.17,224.69 1 0
github.com/scttfrdmn/cargoship/pkg/aws/costs/calculator.go:224.69,226.5 1 0
github.com/scttfrdmn/cargoship/pkg/aws/costs/calculator.go:231.2,241.13 3 1
github.com/scttfrdmn/cargoship/pkg/aws/costs/calculator.go:241.13,243.3 1 0
github.com/scttfrdmn/cargoship/pkg/aws/costs/calculator.go:245.2,245.48 1 1
github.com/scttfrdmn/cargoship/pkg/aws/costs/calculator.go:249.110,253.35 2 1
github.com/scttfrdmn/cargoship/pkg/aws/costs/calculator.go:253.35,254.74 1 1
github.com/scttfrdmn/cargoship/pkg/aws/costs/calculator.go:254.74,258.28 3 1
github.com/scttfrdmn/cargoship/pkg/aws/costs/calculator.go:258.28,266.5 1 1
github.com/scttfrdmn/cargoship/pkg/aws/costs/calculator.go:271.2,271.31 1 1
github.com/scttfrdmn/cargoship/pkg/aws/costs/calculator.go:271.31,273.36 2 1
github.com/scttfrdmn/cargoship/pkg/aws/costs/calculator.go:273.36,274.73 1 1
github.com/scttfrdmn/cargoship/pkg/aws/costs/calculator.go:274.73,276.5 1 1
github.com/scttfrdmn/cargoship/pkg/aws/costs/calculator.go:279.3,279.64 1 1
github.com/scttfrdmn/cargoship/pkg/aws/costs/calculator.go:279.64,287.4 1 1
github.com/scttfrdmn/cargoship/pkg/aws/costs/calculator.go:291.2,292.35 2 1
github.com/scttfrdmn/cargoship/pkg/aws/costs/calculator.go:292.35,293.34 1 1
github.com/scttfrdmn/cargoship/pkg/aws/costs/calculator.go:293.34,295.4 1 1
github.com/scttfrdmn/cargoship/pkg/aws/costs/calculator.go:298.2,298.23 1 1
github.com/scttfrdmn/cargoship/pkg/aws/costs/calculator.go:298.23,306.3 1 1
github.com/scttfrdmn/cargoship/pkg/aws/costs/calculator.go:308.2,308.24 1 1
