mode: set
github.com/scttfrdmn/cargoship/pkg/multiregion/coordinator.go:53.43,58.2 1 1
github.com/scttfrdmn/cargoship/pkg/multiregion/coordinator.go:61.95,65.19 3 1
github.com/scttfrdmn/cargoship/pkg/multiregion/coordinator.go:65.19,67.3 1 1
github.com/scttfrdmn/cargoship/pkg/multiregion/coordinator.go:69.2,69.19 1 1
github.com/scttfrdmn/cargoship/pkg/multiregion/coordinator.go:69.19,71.3 1 1
github.com/scttfrdmn/cargoship/pkg/multiregion/coordinator.go:74.2,74.49 1 1
github.com/scttfrdmn/cargoship/pkg/multiregion/coordinator.go:74.49,76.3 1 1
github.com/scttfrdmn/cargoship/pkg/multiregion/coordinator.go:79.2,82.32 2 1
github.com/scttfrdmn/cargoship/pkg/multiregion/coordinator.go:82.32,85.3 2 1
github.com/scttfrdmn/cargoship/pkg/multiregion/coordinator.go:88.2,91.49 2 1
github.com/scttfrdmn/cargoship/pkg/multiregion/coordinator.go:91.49,93.3 1 0
github.com/scttfrdmn/cargoship/pkg/multiregion/coordinator.go:96.2,104.12 4 1
github.com/scttfrdmn/cargoship/pkg/multiregion/coordinator.go:108.105,109.20 1 1
github.com/scttfrdmn/cargoship/pkg/multiregion/coordinator.go:109.20,111.3 1 1
github.com/scttfrdmn/cargoship/pkg/multiregion/coordinator.go:113.2,113.20 1 1
github.com/scttfrdmn/cargoship/pkg/multiregion/coordinator.go:113.20,115.3 1 1
github.com/scttfrdmn/cargoship/pkg/multiregion/coordinator.go:118.2,118.22 1 1
github.com/scttfrdmn/cargoship/pkg/multiregion/coordinator.go:118.22,120.3 1 1
github.com/scttfrdmn/cargoship/pkg/multiregion/coordinator.go:123.2,133.16 4 1
github.com/scttfrdmn/cargoship/pkg/multiregion/coordinator.go:133.16,135.3 1 0
github.com/scttfrdmn/cargoship/pkg/multiregion/coordinator.go:137.2,144.16 3 1
github.com/scttfrdmn/cargoship/pkg/multiregion/coordinator.go:144.16,146.3 1 0
github.com/scttfrdmn/cargoship/pkg/multiregion/coordinator.go:148.2,154.20 2 1
github.com/scttfrdmn/cargoship/pkg/multiregion/coordinator.go:158.100,159.20 1 1
github.com/scttfrdmn/cargoship/pkg/multiregion/coordinator.go:159.20,161.3 1 1
github.com/scttfrdmn/cargoship/pkg/multiregion/coordinator.go:163.2,167.38 4 1
github.com/scttfrdmn/cargoship/pkg/multiregion/coordinator.go:167.38,169.3 1 1
github.com/scttfrdmn/cargoship/pkg/multiregion/coordinator.go:171.2,171.20 1 1
github.com/scttfrdmn/cargoship/pkg/multiregion/coordinator.go:175.102,176.20 1 1
github.com/scttfrdmn/cargoship/pkg/multiregion/coordinator.go:176.20,178.3 1 1
github.com/scttfrdmn/cargoship/pkg/multiregion/coordinator.go:180.2,184.38 4 1
github.com/scttfrdmn/cargoship/pkg/multiregion/coordinator.go:184.38,186.3 1 1
github.com/scttfrdmn/cargoship/pkg/multiregion/coordinator.go:188.2,188.21 1 1
github.com/scttfrdmn/cargoship/pkg/multiregion/coordinator.go:192.66,196.20 3 1
github.com/scttfrdmn/cargoship/pkg/multiregion/coordinator.go:196.20,198.3 1 1
github.com/scttfrdmn/cargoship/pkg/multiregion/coordinator.go:200.2,203.21 2 1
github.com/scttfrdmn/cargoship/pkg/multiregion/coordinator.go:203.21,205.3 1 1
github.com/scttfrdmn/cargoship/pkg/multiregion/coordinator.go:208.2,209.12 2 1
github.com/scttfrdmn/cargoship/pkg/multiregion/coordinator.go:209.12,212.3 2 1
github.com/scttfrdmn/cargoship/pkg/multiregion/coordinator.go:214.2,214.9 1 1
github.com/scttfrdmn/cargoship/pkg/multiregion/coordinator.go:215.14,216.63 1 1
github.com/scttfrdmn/cargoship/pkg/multiregion/coordinator.go:217.20,219.19 2 0
github.com/scttfrdmn/cargoship/pkg/multiregion/coordinator.go:222.2,223.12 2 1
github.com/scttfrdmn/cargoship/pkg/multiregion/coordinator.go:227.78,228.21 1 1
github.com/scttfrdmn/cargoship/pkg/multiregion/coordinator.go:228.21,230.3 1 1
github.com/scttfrdmn/cargoship/pkg/multiregion/coordinator.go:232.2,232.30 1 1
github.com/scttfrdmn/cargoship/pkg/multiregion/coordinator.go:232.30,234.3 1 1
github.com/scttfrdmn/cargoship/pkg/multiregion/coordinator.go:236.2,236.32 1 1
github.com/scttfrdmn/cargoship/pkg/multiregion/coordinator.go:236.32,238.3 1 1
github.com/scttfrdmn/cargoship/pkg/multiregion/coordinator.go:241.2,242.40 2 1
github.com/scttfrdmn/cargoship/pkg/multiregion/coordinator.go:242.40,243.42 1 1
github.com/scttfrdmn/cargoship/pkg/multiregion/coordinator.go:243.42,245.9 2 1
github.com/scttfrdmn/cargoship/pkg/multiregion/coordinator.go:249.2,249.25 1 1
github.com/scttfrdmn/cargoship/pkg/multiregion/coordinator.go:249.25,251.3 1 1
github.com/scttfrdmn/cargoship/pkg/multiregion/coordinator.go:254.2,254.40 1 1
github.com/scttfrdmn/cargoship/pkg/multiregion/coordinator.go:254.40,255.51 1 1
github.com/scttfrdmn/cargoship/pkg/multiregion/coordinator.go:255.51,257.4 1 1
github.com/scttfrdmn/cargoship/pkg/multiregion/coordinator.go:260.2,260.12 1 1
github.com/scttfrdmn/cargoship/pkg/multiregion/coordinator.go:264.67,265.23 1 1
github.com/scttfrdmn/cargoship/pkg/multiregion/coordinator.go:265.23,267.3 1 0
github.com/scttfrdmn/cargoship/pkg/multiregion/coordinator.go:269.2,269.25 1 1
github.com/scttfrdmn/cargoship/pkg/multiregion/coordinator.go:269.25,271.3 1 1
github.com/scttfrdmn/cargoship/pkg/multiregion/coordinator.go:273.2,273.46 1 1
github.com/scttfrdmn/cargoship/pkg/multiregion/coordinator.go:273.46,275.3 1 1
github.com/scttfrdmn/cargoship/pkg/multiregion/coordinator.go:277.2,277.46 1 1
github.com/scttfrdmn/cargoship/pkg/multiregion/coordinator.go:277.46,279.3 1 1
github.com/scttfrdmn/cargoship/pkg/multiregion/coordinator.go:281.2,281.32 1 1
github.com/scttfrdmn/cargoship/pkg/multiregion/coordinator.go:281.32,282.39 1 1
github.com/scttfrdmn/cargoship/pkg/multiregion/coordinator.go:282.39,284.4 1 1
github.com/scttfrdmn/cargoship/pkg/multiregion/coordinator.go:286.3,286.38 1 1
github.com/scttfrdmn/cargoship/pkg/multiregion/coordinator.go:286.38,288.4 1 0
github.com/scttfrdmn/cargoship/pkg/multiregion/coordinator.go:290.3,290.46 1 1
github.com/scttfrdmn/cargoship/pkg/multiregion/coordinator.go:290.46,292.4 1 0
github.com/scttfrdmn/cargoship/pkg/multiregion/coordinator.go:294.3,294.46 1 1
github.com/scttfrdmn/cargoship/pkg/multiregion/coordinator.go:294.46,296.4 1 0
github.com/scttfrdmn/cargoship/pkg/multiregion/coordinator.go:299.2,299.12 1 1
github.com/scttfrdmn/cargoship/pkg/multiregion/coordinator.go:303.59,314.2 4 1
github.com/scttfrdmn/cargoship/pkg/multiregion/coordinator.go:317.56,319.33 1 1
github.com/scttfrdmn/cargoship/pkg/multiregion/coordinator.go:319.33,322.3 2 1
github.com/scttfrdmn/cargoship/pkg/multiregion/coordinator.go:325.2,325.33 1 1
github.com/scttfrdmn/cargoship/pkg/multiregion/coordinator.go:325.33,328.3 2 1
github.com/scttfrdmn/cargoship/pkg/multiregion/coordinator.go:331.2,331.36 1 1
github.com/scttfrdmn/cargoship/pkg/multiregion/coordinator.go:331.36,334.3 2 1
github.com/scttfrdmn/cargoship/pkg/multiregion/coordinator.go:338.114,341.2 1 1
github.com/scttfrdmn/cargoship/pkg/multiregion/coordinator.go:344.140,349.16 3 1
github.com/scttfrdmn/cargoship/pkg/multiregion/coordinator.go:349.16,351.37 1 0
github.com/scttfrdmn/cargoship/pkg/multiregion/coordinator.go:351.37,362.4 3 0
github.com/scttfrdmn/cargoship/pkg/multiregion/coordinator.go:364.3,364.77 1 0
github.com/scttfrdmn/cargoship/pkg/multiregion/coordinator.go:368.2,370.20 2 1
github.com/scttfrdmn/cargoship/pkg/multiregion/coordinator.go:374.136,376.44 1 1
github.com/scttfrdmn/cargoship/pkg/multiregion/coordinator.go:376.44,378.3 1 0
github.com/scttfrdmn/cargoship/pkg/multiregion/coordinator.go:381.2,382.22 2 1
github.com/scttfrdmn/cargoship/pkg/multiregion/coordinator.go:382.22,383.10 1 1
github.com/scttfrdmn/cargoship/pkg/multiregion/coordinator.go:384.35,384.35 0 1
github.com/scttfrdmn/cargoship/pkg/multiregion/coordinator.go:385.21,386.25 1 0
github.com/scttfrdmn/cargoship/pkg/multiregion/coordinator.go:391.2,394.37 2 1
github.com/scttfrdmn/cargoship/pkg/multiregion/coordinator.go:394.37,396.3 1 0
github.com/scttfrdmn/cargoship/pkg/multiregion/coordinator.go:399.2,399.9 1 1
github.com/scttfrdmn/cargoship/pkg/multiregion/coordinator.go:400.36,400.36 0 1
github.com/scttfrdmn/cargoship/pkg/multiregion/coordinator.go:401.20,402.24 1 0
github.com/scttfrdmn/cargoship/pkg/multiregion/coordinator.go:406.2,415.20 2 1
github.com/scttfrdmn/cargoship/pkg/multiregion/coordinator.go:419.156,422.34 2 0
github.com/scttfrdmn/cargoship/pkg/multiregion/coordinator.go:422.34,424.3 1 0
github.com/scttfrdmn/cargoship/pkg/multiregion/coordinator.go:427.2,427.44 1 0
github.com/scttfrdmn/cargoship/pkg/multiregion/coordinator.go:427.44,428.44 1 0
github.com/scttfrdmn/cargoship/pkg/multiregion/coordinator.go:428.44,430.4 1 0
github.com/scttfrdmn/cargoship/pkg/multiregion/coordinator.go:432.3,437.46 2 0
github.com/scttfrdmn/cargoship/pkg/multiregion/coordinator.go:437.46,439.4 1 0
github.com/scttfrdmn/cargoship/pkg/multiregion/coordinator.go:441.3,442.17 2 0
github.com/scttfrdmn/cargoship/pkg/multiregion/coordinator.go:442.17,450.12 3 0
github.com/scttfrdmn/cargoship/pkg/multiregion/coordinator.go:453.3,461.21 3 0
github.com/scttfrdmn/cargoship/pkg/multiregion/coordinator.go:464.2,464.56 1 0
github.com/scttfrdmn/cargoship/pkg/multiregion/coordinator.go:468.84,473.35 4 1
github.com/scttfrdmn/cargoship/pkg/multiregion/coordinator.go:473.35,474.75 1 1
github.com/scttfrdmn/cargoship/pkg/multiregion/coordinator.go:474.75,476.4 1 1
github.com/scttfrdmn/cargoship/pkg/multiregion/coordinator.go:479.2,479.21 1 1
github.com/scttfrdmn/cargoship/pkg/multiregion/coordinator.go:483.81,488.25 2 1
github.com/scttfrdmn/cargoship/pkg/multiregion/coordinator.go:488.25,490.3 1 1
github.com/scttfrdmn/cargoship/pkg/multiregion/coordinator.go:493.2,495.29 2 1
github.com/scttfrdmn/cargoship/pkg/multiregion/coordinator.go:499.108,506.55 3 1
github.com/scttfrdmn/cargoship/pkg/multiregion/coordinator.go:506.55,507.41 1 1
github.com/scttfrdmn/cargoship/pkg/multiregion/coordinator.go:507.41,509.4 1 0
github.com/scttfrdmn/cargoship/pkg/multiregion/coordinator.go:511.2,514.23 2 1
github.com/scttfrdmn/cargoship/pkg/multiregion/coordinator.go:514.23,516.3 1 0
github.com/scttfrdmn/cargoship/pkg/multiregion/coordinator.go:518.2,522.25 3 1
github.com/scttfrdmn/cargoship/pkg/multiregion/coordinator.go:522.25,524.3 1 1
github.com/scttfrdmn/cargoship/pkg/multiregion/coordinator.go:526.2,526.60 1 1
github.com/scttfrdmn/cargoship/pkg/multiregion/coordinator.go:530.73,535.55 3 1
github.com/scttfrdmn/cargoship/pkg/multiregion/coordinator.go:535.55,538.23 2 1
github.com/scttfrdmn/cargoship/pkg/multiregion/coordinator.go:538.23,541.4 1 1
github.com/scttfrdmn/cargoship/pkg/multiregion/coordinator.go:544.2,544.14 1 1
github.com/scttfrdmn/cargoship/pkg/multiregion/coordinator.go:548.80,552.53 3 1
github.com/scttfrdmn/cargoship/pkg/multiregion/coordinator.go:552.53,558.23 4 1
github.com/scttfrdmn/cargoship/pkg/multiregion/coordinator.go:558.23,560.4 1 1
github.com/scttfrdmn/cargoship/pkg/multiregion/coordinator.go:563.3,563.38 1 1
github.com/scttfrdmn/cargoship/pkg/multiregion/coordinator.go:563.38,568.4 2 1
github.com/scttfrdmn/cargoship/pkg/multiregion/coordinator.go:570.3,574.43 1 1
github.com/scttfrdmn/cargoship/pkg/multiregion/coordinator.go:579.91,584.13 4 1
github.com/scttfrdmn/cargoship/pkg/multiregion/coordinator.go:584.13,586.3 1 0
github.com/scttfrdmn/cargoship/pkg/multiregion/coordinator.go:589.2,592.20 3 1
github.com/scttfrdmn/cargoship/pkg/multiregion/coordinator.go:592.20,594.3 1 1
github.com/scttfrdmn/cargoship/pkg/multiregion/coordinator.go:594.8,596.3 1 0
github.com/scttfrdmn/cargoship/pkg/multiregion/coordinator.go:599.2,600.22 2 1
github.com/scttfrdmn/cargoship/pkg/multiregion/coordinator.go:600.22,602.3 1 1
github.com/scttfrdmn/cargoship/pkg/multiregion/coordinator.go:606.51,610.19 3 1
github.com/scttfrdmn/cargoship/pkg/multiregion/coordinator.go:610.19,612.3 1 0
github.com/scttfrdmn/cargoship/pkg/multiregion/coordinator.go:614.2,617.6 3 1
github.com/scttfrdmn/cargoship/pkg/multiregion/coordinator.go:617.6,618.10 1 1
github.com/scttfrdmn/cargoship/pkg/multiregion/coordinator.go:619.23,620.10 1 1
github.com/scttfrdmn/cargoship/pkg/multiregion/coordinator.go:621.19,622.27 1 0
github.com/scttfrdmn/cargoship/pkg/multiregion/coordinator.go:628.52,631.35 3 0
github.com/scttfrdmn/cargoship/pkg/multiregion/coordinator.go:631.35,633.3 1 0
github.com/scttfrdmn/cargoship/pkg/multiregion/coordinator.go:634.2,636.33 2 0
github.com/scttfrdmn/cargoship/pkg/multiregion/coordinator.go:636.33,637.34 1 0
github.com/scttfrdmn/cargoship/pkg/multiregion/coordinator.go:637.34,638.12 1 0
github.com/scttfrdmn/cargoship/pkg/multiregion/coordinator.go:645.3,648.16 4 0
github.com/scttfrdmn/cargoship/pkg/multiregion/coordinator.go:653.57,657.19 3 1
github.com/scttfrdmn/cargoship/pkg/multiregion/coordinator.go:657.19,659.3 1 0
github.com/scttfrdmn/cargoship/pkg/multiregion/coordinator.go:661.2,664.6 3 1
github.com/scttfrdmn/cargoship/pkg/multiregion/coordinator.go:664.6,665.10 1 1
github.com/scttfrdmn/cargoship/pkg/multiregion/coordinator.go:666.23,667.10 1 1
github.com/scttfrdmn/cargoship/pkg/multiregion/coordinator.go:668.19,669.22 1 0
github.com/scttfrdmn/cargoship/pkg/multiregion/coordinator.go:675.47,680.2 1 0
github.com/scttfrdmn/cargoship/pkg/multiregion/coordinator.go:683.57,687.19 3 1
github.com/scttfrdmn/cargoship/pkg/multiregion/coordinator.go:687.19,689.3 1 0
github.com/scttfrdmn/cargoship/pkg/multiregion/coordinator.go:691.2,694.6 3 1
github.com/scttfrdmn/cargoship/pkg/multiregion/coordinator.go:694.6,695.10 1 1
github.com/scttfrdmn/cargoship/pkg/multiregion/coordinator.go:696.23,697.10 1 1
github.com/scttfrdmn/cargoship/pkg/multiregion/coordinator.go:698.19,699.31 1 0
github.com/scttfrdmn/cargoship/pkg/multiregion/coordinator.go:705.56,710.2 1 0
github.com/scttfrdmn/cargoship/pkg/multiregion/failover.go:106.88,114.2 1 1
github.com/scttfrdmn/cargoship/pkg/multiregion/failover.go:117.102,118.22 1 1
github.com/scttfrdmn/cargoship/pkg/multiregion/failover.go:118.22,120.3 1 1
github.com/scttfrdmn/cargoship/pkg/multiregion/failover.go:122.2,126.13 4 1
github.com/scttfrdmn/cargoship/pkg/multiregion/failover.go:126.13,129.3 1 1
github.com/scttfrdmn/cargoship/pkg/multiregion/failover.go:132.2,132.68 1 1
github.com/scttfrdmn/cargoship/pkg/multiregion/failover.go:132.68,139.3 2 1
github.com/scttfrdmn/cargoship/pkg/multiregion/failover.go:142.2,142.60 1 1
github.com/scttfrdmn/cargoship/pkg/multiregion/failover.go:142.60,148.3 2 0
github.com/scttfrdmn/cargoship/pkg/multiregion/failover.go:151.2,151.86 1 1
github.com/scttfrdmn/cargoship/pkg/multiregion/failover.go:151.86,152.85 1 1
github.com/scttfrdmn/cargoship/pkg/multiregion/failover.go:152.85,154.41 2 1
github.com/scttfrdmn/cargoship/pkg/multiregion/failover.go:154.41,159.5 2 0
github.com/scttfrdmn/cargoship/pkg/multiregion/failover.go:163.2,163.19 1 1
github.com/scttfrdmn/cargoship/pkg/multiregion/failover.go:167.106,168.40 1 1
github.com/scttfrdmn/cargoship/pkg/multiregion/failover.go:168.40,170.3 1 1
github.com/scttfrdmn/cargoship/pkg/multiregion/failover.go:172.2,172.28 1 1
github.com/scttfrdmn/cargoship/pkg/multiregion/failover.go:172.28,174.3 1 1
github.com/scttfrdmn/cargoship/pkg/multiregion/failover.go:177.2,178.46 2 1
github.com/scttfrdmn/cargoship/pkg/multiregion/failover.go:178.46,179.89 1 0
github.com/scttfrdmn/cargoship/pkg/multiregion/failover.go:179.89,182.4 2 0
github.com/scttfrdmn/cargoship/pkg/multiregion/failover.go:184.2,216.16 11 1
github.com/scttfrdmn/cargoship/pkg/multiregion/failover.go:216.16,219.3 2 0
github.com/scttfrdmn/cargoship/pkg/multiregion/failover.go:219.8,221.3 1 1
github.com/scttfrdmn/cargoship/pkg/multiregion/failover.go:222.2,226.16 3 1
github.com/scttfrdmn/cargoship/pkg/multiregion/failover.go:226.16,228.3 1 1
github.com/scttfrdmn/cargoship/pkg/multiregion/failover.go:229.2,232.15 2 1
github.com/scttfrdmn/cargoship/pkg/multiregion/failover.go:232.15,237.3 4 1
github.com/scttfrdmn/cargoship/pkg/multiregion/failover.go:239.2,239.16 1 1
github.com/scttfrdmn/cargoship/pkg/multiregion/failover.go:239.16,246.3 2 0
github.com/scttfrdmn/cargoship/pkg/multiregion/failover.go:248.2,254.12 2 1
github.com/scttfrdmn/cargoship/pkg/multiregion/failover.go:258.100,264.53 4 1
github.com/scttfrdmn/cargoship/pkg/multiregion/failover.go:264.53,266.3 1 1
github.com/scttfrdmn/cargoship/pkg/multiregion/failover.go:268.2,268.20 1 1
github.com/scttfrdmn/cargoship/pkg/multiregion/failover.go:272.67,277.13 4 1
github.com/scttfrdmn/cargoship/pkg/multiregion/failover.go:277.13,280.3 2 1
github.com/scttfrdmn/cargoship/pkg/multiregion/failover.go:282.2,288.29 5 1
github.com/scttfrdmn/cargoship/pkg/multiregion/failover.go:288.29,290.3 1 1
github.com/scttfrdmn/cargoship/pkg/multiregion/failover.go:292.2,296.39 1 1
github.com/scttfrdmn/cargoship/pkg/multiregion/failover.go:300.67,305.13 4 1
github.com/scttfrdmn/cargoship/pkg/multiregion/failover.go:305.13,308.3 2 1
github.com/scttfrdmn/cargoship/pkg/multiregion/failover.go:310.2,315.29 4 1
github.com/scttfrdmn/cargoship/pkg/multiregion/failover.go:315.29,317.3 1 1
github.com/scttfrdmn/cargoship/pkg/multiregion/failover.go:319.2,322.39 1 1
github.com/scttfrdmn/cargoship/pkg/multiregion/failover.go:326.94,329.36 2 1
github.com/scttfrdmn/cargoship/pkg/multiregion/failover.go:330.25,331.47 1 0
github.com/scttfrdmn/cargoship/pkg/multiregion/failover.go:332.24,333.46 1 1
github.com/scttfrdmn/cargoship/pkg/multiregion/failover.go:334.22,335.44 1 0
github.com/scttfrdmn/cargoship/pkg/multiregion/failover.go:336.10,337.81 1 0
github.com/scttfrdmn/cargoship/pkg/multiregion/failover.go:342.95,356.9 2 0
github.com/scttfrdmn/cargoship/pkg/multiregion/failover.go:357.34,358.33 1 0
github.com/scttfrdmn/cargoship/pkg/multiregion/failover.go:359.37,361.8 1 0
github.com/scttfrdmn/cargoship/pkg/multiregion/failover.go:364.2,364.12 1 0
github.com/scttfrdmn/cargoship/pkg/multiregion/failover.go:368.94,383.53 3 1
github.com/scttfrdmn/cargoship/pkg/multiregion/failover.go:383.53,385.3 1 1
github.com/scttfrdmn/cargoship/pkg/multiregion/failover.go:387.2,387.9 1 1
github.com/scttfrdmn/cargoship/pkg/multiregion/failover.go:388.34,389.33 1 0
github.com/scttfrdmn/cargoship/pkg/multiregion/failover.go:390.33,392.8 1 1
github.com/scttfrdmn/cargoship/pkg/multiregion/failover.go:395.2,395.12 1 1
github.com/scttfrdmn/cargoship/pkg/multiregion/failover.go:399.92,413.2 2 0
github.com/scttfrdmn/cargoship/pkg/multiregion/failover.go:416.76,421.46 4 1
github.com/scttfrdmn/cargoship/pkg/multiregion/failover.go:421.46,423.3 1 0
github.com/scttfrdmn/cargoship/pkg/multiregion/failover.go:425.2,425.19 1 1
github.com/scttfrdmn/cargoship/pkg/multiregion/failover.go:429.93,434.13 4 1
github.com/scttfrdmn/cargoship/pkg/multiregion/failover.go:434.13,436.3 1 1
github.com/scttfrdmn/cargoship/pkg/multiregion/failover.go:439.2,446.3 1 1
github.com/scttfrdmn/cargoship/pkg/multiregion/failover.go:450.73,457.2 4 1
github.com/scttfrdmn/cargoship/pkg/multiregion/failover.go:460.77,464.46 3 1
github.com/scttfrdmn/cargoship/pkg/multiregion/failover.go:464.46,465.89 1 0
github.com/scttfrdmn/cargoship/pkg/multiregion/failover.go:465.89,467.4 1 0
github.com/scttfrdmn/cargoship/pkg/multiregion/failover.go:470.2,470.14 1 1
github.com/scttfrdmn/cargoship/pkg/multiregion/load_balancer.go:60.82,67.2 1 1
github.com/scttfrdmn/cargoship/pkg/multiregion/load_balancer.go:70.100,71.20 1 1
github.com/scttfrdmn/cargoship/pkg/multiregion/load_balancer.go:71.20,73.3 1 1
github.com/scttfrdmn/cargoship/pkg/multiregion/load_balancer.go:76.2,77.16 2 1
github.com/scttfrdmn/cargoship/pkg/multiregion/load_balancer.go:77.16,79.3 1 0
github.com/scttfrdmn/cargoship/pkg/multiregion/load_balancer.go:81.2,81.32 1 1
github.com/scttfrdmn/cargoship/pkg/multiregion/load_balancer.go:81.32,83.3 1 1
github.com/scttfrdmn/cargoship/pkg/multiregion/load_balancer.go:86.2,86.44 1 1
github.com/scttfrdmn/cargoship/pkg/multiregion/load_balancer.go:86.44,87.86 1 1
github.com/scttfrdmn/cargoship/pkg/multiregion/load_balancer.go:87.86,92.4 2 1
github.com/scttfrdmn/cargoship/pkg/multiregion/load_balancer.go:96.2,97.16 2 1
github.com/scttfrdmn/cargoship/pkg/multiregion/load_balancer.go:97.16,99.3 1 0
github.com/scttfrdmn/cargoship/pkg/multiregion/load_balancer.go:102.2,102.44 1 1
github.com/scttfrdmn/cargoship/pkg/multiregion/load_balancer.go:102.44,104.3 1 1
github.com/scttfrdmn/cargoship/pkg/multiregion/load_balancer.go:106.2,111.20 2 1
github.com/scttfrdmn/cargoship/pkg/multiregion/load_balancer.go:115.92,118.35 2 1
github.com/scttfrdmn/cargoship/pkg/multiregion/load_balancer.go:118.35,122.84 2 1
github.com/scttfrdmn/cargoship/pkg/multiregion/load_balancer.go:122.84,124.49 1 1
github.com/scttfrdmn/cargoship/pkg/multiregion/load_balancer.go:124.49,126.5 1 1
github.com/scttfrdmn/cargoship/pkg/multiregion/load_balancer.go:130.2,130.30 1 1
github.com/scttfrdmn/cargoship/pkg/multiregion/load_balancer.go:134.118,135.22 1 1
github.com/scttfrdmn/cargoship/pkg/multiregion/load_balancer.go:135.22,137.3 1 1
github.com/scttfrdmn/cargoship/pkg/multiregion/load_balancer.go:140.2,140.35 1 1
github.com/scttfrdmn/cargoship/pkg/multiregion/load_balancer.go:140.35,141.46 1 1
github.com/scttfrdmn/cargoship/pkg/multiregion/load_balancer.go:141.46,150.4 4 1
github.com/scttfrdmn/cargoship/pkg/multiregion/load_balancer.go:153.2,153.56 1 1
github.com/scttfrdmn/cargoship/pkg/multiregion/load_balancer.go:157.129,158.42 1 1
github.com/scttfrdmn/cargoship/pkg/multiregion/load_balancer.go:159.31,160.42 1 1
github.com/scttfrdmn/cargoship/pkg/multiregion/load_balancer.go:161.29,162.40 1 1
github.com/scttfrdmn/cargoship/pkg/multiregion/load_balancer.go:163.28,164.41 1 1
github.com/scttfrdmn/cargoship/pkg/multiregion/load_balancer.go:165.31,166.52 1 1
github.com/scttfrdmn/cargoship/pkg/multiregion/load_balancer.go:167.10,168.42 1 0
github.com/scttfrdmn/cargoship/pkg/multiregion/load_balancer.go:173.75,174.23 1 1
github.com/scttfrdmn/cargoship/pkg/multiregion/load_balancer.go:174.23,176.3 1 0
github.com/scttfrdmn/cargoship/pkg/multiregion/load_balancer.go:178.2,184.23 5 1
github.com/scttfrdmn/cargoship/pkg/multiregion/load_balancer.go:188.73,189.23 1 1
github.com/scttfrdmn/cargoship/pkg/multiregion/load_balancer.go:189.23,191.3 1 0
github.com/scttfrdmn/cargoship/pkg/multiregion/load_balancer.go:194.2,195.33 2 1
github.com/scttfrdmn/cargoship/pkg/multiregion/load_balancer.go:195.33,197.3 1 1
github.com/scttfrdmn/cargoship/pkg/multiregion/load_balancer.go:199.2,199.22 1 1
github.com/scttfrdmn/cargoship/pkg/multiregion/load_balancer.go:199.22,202.3 1 0
github.com/scttfrdmn/cargoship/pkg/multiregion/load_balancer.go:205.2,211.33 5 1
github.com/scttfrdmn/cargoship/pkg/multiregion/load_balancer.go:211.33,213.29 2 1
github.com/scttfrdmn/cargoship/pkg/multiregion/load_balancer.go:213.29,215.4 1 1
github.com/scttfrdmn/cargoship/pkg/multiregion/load_balancer.go:219.2,219.32 1 0
github.com/scttfrdmn/cargoship/pkg/multiregion/load_balancer.go:223.74,224.23 1 1
github.com/scttfrdmn/cargoship/pkg/multiregion/load_balancer.go:224.23,226.3 1 0
github.com/scttfrdmn/cargoship/pkg/multiregion/load_balancer.go:230.2,230.36 1 1
github.com/scttfrdmn/cargoship/pkg/multiregion/load_balancer.go:234.100,235.23 1 1
github.com/scttfrdmn/cargoship/pkg/multiregion/load_balancer.go:235.23,237.3 1 0
github.com/scttfrdmn/cargoship/pkg/multiregion/load_balancer.go:246.2,246.36 1 1
github.com/scttfrdmn/cargoship/pkg/multiregion/load_balancer.go:250.75,251.23 1 1
github.com/scttfrdmn/cargoship/pkg/multiregion/load_balancer.go:251.23,253.3 1 0
github.com/scttfrdmn/cargoship/pkg/multiregion/load_balancer.go:256.2,257.37 2 1
github.com/scttfrdmn/cargoship/pkg/multiregion/load_balancer.go:257.37,258.44 1 1
github.com/scttfrdmn/cargoship/pkg/multiregion/load_balancer.go:258.44,260.4 1 0
github.com/scttfrdmn/cargoship/pkg/multiregion/load_balancer.go:263.2,263.19 1 1
github.com/scttfrdmn/cargoship/pkg/multiregion/load_balancer.go:267.117,270.22 2 1
github.com/scttfrdmn/cargoship/pkg/multiregion/load_balancer.go:270.22,272.3 1 1
github.com/scttfrdmn/cargoship/pkg/multiregion/load_balancer.go:274.2,278.13 4 1
github.com/scttfrdmn/cargoship/pkg/multiregion/load_balancer.go:278.13,280.3 1 1
github.com/scttfrdmn/cargoship/pkg/multiregion/load_balancer.go:283.2,283.73 1 1
github.com/scttfrdmn/cargoship/pkg/multiregion/load_balancer.go:283.73,288.3 4 0
github.com/scttfrdmn/cargoship/pkg/multiregion/load_balancer.go:291.2,291.42 1 1
github.com/scttfrdmn/cargoship/pkg/multiregion/load_balancer.go:291.42,292.41 1 1
github.com/scttfrdmn/cargoship/pkg/multiregion/load_balancer.go:292.41,301.4 6 1
github.com/scttfrdmn/cargoship/pkg/multiregion/load_balancer.go:305.2,309.12 4 0
github.com/scttfrdmn/cargoship/pkg/multiregion/load_balancer.go:313.94,315.22 2 1
github.com/scttfrdmn/cargoship/pkg/multiregion/load_balancer.go:315.22,317.3 1 1
github.com/scttfrdmn/cargoship/pkg/multiregion/load_balancer.go:319.2,327.3 3 1
github.com/scttfrdmn/cargoship/pkg/multiregion/load_balancer.go:331.82,341.2 1 1
github.com/scttfrdmn/cargoship/pkg/multiregion/load_balancer.go:344.57,349.58 4 1
github.com/scttfrdmn/cargoship/pkg/multiregion/load_balancer.go:349.58,350.71 1 1
github.com/scttfrdmn/cargoship/pkg/multiregion/load_balancer.go:350.71,352.4 1 1
github.com/scttfrdmn/cargoship/pkg/multiregion/load_balancer.go:357.81,368.49 7 1
github.com/scttfrdmn/cargoship/pkg/multiregion/load_balancer.go:368.49,371.3 2 1
github.com/scttfrdmn/cargoship/pkg/multiregion/load_balancer.go:373.2,376.14 3 1
github.com/scttfrdmn/cargoship/pkg/multiregion/load_balancer.go:380.79,385.44 4 1
github.com/scttfrdmn/cargoship/pkg/multiregion/load_balancer.go:385.44,388.3 2 0
github.com/scttfrdmn/cargoship/pkg/multiregion/load_balancer.go:390.2,394.14 4 1
github.com/scttfrdmn/cargoship/pkg/multiregion/load_balancer.go:398.73,399.45 1 1
github.com/scttfrdmn/cargoship/pkg/multiregion/load_balancer.go:399.45,401.3 1 0
github.com/scttfrdmn/cargoship/pkg/multiregion/load_balancer.go:403.2,404.35 2 1
github.com/scttfrdmn/cargoship/pkg/multiregion/load_balancer.go:404.35,406.3 1 1
github.com/scttfrdmn/cargoship/pkg/multiregion/load_balancer.go:408.2,411.6 3 1
github.com/scttfrdmn/cargoship/pkg/multiregion/load_balancer.go:411.6,412.10 1 1
github.com/scttfrdmn/cargoship/pkg/multiregion/load_balancer.go:413.21,414.10 1 1
github.com/scttfrdmn/cargoship/pkg/multiregion/load_balancer.go:415.19,416.31 1 0
github.com/scttfrdmn/cargoship/pkg/multiregion/region_selector.go:30.86,36.2 1 1
github.com/scttfrdmn/cargoship/pkg/multiregion/region_selector.go:39.108,40.20 1 1
github.com/scttfrdmn/cargoship/pkg/multiregion/region_selector.go:40.20,42.3 1 1
github.com/scttfrdmn/cargoship/pkg/multiregion/region_selector.go:45.2,46.32 2 1
github.com/scttfrdmn/cargoship/pkg/multiregion/region_selector.go:46.32,48.3 1 1
github.com/scttfrdmn/cargoship/pkg/multiregion/region_selector.go:51.2,51.35 1 1
github.com/scttfrdmn/cargoship/pkg/multiregion/region_selector.go:51.35,52.43 1 1
github.com/scttfrdmn/cargoship/pkg/multiregion/region_selector.go:52.43,53.86 1 1
github.com/scttfrdmn/cargoship/pkg/multiregion/region_selector.go:53.86,58.5 2 1
github.com/scttfrdmn/cargoship/pkg/multiregion/region_selector.go:61.3,63.29 1 1
github.com/scttfrdmn/cargoship/pkg/multiregion/region_selector.go:67.2,67.65 1 1
github.com/scttfrdmn/cargoship/pkg/multiregion/region_selector.go:71.122,72.20 1 1
github.com/scttfrdmn/cargoship/pkg/multiregion/region_selector.go:72.20,74.3 1 0
github.com/scttfrdmn/cargoship/pkg/multiregion/region_selector.go:76.2,76.16 1 1
github.com/scttfrdmn/cargoship/pkg/multiregion/region_selector.go:76.16,78.3 1 1
github.com/scttfrdmn/cargoship/pkg/multiregion/region_selector.go:81.2,82.32 2 1
github.com/scttfrdmn/cargoship/pkg/multiregion/region_selector.go:82.32,84.3 1 0
github.com/scttfrdmn/cargoship/pkg/multiregion/region_selector.go:87.2,87.35 1 1
github.com/scttfrdmn/cargoship/pkg/multiregion/region_selector.go:87.35,89.3 1 1
github.com/scttfrdmn/cargoship/pkg/multiregion/region_selector.go:92.2,95.35 2 1
github.com/scttfrdmn/cargoship/pkg/multiregion/region_selector.go:95.35,96.43 1 1
github.com/scttfrdmn/cargoship/pkg/multiregion/region_selector.go:96.43,97.86 1 1
github.com/scttfrdmn/cargoship/pkg/multiregion/region_selector.go:97.86,100.10 3 1
github.com/scttfrdmn/cargoship/pkg/multiregion/region_selector.go:106.2,110.41 3 1
github.com/scttfrdmn/cargoship/pkg/multiregion/region_selector.go:110.41,112.3 1 1
github.com/scttfrdmn/cargoship/pkg/multiregion/region_selector.go:114.2,114.42 1 1
github.com/scttfrdmn/cargoship/pkg/multiregion/region_selector.go:114.42,115.30 1 1
github.com/scttfrdmn/cargoship/pkg/multiregion/region_selector.go:115.30,118.4 2 1
github.com/scttfrdmn/cargoship/pkg/multiregion/region_selector.go:121.2,121.29 1 1
github.com/scttfrdmn/cargoship/pkg/multiregion/region_selector.go:125.122,138.2 5 1
github.com/scttfrdmn/cargoship/pkg/multiregion/region_selector.go:141.65,144.34 2 1
github.com/scttfrdmn/cargoship/pkg/multiregion/region_selector.go:144.34,146.84 2 1
github.com/scttfrdmn/cargoship/pkg/multiregion/region_selector.go:146.84,148.4 1 1
github.com/scttfrdmn/cargoship/pkg/multiregion/region_selector.go:151.2,151.25 1 1
github.com/scttfrdmn/cargoship/pkg/multiregion/region_selector.go:155.137,156.41 1 1
github.com/scttfrdmn/cargoship/pkg/multiregion/region_selector.go:157.31,158.42 1 1
github.com/scttfrdmn/cargoship/pkg/multiregion/region_selector.go:159.29,160.40 1 1
github.com/scttfrdmn/cargoship/pkg/multiregion/region_selector.go:161.28,162.41 1 1
github.com/scttfrdmn/cargoship/pkg/multiregion/region_selector.go:163.31,164.52 1 1
github.com/scttfrdmn/cargoship/pkg/multiregion/region_selector.go:165.10,166.42 1 0
github.com/scttfrdmn/cargoship/pkg/multiregion/region_selector.go:171.77,172.23 1 1
github.com/scttfrdmn/cargoship/pkg/multiregion/region_selector.go:172.23,174.3 1 0
github.com/scttfrdmn/cargoship/pkg/multiregion/region_selector.go:178.2,179.23 2 1
github.com/scttfrdmn/cargoship/pkg/multiregion/region_selector.go:183.75,184.23 1 1
github.com/scttfrdmn/cargoship/pkg/multiregion/region_selector.go:184.23,186.3 1 0
github.com/scttfrdmn/cargoship/pkg/multiregion/region_selector.go:189.2,190.33 2 1
github.com/scttfrdmn/cargoship/pkg/multiregion/region_selector.go:190.33,192.3 1 1
github.com/scttfrdmn/cargoship/pkg/multiregion/region_selector.go:194.2,194.22 1 1
github.com/scttfrdmn/cargoship/pkg/multiregion/region_selector.go:194.22,197.3 1 1
github.com/scttfrdmn/cargoship/pkg/multiregion/region_selector.go:201.2,204.33 3 1
github.com/scttfrdmn/cargoship/pkg/multiregion/region_selector.go:204.33,206.29 2 1
github.com/scttfrdmn/cargoship/pkg/multiregion/region_selector.go:206.29,208.4 1 1
github.com/scttfrdmn/cargoship/pkg/multiregion/region_selector.go:211.2,211.19 1 0
github.com/scttfrdmn/cargoship/pkg/multiregion/region_selector.go:215.76,216.23 1 1
github.com/scttfrdmn/cargoship/pkg/multiregion/region_selector.go:216.23,218.3 1 0
github.com/scttfrdmn/cargoship/pkg/multiregion/region_selector.go:220.2,226.33 5 1
github.com/scttfrdmn/cargoship/pkg/multiregion/region_selector.go:226.33,227.62 1 1
github.com/scttfrdmn/cargoship/pkg/multiregion/region_selector.go:227.62,228.46 1 1
github.com/scttfrdmn/cargoship/pkg/multiregion/region_selector.go:228.46,231.5 2 1
github.com/scttfrdmn/cargoship/pkg/multiregion/region_selector.go:235.2,235.19 1 1
github.com/scttfrdmn/cargoship/pkg/multiregion/region_selector.go:239.102,240.23 1 1
github.com/scttfrdmn/cargoship/pkg/multiregion/region_selector.go:240.23,242.3 1 0
github.com/scttfrdmn/cargoship/pkg/multiregion/region_selector.go:246.2,246.36 1 1
github.com/scttfrdmn/cargoship/pkg/multiregion/region_selector.go:250.77,251.23 1 1
github.com/scttfrdmn/cargoship/pkg/multiregion/region_selector.go:251.23,253.3 1 0
github.com/scttfrdmn/cargoship/pkg/multiregion/region_selector.go:256.2,259.48 3 1
github.com/scttfrdmn/cargoship/pkg/multiregion/region_selector.go:259.48,261.3 1 1
github.com/scttfrdmn/cargoship/pkg/multiregion/region_selector.go:263.2,263.25 1 1
github.com/scttfrdmn/cargoship/pkg/multiregion/region_selector.go:267.136,268.37 1 1
github.com/scttfrdmn/cargoship/pkg/multiregion/region_selector.go:268.37,270.3 1 1
github.com/scttfrdmn/cargoship/pkg/multiregion/region_selector.go:273.2,277.41 3 1
github.com/scttfrdmn/cargoship/pkg/multiregion/region_selector.go:278.28,279.43 1 0
github.com/scttfrdmn/cargoship/pkg/multiregion/region_selector.go:280.29,281.42 1 0
github.com/scttfrdmn/cargoship/pkg/multiregion/region_selector.go:282.10,283.44 1 1
github.com/scttfrdmn/cargoship/pkg/multiregion/region_selector.go:287.2,287.35 1 1
github.com/scttfrdmn/cargoship/pkg/multiregion/region_selector.go:287.35,289.3 1 0
github.com/scttfrdmn/cargoship/pkg/multiregion/region_selector.go:291.2,291.33 1 1
github.com/scttfrdmn/cargoship/pkg/multiregion/region_selector.go:295.73,299.42 3 1
github.com/scttfrdmn/cargoship/pkg/multiregion/region_selector.go:299.42,303.27 3 1
github.com/scttfrdmn/cargoship/pkg/multiregion/region_selector.go:303.27,305.4 1 0
github.com/scttfrdmn/cargoship/pkg/multiregion/region_selector.go:306.3,306.15 1 1
github.com/scttfrdmn/cargoship/pkg/multiregion/region_selector.go:306.15,308.4 1 0
github.com/scttfrdmn/cargoship/pkg/multiregion/region_selector.go:309.3,309.15 1 1
github.com/scttfrdmn/cargoship/pkg/multiregion/region_selector.go:309.15,311.4 1 0
github.com/scttfrdmn/cargoship/pkg/multiregion/region_selector.go:313.3,313.63 1 1
github.com/scttfrdmn/cargoship/pkg/multiregion/region_selector.go:318.72,319.42 1 1
github.com/scttfrdmn/cargoship/pkg/multiregion/region_selector.go:319.42,320.45 1 1
github.com/scttfrdmn/cargoship/pkg/multiregion/region_selector.go:320.45,322.4 1 0
github.com/scttfrdmn/cargoship/pkg/multiregion/region_selector.go:323.3,323.47 1 1
github.com/scttfrdmn/cargoship/pkg/multiregion/region_selector.go:328.74,329.42 1 1
github.com/scttfrdmn/cargoship/pkg/multiregion/region_selector.go:329.42,331.3 1 1
github.com/scttfrdmn/cargoship/pkg/multiregion/s3_transporter.go:60.140,61.19 1 1
github.com/scttfrdmn/cargoship/pkg/multiregion/s3_transporter.go:61.19,63.3 1 1
github.com/scttfrdmn/cargoship/pkg/multiregion/s3_transporter.go:65.2,65.19 1 1
github.com/scttfrdmn/cargoship/pkg/multiregion/s3_transporter.go:65.19,67.3 1 1
github.com/scttfrdmn/cargoship/pkg/multiregion/s3_transporter.go:70.2,72.16 3 1
github.com/scttfrdmn/cargoship/pkg/multiregion/s3_transporter.go:72.16,74.3 1 1
github.com/scttfrdmn/cargoship/pkg/multiregion/s3_transporter.go:76.2,86.16 3 1
github.com/scttfrdmn/cargoship/pkg/multiregion/s3_transporter.go:86.16,88.3 1 0
github.com/scttfrdmn/cargoship/pkg/multiregion/s3_transporter.go:90.2,95.15 2 1
github.com/scttfrdmn/cargoship/pkg/multiregion/s3_transporter.go:99.133,100.20 1 1
github.com/scttfrdmn/cargoship/pkg/multiregion/s3_transporter.go:100.20,102.3 1 1
github.com/scttfrdmn/cargoship/pkg/multiregion/s3_transporter.go:104.2,104.34 1 1
github.com/scttfrdmn/cargoship/pkg/multiregion/s3_transporter.go:104.34,110.3 1 1
github.com/scttfrdmn/cargoship/pkg/multiregion/s3_transporter.go:112.2,119.62 2 1
github.com/scttfrdmn/cargoship/pkg/multiregion/s3_transporter.go:119.62,121.3 1 0
github.com/scttfrdmn/cargoship/pkg/multiregion/s3_transporter.go:121.8,123.3 1 1
github.com/scttfrdmn/cargoship/pkg/multiregion/s3_transporter.go:127.139,130.16 2 1
github.com/scttfrdmn/cargoship/pkg/multiregion/s3_transporter.go:130.16,132.3 1 0
github.com/scttfrdmn/cargoship/pkg/multiregion/s3_transporter.go:135.2,136.16 2 1
github.com/scttfrdmn/cargoship/pkg/multiregion/s3_transporter.go:136.16,138.3 1 0
github.com/scttfrdmn/cargoship/pkg/multiregion/s3_transporter.go:141.2,142.16 2 1
github.com/scttfrdmn/cargoship/pkg/multiregion/s3_transporter.go:142.16,144.38 1 1
github.com/scttfrdmn/cargoship/pkg/multiregion/s3_transporter.go:144.38,146.4 1 1
github.com/scttfrdmn/cargoship/pkg/multiregion/s3_transporter.go:147.3,147.79 1 0
github.com/scttfrdmn/cargoship/pkg/multiregion/s3_transporter.go:150.2,158.8 1 0
github.com/scttfrdmn/cargoship/pkg/multiregion/s3_transporter.go:162.142,166.16 3 1
github.com/scttfrdmn/cargoship/pkg/multiregion/s3_transporter.go:166.16,168.3 1 0
github.com/scttfrdmn/cargoship/pkg/multiregion/s3_transporter.go:170.2,184.33 4 1
github.com/scttfrdmn/cargoship/pkg/multiregion/s3_transporter.go:184.33,185.22 1 1
github.com/scttfrdmn/cargoship/pkg/multiregion/s3_transporter.go:185.22,187.18 2 1
github.com/scttfrdmn/cargoship/pkg/multiregion/s3_transporter.go:187.18,190.5 2 0
github.com/scttfrdmn/cargoship/pkg/multiregion/s3_transporter.go:192.4,193.73 2 1
github.com/scttfrdmn/cargoship/pkg/multiregion/s3_transporter.go:198.2,204.36 6 1
github.com/scttfrdmn/cargoship/pkg/multiregion/s3_transporter.go:204.36,207.25 2 1
github.com/scttfrdmn/cargoship/pkg/multiregion/s3_transporter.go:207.25,213.4 3 1
github.com/scttfrdmn/cargoship/pkg/multiregion/s3_transporter.go:213.9,218.29 4 0
github.com/scttfrdmn/cargoship/pkg/multiregion/s3_transporter.go:218.29,220.5 1 0
github.com/scttfrdmn/cargoship/pkg/multiregion/s3_transporter.go:222.4,225.41 1 0
github.com/scttfrdmn/cargoship/pkg/multiregion/s3_transporter.go:230.2,230.23 1 1
github.com/scttfrdmn/cargoship/pkg/multiregion/s3_transporter.go:230.23,232.3 1 1
github.com/scttfrdmn/cargoship/pkg/multiregion/s3_transporter.go:234.2,235.33 2 0
github.com/scttfrdmn/cargoship/pkg/multiregion/s3_transporter.go:235.33,237.3 1 0
github.com/scttfrdmn/cargoship/pkg/multiregion/s3_transporter.go:239.2,239.66 1 0
github.com/scttfrdmn/cargoship/pkg/multiregion/s3_transporter.go:239.66,242.3 1 0
github.com/scttfrdmn/cargoship/pkg/multiregion/s3_transporter.go:245.2,247.39 3 0
github.com/scttfrdmn/cargoship/pkg/multiregion/s3_transporter.go:247.39,248.36 1 0
github.com/scttfrdmn/cargoship/pkg/multiregion/s3_transporter.go:248.36,250.4 1 0
github.com/scttfrdmn/cargoship/pkg/multiregion/s3_transporter.go:251.3,251.22 1 0
github.com/scttfrdmn/cargoship/pkg/multiregion/s3_transporter.go:251.22,253.4 1 0
github.com/scttfrdmn/cargoship/pkg/multiregion/s3_transporter.go:256.2,270.8 1 0
github.com/scttfrdmn/cargoship/pkg/multiregion/s3_transporter.go:274.185,283.63 3 1
github.com/scttfrdmn/cargoship/pkg/multiregion/s3_transporter.go:283.63,288.17 3 1
github.com/scttfrdmn/cargoship/pkg/multiregion/s3_transporter.go:288.17,289.12 1 0
github.com/scttfrdmn/cargoship/pkg/multiregion/s3_transporter.go:292.3,292.34 1 1
github.com/scttfrdmn/cargoship/pkg/multiregion/s3_transporter.go:292.34,293.12 1 1
github.com/scttfrdmn/cargoship/pkg/multiregion/s3_transporter.go:297.3,297.33 1 1
github.com/scttfrdmn/cargoship/pkg/multiregion/s3_transporter.go:297.33,299.4 1 1
github.com/scttfrdmn/cargoship/pkg/multiregion/s3_transporter.go:301.3,302.17 2 1
github.com/scttfrdmn/cargoship/pkg/multiregion/s3_transporter.go:302.17,306.12 2 0
github.com/scttfrdmn/cargoship/pkg/multiregion/s3_transporter.go:309.3,310.17 2 1
github.com/scttfrdmn/cargoship/pkg/multiregion/s3_transporter.go:310.17,315.12 2 1
github.com/scttfrdmn/cargoship/pkg/multiregion/s3_transporter.go:318.3,339.9 2 0
github.com/scttfrdmn/cargoship/pkg/multiregion/s3_transporter.go:342.2,343.44 1 1
github.com/scttfrdmn/cargoship/pkg/multiregion/s3_transporter.go:347.187,349.24 1 1
github.com/scttfrdmn/cargoship/pkg/multiregion/s3_transporter.go:349.24,351.3 1 1
github.com/scttfrdmn/cargoship/pkg/multiregion/s3_transporter.go:353.2,353.52 1 0
github.com/scttfrdmn/cargoship/pkg/multiregion/s3_transporter.go:357.118,362.13 4 1
github.com/scttfrdmn/cargoship/pkg/multiregion/s3_transporter.go:362.13,364.3 1 1
github.com/scttfrdmn/cargoship/pkg/multiregion/s3_transporter.go:366.2,366.25 1 1
github.com/scttfrdmn/cargoship/pkg/multiregion/s3_transporter.go:370.92,371.42 1 1
github.com/scttfrdmn/cargoship/pkg/multiregion/s3_transporter.go:371.42,374.17 2 1
github.com/scttfrdmn/cargoship/pkg/multiregion/s3_transporter.go:374.17,376.4 1 0
github.com/scttfrdmn/cargoship/pkg/multiregion/s3_transporter.go:379.3,387.28 5 1
github.com/scttfrdmn/cargoship/pkg/multiregion/s3_transporter.go:387.28,389.4 1 0
github.com/scttfrdmn/cargoship/pkg/multiregion/s3_transporter.go:391.3,392.17 2 1
github.com/scttfrdmn/cargoship/pkg/multiregion/s3_transporter.go:392.17,394.4 1 0
github.com/scttfrdmn/cargoship/pkg/multiregion/s3_transporter.go:396.3,400.64 2 1
github.com/scttfrdmn/cargoship/pkg/multiregion/s3_transporter.go:403.2,403.12 1 1
github.com/scttfrdmn/cargoship/pkg/multiregion/s3_transporter.go:407.72,411.26 2 1
github.com/scttfrdmn/cargoship/pkg/multiregion/s3_transporter.go:411.26,413.17 2 1
github.com/scttfrdmn/cargoship/pkg/multiregion/s3_transporter.go:413.17,415.4 1 0
github.com/scttfrdmn/cargoship/pkg/multiregion/s3_transporter.go:419.2,422.50 3 1
github.com/scttfrdmn/cargoship/pkg/multiregion/s3_transporter.go:422.50,423.25 1 1
github.com/scttfrdmn/cargoship/pkg/multiregion/s3_transporter.go:423.25,427.4 1 1
github.com/scttfrdmn/cargoship/pkg/multiregion/s3_transporter.go:430.2,431.12 2 1
github.com/scttfrdmn/cargoship/pkg/multiregion/s3_transporter.go:435.56,444.2 1 1
github.com/scttfrdmn/cargoship/pkg/multiregion/s3_transporter.go:447.52,503.2 1 1
