mode: set
github.com/scttfrdmn/cargoship/pkg/aws/s3/adaptive.go:90.86,91.30 1 1
github.com/scttfrdmn/cargoship/pkg/aws/s3/adaptive.go:91.30,93.3 1 1
github.com/scttfrdmn/cargoship/pkg/aws/s3/adaptive.go:94.2,94.30 1 1
github.com/scttfrdmn/cargoship/pkg/aws/s3/adaptive.go:94.30,96.3 1 1
github.com/scttfrdmn/cargoship/pkg/aws/s3/adaptive.go:97.2,97.34 1 1
github.com/scttfrdmn/cargoship/pkg/aws/s3/adaptive.go:97.34,99.3 1 1
github.com/scttfrdmn/cargoship/pkg/aws/s3/adaptive.go:100.2,100.32 1 1
github.com/scttfrdmn/cargoship/pkg/aws/s3/adaptive.go:100.32,102.3 1 1
github.com/scttfrdmn/cargoship/pkg/aws/s3/adaptive.go:103.2,103.36 1 1
github.com/scttfrdmn/cargoship/pkg/aws/s3/adaptive.go:103.36,105.3 1 1
github.com/scttfrdmn/cargoship/pkg/aws/s3/adaptive.go:106.2,106.32 1 1
github.com/scttfrdmn/cargoship/pkg/aws/s3/adaptive.go:106.32,108.3 1 1
github.com/scttfrdmn/cargoship/pkg/aws/s3/adaptive.go:110.2,120.3 1 1
github.com/scttfrdmn/cargoship/pkg/aws/s3/adaptive.go:124.96,135.44 5 1
github.com/scttfrdmn/cargoship/pkg/aws/s3/adaptive.go:135.44,137.3 1 0
github.com/scttfrdmn/cargoship/pkg/aws/s3/adaptive.go:140.2,143.36 2 1
github.com/scttfrdmn/cargoship/pkg/aws/s3/adaptive.go:147.73,148.9 1 1
github.com/scttfrdmn/cargoship/pkg/aws/s3/adaptive.go:149.32,150.25 1 1
github.com/scttfrdmn/cargoship/pkg/aws/s3/adaptive.go:151.33,152.26 1 1
github.com/scttfrdmn/cargoship/pkg/aws/s3/adaptive.go:153.36,154.26 1 1
github.com/scttfrdmn/cargoship/pkg/aws/s3/adaptive.go:155.10,156.26 1 0
github.com/scttfrdmn/cargoship/pkg/aws/s3/adaptive.go:161.77,166.20 3 1
github.com/scttfrdmn/cargoship/pkg/aws/s3/adaptive.go:166.20,168.3 1 1
github.com/scttfrdmn/cargoship/pkg/aws/s3/adaptive.go:171.2,172.9 2 1
github.com/scttfrdmn/cargoship/pkg/aws/s3/adaptive.go:173.23,174.28 1 0
github.com/scttfrdmn/cargoship/pkg/aws/s3/adaptive.go:175.23,176.29 1 0
github.com/scttfrdmn/cargoship/pkg/aws/s3/adaptive.go:177.24,178.28 1 1
github.com/scttfrdmn/cargoship/pkg/aws/s3/adaptive.go:179.10,180.28 1 0
github.com/scttfrdmn/cargoship/pkg/aws/s3/adaptive.go:184.2,185.9 2 1
github.com/scttfrdmn/cargoship/pkg/aws/s3/adaptive.go:186.38,187.26 1 0
github.com/scttfrdmn/cargoship/pkg/aws/s3/adaptive.go:188.38,189.26 1 0
github.com/scttfrdmn/cargoship/pkg/aws/s3/adaptive.go:190.10,191.26 1 1
github.com/scttfrdmn/cargoship/pkg/aws/s3/adaptive.go:194.2,195.24 2 1
github.com/scttfrdmn/cargoship/pkg/aws/s3/adaptive.go:199.91,202.21 2 1
github.com/scttfrdmn/cargoship/pkg/aws/s3/adaptive.go:203.46,205.19 1 1
github.com/scttfrdmn/cargoship/pkg/aws/s3/adaptive.go:206.32,208.19 1 1
github.com/scttfrdmn/cargoship/pkg/aws/s3/adaptive.go:209.33,211.19 1 1
github.com/scttfrdmn/cargoship/pkg/aws/s3/adaptive.go:212.40,214.19 1 1
github.com/scttfrdmn/cargoship/pkg/aws/s3/adaptive.go:215.34,217.19 1 1
github.com/scttfrdmn/cargoship/pkg/aws/s3/adaptive.go:220.2,220.46 1 1
github.com/scttfrdmn/cargoship/pkg/aws/s3/adaptive.go:224.87,230.51 4 1
github.com/scttfrdmn/cargoship/pkg/aws/s3/adaptive.go:230.51,231.60 1 1
github.com/scttfrdmn/cargoship/pkg/aws/s3/adaptive.go:231.60,233.4 1 1
github.com/scttfrdmn/cargoship/pkg/aws/s3/adaptive.go:236.2,236.31 1 1
github.com/scttfrdmn/cargoship/pkg/aws/s3/adaptive.go:236.31,238.3 1 1
github.com/scttfrdmn/cargoship/pkg/aws/s3/adaptive.go:241.2,242.42 2 1
github.com/scttfrdmn/cargoship/pkg/aws/s3/adaptive.go:242.42,244.3 1 1
github.com/scttfrdmn/cargoship/pkg/aws/s3/adaptive.go:246.2,251.16 3 1
github.com/scttfrdmn/cargoship/pkg/aws/s3/adaptive.go:255.61,256.34 1 1
github.com/scttfrdmn/cargoship/pkg/aws/s3/adaptive.go:256.34,258.3 1 1
github.com/scttfrdmn/cargoship/pkg/aws/s3/adaptive.go:259.2,259.34 1 1
github.com/scttfrdmn/cargoship/pkg/aws/s3/adaptive.go:259.34,261.3 1 1
github.com/scttfrdmn/cargoship/pkg/aws/s3/adaptive.go:262.2,262.13 1 1
github.com/scttfrdmn/cargoship/pkg/aws/s3/adaptive.go:266.93,274.9 4 1
github.com/scttfrdmn/cargoship/pkg/aws/s3/adaptive.go:275.23,276.22 1 1
github.com/scttfrdmn/cargoship/pkg/aws/s3/adaptive.go:277.23,278.22 1 0
github.com/scttfrdmn/cargoship/pkg/aws/s3/adaptive.go:279.24,280.22 1 1
github.com/scttfrdmn/cargoship/pkg/aws/s3/adaptive.go:281.10,282.44 1 0
github.com/scttfrdmn/cargoship/pkg/aws/s3/adaptive.go:286.2,286.33 1 1
github.com/scttfrdmn/cargoship/pkg/aws/s3/adaptive.go:286.33,288.3 1 0
github.com/scttfrdmn/cargoship/pkg/aws/s3/adaptive.go:291.2,292.28 2 1
github.com/scttfrdmn/cargoship/pkg/aws/s3/adaptive.go:292.28,295.56 2 0
github.com/scttfrdmn/cargoship/pkg/aws/s3/adaptive.go:295.56,297.4 1 0
github.com/scttfrdmn/cargoship/pkg/aws/s3/adaptive.go:300.2,300.24 1 1
github.com/scttfrdmn/cargoship/pkg/aws/s3/adaptive.go:304.70,312.65 4 1
github.com/scttfrdmn/cargoship/pkg/aws/s3/adaptive.go:312.65,314.3 1 0
github.com/scttfrdmn/cargoship/pkg/aws/s3/adaptive.go:316.2,319.27 2 1
github.com/scttfrdmn/cargoship/pkg/aws/s3/adaptive.go:323.52,325.23 2 1
github.com/scttfrdmn/cargoship/pkg/aws/s3/adaptive.go:325.23,327.3 1 0
github.com/scttfrdmn/cargoship/pkg/aws/s3/adaptive.go:329.2,333.33 4 1
github.com/scttfrdmn/cargoship/pkg/aws/s3/adaptive.go:333.33,334.21 1 1
github.com/scttfrdmn/cargoship/pkg/aws/s3/adaptive.go:334.21,338.4 3 1
github.com/scttfrdmn/cargoship/pkg/aws/s3/adaptive.go:341.2,341.22 1 1
github.com/scttfrdmn/cargoship/pkg/aws/s3/adaptive.go:341.22,344.3 2 1
github.com/scttfrdmn/cargoship/pkg/aws/s3/adaptive.go:348.71,361.65 7 1
github.com/scttfrdmn/cargoship/pkg/aws/s3/adaptive.go:361.65,363.3 1 0
github.com/scttfrdmn/cargoship/pkg/aws/s3/adaptive.go:365.2,370.49 1 1
github.com/scttfrdmn/cargoship/pkg/aws/s3/adaptive.go:374.86,375.67 1 1
github.com/scttfrdmn/cargoship/pkg/aws/s3/adaptive.go:375.67,377.3 1 0
github.com/scttfrdmn/cargoship/pkg/aws/s3/adaptive.go:380.2,383.49 3 1
github.com/scttfrdmn/cargoship/pkg/aws/s3/adaptive.go:383.49,384.64 1 1
github.com/scttfrdmn/cargoship/pkg/aws/s3/adaptive.go:384.64,387.4 2 1
github.com/scttfrdmn/cargoship/pkg/aws/s3/adaptive.go:390.2,390.21 1 1
github.com/scttfrdmn/cargoship/pkg/aws/s3/adaptive.go:394.90,396.21 1 1
github.com/scttfrdmn/cargoship/pkg/aws/s3/adaptive.go:396.21,398.3 1 1
github.com/scttfrdmn/cargoship/pkg/aws/s3/adaptive.go:399.2,399.38 1 1
github.com/scttfrdmn/cargoship/pkg/aws/s3/adaptive.go:403.83,404.35 1 1
github.com/scttfrdmn/cargoship/pkg/aws/s3/adaptive.go:404.35,406.3 1 1
github.com/scttfrdmn/cargoship/pkg/aws/s3/adaptive.go:409.2,410.49 2 1
github.com/scttfrdmn/cargoship/pkg/aws/s3/adaptive.go:410.49,412.3 1 1
github.com/scttfrdmn/cargoship/pkg/aws/s3/adaptive.go:413.2,415.9 2 1
github.com/scttfrdmn/cargoship/pkg/aws/s3/adaptive.go:416.27,417.16 1 1
github.com/scttfrdmn/cargoship/pkg/aws/s3/adaptive.go:418.27,419.16 1 1
github.com/scttfrdmn/cargoship/pkg/aws/s3/adaptive.go:420.28,421.16 1 1
github.com/scttfrdmn/cargoship/pkg/aws/s3/adaptive.go:422.10,423.21 1 1
github.com/scttfrdmn/cargoship/pkg/aws/s3/adaptive.go:428.67,432.40 3 1
github.com/scttfrdmn/cargoship/pkg/aws/s3/adaptive.go:432.40,434.3 1 1
github.com/scttfrdmn/cargoship/pkg/aws/s3/adaptive.go:437.2,441.51 4 1
github.com/scttfrdmn/cargoship/pkg/aws/s3/adaptive.go:441.51,442.23 1 1
github.com/scttfrdmn/cargoship/pkg/aws/s3/adaptive.go:442.23,443.12 1 1
github.com/scttfrdmn/cargoship/pkg/aws/s3/adaptive.go:447.3,451.24 4 1
github.com/scttfrdmn/cargoship/pkg/aws/s3/adaptive.go:454.2,454.21 1 1
github.com/scttfrdmn/cargoship/pkg/aws/s3/adaptive.go:454.21,456.3 1 1
github.com/scttfrdmn/cargoship/pkg/aws/s3/adaptive.go:458.2,458.10 1 0
github.com/scttfrdmn/cargoship/pkg/aws/s3/adaptive.go:462.57,465.9 2 1
github.com/scttfrdmn/cargoship/pkg/aws/s3/adaptive.go:466.23,467.16 1 1
github.com/scttfrdmn/cargoship/pkg/aws/s3/adaptive.go:468.23,469.16 1 1
github.com/scttfrdmn/cargoship/pkg/aws/s3/adaptive.go:470.24,471.16 1 1
github.com/scttfrdmn/cargoship/pkg/aws/s3/adaptive.go:472.10,473.21 1 1
github.com/scttfrdmn/cargoship/pkg/aws/s3/adaptive.go:478.57,482.2 3 1
github.com/scttfrdmn/cargoship/pkg/aws/s3/adaptive.go:485.61,489.2 3 1
github.com/scttfrdmn/cargoship/pkg/aws/s3/adaptive.go:492.106,504.2 3 1
github.com/scttfrdmn/cargoship/pkg/aws/s3/adaptive.go:517.109,519.20 2 1
github.com/scttfrdmn/cargoship/pkg/aws/s3/adaptive.go:519.20,521.3 1 1
github.com/scttfrdmn/cargoship/pkg/aws/s3/adaptive.go:524.2,529.63 3 1
github.com/scttfrdmn/cargoship/pkg/aws/s3/adaptive.go:533.58,542.2 5 1
github.com/scttfrdmn/cargoship/pkg/aws/s3/adaptive.go:545.127,555.2 2 1
github.com/scttfrdmn/cargoship/pkg/aws/s3/adaptive.go:558.24,559.11 1 1
github.com/scttfrdmn/cargoship/pkg/aws/s3/adaptive.go:559.11,561.3 1 1
github.com/scttfrdmn/cargoship/pkg/aws/s3/adaptive.go:562.2,562.10 1 1
github.com/scttfrdmn/cargoship/pkg/aws/s3/adaptive_transporter.go:56.184,57.19 1 1
github.com/scttfrdmn/cargoship/pkg/aws/s3/adaptive_transporter.go:57.19,59.3 1 1
github.com/scttfrdmn/cargoship/pkg/aws/s3/adaptive_transporter.go:61.2,61.19 1 1
github.com/scttfrdmn/cargoship/pkg/aws/s3/adaptive_transporter.go:61.19,63.3 1 1
github.com/scttfrdmn/cargoship/pkg/aws/s3/adaptive_transporter.go:66.2,67.16 2 1
github.com/scttfrdmn/cargoship/pkg/aws/s3/adaptive_transporter.go:67.16,69.3 1 0
github.com/scttfrdmn/cargoship/pkg/aws/s3/adaptive_transporter.go:71.2,79.37 2 1
github.com/scttfrdmn/cargoship/pkg/aws/s3/adaptive_transporter.go:79.37,94.17 6 1
github.com/scttfrdmn/cargoship/pkg/aws/s3/adaptive_transporter.go:94.17,96.4 1 0
github.com/scttfrdmn/cargoship/pkg/aws/s3/adaptive_transporter.go:98.3,101.60 1 1
github.com/scttfrdmn/cargoship/pkg/aws/s3/adaptive_transporter.go:102.8,104.3 1 1
github.com/scttfrdmn/cargoship/pkg/aws/s3/adaptive_transporter.go:106.2,106.16 1 1
github.com/scttfrdmn/cargoship/pkg/aws/s3/adaptive_transporter.go:110.68,119.2 1 1
github.com/scttfrdmn/cargoship/pkg/aws/s3/adaptive_transporter.go:122.82,124.52 1 1
github.com/scttfrdmn/cargoship/pkg/aws/s3/adaptive_transporter.go:124.52,126.3 1 0
github.com/scttfrdmn/cargoship/pkg/aws/s3/adaptive_transporter.go:129.2,129.57 1 1
github.com/scttfrdmn/cargoship/pkg/aws/s3/adaptive_transporter.go:129.57,131.3 1 0
github.com/scttfrdmn/cargoship/pkg/aws/s3/adaptive_transporter.go:134.2,134.57 1 1
github.com/scttfrdmn/cargoship/pkg/aws/s3/adaptive_transporter.go:134.57,136.3 1 0
github.com/scttfrdmn/cargoship/pkg/aws/s3/adaptive_transporter.go:138.2,138.12 1 1
github.com/scttfrdmn/cargoship/pkg/aws/s3/adaptive_transporter.go:142.59,144.105 1 1
github.com/scttfrdmn/cargoship/pkg/aws/s3/adaptive_transporter.go:144.105,146.3 1 0
github.com/scttfrdmn/cargoship/pkg/aws/s3/adaptive_transporter.go:149.2,149.141 1 1
github.com/scttfrdmn/cargoship/pkg/aws/s3/adaptive_transporter.go:149.141,151.3 1 0
github.com/scttfrdmn/cargoship/pkg/aws/s3/adaptive_transporter.go:154.2,154.128 1 1
github.com/scttfrdmn/cargoship/pkg/aws/s3/adaptive_transporter.go:154.128,156.3 1 0
github.com/scttfrdmn/cargoship/pkg/aws/s3/adaptive_transporter.go:160.114,185.34 6 1
github.com/scttfrdmn/cargoship/pkg/aws/s3/adaptive_transporter.go:185.34,187.17 2 0
github.com/scttfrdmn/cargoship/pkg/aws/s3/adaptive_transporter.go:187.17,189.4 1 0
github.com/scttfrdmn/cargoship/pkg/aws/s3/adaptive_transporter.go:193.2,198.16 3 1
github.com/scttfrdmn/cargoship/pkg/aws/s3/adaptive_transporter.go:198.16,200.3 1 0
github.com/scttfrdmn/cargoship/pkg/aws/s3/adaptive_transporter.go:202.2,209.20 2 1
github.com/scttfrdmn/cargoship/pkg/aws/s3/adaptive_transporter.go:213.124,222.34 4 1
github.com/scttfrdmn/cargoship/pkg/aws/s3/adaptive_transporter.go:222.34,224.3 1 1
github.com/scttfrdmn/cargoship/pkg/aws/s3/adaptive_transporter.go:227.2,227.40 1 0
github.com/scttfrdmn/cargoship/pkg/aws/s3/adaptive_transporter.go:231.104,235.6 3 1
github.com/scttfrdmn/cargoship/pkg/aws/s3/adaptive_transporter.go:235.6,236.10 1 1
github.com/scttfrdmn/cargoship/pkg/aws/s3/adaptive_transporter.go:237.21,238.10 1 1
github.com/scttfrdmn/cargoship/pkg/aws/s3/adaptive_transporter.go:239.19,241.41 2 0
github.com/scttfrdmn/cargoship/pkg/aws/s3/adaptive_transporter.go:247.79,250.32 2 1
github.com/scttfrdmn/cargoship/pkg/aws/s3/adaptive_transporter.go:250.32,252.31 2 0
github.com/scttfrdmn/cargoship/pkg/aws/s3/adaptive_transporter.go:252.31,254.4 1 0
github.com/scttfrdmn/cargoship/pkg/aws/s3/adaptive_transporter.go:257.2,257.29 1 1
github.com/scttfrdmn/cargoship/pkg/aws/s3/adaptive_transporter.go:257.29,268.3 1 1
github.com/scttfrdmn/cargoship/pkg/aws/s3/adaptive_transporter.go:271.2,273.17 3 1
github.com/scttfrdmn/cargoship/pkg/aws/s3/adaptive_transporter.go:273.17,275.3 1 1
github.com/scttfrdmn/cargoship/pkg/aws/s3/adaptive_transporter.go:278.2,293.50 6 1
github.com/scttfrdmn/cargoship/pkg/aws/s3/adaptive_transporter.go:293.50,295.3 1 0
github.com/scttfrdmn/cargoship/pkg/aws/s3/adaptive_transporter.go:296.2,296.46 1 1
github.com/scttfrdmn/cargoship/pkg/aws/s3/adaptive_transporter.go:296.46,298.3 1 0
github.com/scttfrdmn/cargoship/pkg/aws/s3/adaptive_transporter.go:299.2,302.34 2 1
github.com/scttfrdmn/cargoship/pkg/aws/s3/adaptive_transporter.go:302.34,304.17 2 0
github.com/scttfrdmn/cargoship/pkg/aws/s3/adaptive_transporter.go:304.17,306.4 1 0
github.com/scttfrdmn/cargoship/pkg/aws/s3/adaptive_transporter.go:311.84,316.37 3 1
github.com/scttfrdmn/cargoship/pkg/aws/s3/adaptive_transporter.go:316.37,318.3 1 1
github.com/scttfrdmn/cargoship/pkg/aws/s3/adaptive_transporter.go:321.2,321.32 1 0
github.com/scttfrdmn/cargoship/pkg/aws/s3/adaptive_transporter.go:321.32,323.3 1 0
github.com/scttfrdmn/cargoship/pkg/aws/s3/adaptive_transporter.go:325.2,326.30 2 0
github.com/scttfrdmn/cargoship/pkg/aws/s3/adaptive_transporter.go:326.30,328.3 1 0
github.com/scttfrdmn/cargoship/pkg/aws/s3/adaptive_transporter.go:331.2,331.57 1 0
github.com/scttfrdmn/cargoship/pkg/aws/s3/adaptive_transporter.go:335.82,337.35 1 1
github.com/scttfrdmn/cargoship/pkg/aws/s3/adaptive_transporter.go:337.35,339.3 1 1
github.com/scttfrdmn/cargoship/pkg/aws/s3/adaptive_transporter.go:342.2,342.57 1 1
github.com/scttfrdmn/cargoship/pkg/aws/s3/adaptive_transporter.go:342.57,344.3 1 1
github.com/scttfrdmn/cargoship/pkg/aws/s3/adaptive_transporter.go:347.2,347.41 1 1
github.com/scttfrdmn/cargoship/pkg/aws/s3/adaptive_transporter.go:347.41,349.3 1 1
github.com/scttfrdmn/cargoship/pkg/aws/s3/adaptive_transporter.go:352.2,353.30 2 1
github.com/scttfrdmn/cargoship/pkg/aws/s3/adaptive_transporter.go:353.30,355.3 1 0
github.com/scttfrdmn/cargoship/pkg/aws/s3/adaptive_transporter.go:357.2,361.47 3 1
github.com/scttfrdmn/cargoship/pkg/aws/s3/adaptive_transporter.go:365.120,404.2 8 1
github.com/scttfrdmn/cargoship/pkg/aws/s3/adaptive_transporter.go:407.83,410.12 3 1
github.com/scttfrdmn/cargoship/pkg/aws/s3/adaptive_transporter.go:410.12,413.3 2 1
github.com/scttfrdmn/cargoship/pkg/aws/s3/adaptive_transporter.go:414.2,417.44 2 1
github.com/scttfrdmn/cargoship/pkg/aws/s3/adaptive_transporter.go:417.44,419.17 2 0
github.com/scttfrdmn/cargoship/pkg/aws/s3/adaptive_transporter.go:419.17,421.4 1 0
github.com/scttfrdmn/cargoship/pkg/aws/s3/adaptive_transporter.go:424.2,424.12 1 1
github.com/scttfrdmn/cargoship/pkg/aws/s3/adaptive_transporter.go:424.12,430.3 1 1
github.com/scttfrdmn/cargoship/pkg/aws/s3/adaptive_transporter.go:436.106,444.2 2 1
github.com/scttfrdmn/cargoship/pkg/aws/s3/adaptive_transporter.go:447.143,457.2 2 1
github.com/scttfrdmn/cargoship/pkg/aws/s3/adaptive_transporter.go:460.136,468.2 2 1
github.com/scttfrdmn/cargoship/pkg/aws/s3/adaptive_transporter.go:473.109,474.25 1 1
github.com/scttfrdmn/cargoship/pkg/aws/s3/adaptive_transporter.go:474.25,476.3 1 1
github.com/scttfrdmn/cargoship/pkg/aws/s3/adaptive_transporter.go:478.2,479.37 2 1
github.com/scttfrdmn/cargoship/pkg/aws/s3/adaptive_transporter.go:479.37,481.3 1 1
github.com/scttfrdmn/cargoship/pkg/aws/s3/adaptive_transporter.go:483.2,483.40 1 1
github.com/scttfrdmn/cargoship/pkg/aws/s3/adaptive_transporter.go:487.93,488.42 1 1
github.com/scttfrdmn/cargoship/pkg/aws/s3/adaptive_transporter.go:488.42,490.3 1 1
github.com/scttfrdmn/cargoship/pkg/aws/s3/adaptive_transporter.go:492.2,499.33 4 1
github.com/scttfrdmn/cargoship/pkg/aws/s3/adaptive_transporter.go:499.33,501.3 1 1
github.com/scttfrdmn/cargoship/pkg/aws/s3/adaptive_transporter.go:503.2,503.34 1 1
github.com/scttfrdmn/cargoship/pkg/aws/s3/adaptive_transporter.go:509.74,515.32 2 1
github.com/scttfrdmn/cargoship/pkg/aws/s3/adaptive_transporter.go:515.32,517.3 1 0
github.com/scttfrdmn/cargoship/pkg/aws/s3/adaptive_transporter.go:520.2,520.34 1 1
github.com/scttfrdmn/cargoship/pkg/aws/s3/adaptive_transporter.go:520.34,522.3 1 0
github.com/scttfrdmn/cargoship/pkg/aws/s3/adaptive_transporter.go:525.2,530.34 4 1
github.com/scttfrdmn/cargoship/pkg/aws/s3/adaptive_transporter.go:530.34,532.3 1 1
github.com/scttfrdmn/cargoship/pkg/aws/s3/adaptive_transporter.go:534.2,534.16 1 1
github.com/scttfrdmn/cargoship/pkg/aws/s3/adaptive_transporter.go:538.80,544.45 4 1
github.com/scttfrdmn/cargoship/pkg/aws/s3/adaptive_transporter.go:544.45,547.3 2 1
github.com/scttfrdmn/cargoship/pkg/aws/s3/adaptive_transporter.go:549.2,549.15 1 1
github.com/scttfrdmn/cargoship/pkg/aws/s3/adaptive_transporter.go:553.50,554.32 1 1
github.com/scttfrdmn/cargoship/pkg/aws/s3/adaptive_transporter.go:554.32,556.3 1 0
github.com/scttfrdmn/cargoship/pkg/aws/s3/adaptive_transporter.go:557.2,557.34 1 1
github.com/scttfrdmn/cargoship/pkg/aws/s3/adaptive_transporter.go:557.34,559.3 1 0
github.com/scttfrdmn/cargoship/pkg/aws/s3/adaptive_transporter.go:563.45,565.32 1 1
github.com/scttfrdmn/cargoship/pkg/aws/s3/adaptive_transporter.go:565.32,566.52 1 0
github.com/scttfrdmn/cargoship/pkg/aws/s3/adaptive_transporter.go:566.52,568.4 1 0
github.com/scttfrdmn/cargoship/pkg/aws/s3/adaptive_transporter.go:571.2,571.34 1 1
github.com/scttfrdmn/cargoship/pkg/aws/s3/adaptive_transporter.go:571.34,572.54 1 0
github.com/scttfrdmn/cargoship/pkg/aws/s3/adaptive_transporter.go:572.54,574.4 1 0
github.com/scttfrdmn/cargoship/pkg/aws/s3/adaptive_transporter.go:577.2,577.34 1 1
github.com/scttfrdmn/cargoship/pkg/aws/s3/adaptive_transporter.go:577.34,578.54 1 0
github.com/scttfrdmn/cargoship/pkg/aws/s3/adaptive_transporter.go:578.54,580.4 1 0
github.com/scttfrdmn/cargoship/pkg/aws/s3/adaptive_transporter.go:584.2,584.34 1 1
github.com/scttfrdmn/cargoship/pkg/aws/s3/adaptive_transporter.go:584.34,586.3 1 1
github.com/scttfrdmn/cargoship/pkg/aws/s3/adaptive_transporter.go:588.2,588.12 1 0
github.com/scttfrdmn/cargoship/pkg/aws/s3/congestion.go:17.67,21.2 3 1
github.com/scttfrdmn/cargoship/pkg/aws/s3/congestion.go:24.90,39.33 4 1
github.com/scttfrdmn/cargoship/pkg/aws/s3/congestion.go:39.33,41.3 1 1
github.com/scttfrdmn/cargoship/pkg/aws/s3/congestion.go:47.110,52.13 4 1
github.com/scttfrdmn/cargoship/pkg/aws/s3/congestion.go:52.13,58.3 1 1
github.com/scttfrdmn/cargoship/pkg/aws/s3/congestion.go:61.2,61.56 1 1
github.com/scttfrdmn/cargoship/pkg/aws/s3/congestion.go:61.56,76.3 3 1
github.com/scttfrdmn/cargoship/pkg/aws/s3/congestion.go:79.2,85.24 4 1
github.com/scttfrdmn/cargoship/pkg/aws/s3/congestion.go:89.116,94.13 4 1
github.com/scttfrdmn/cargoship/pkg/aws/s3/congestion.go:94.13,96.3 1 1
github.com/scttfrdmn/cargoship/pkg/aws/s3/congestion.go:99.2,109.49 5 1
github.com/scttfrdmn/cargoship/pkg/aws/s3/congestion.go:113.128,114.29 1 1
github.com/scttfrdmn/cargoship/pkg/aws/s3/congestion.go:115.32,116.42 1 1
github.com/scttfrdmn/cargoship/pkg/aws/s3/congestion.go:117.32,118.52 1 1
github.com/scttfrdmn/cargoship/pkg/aws/s3/congestion.go:119.31,120.41 1 1
github.com/scttfrdmn/cargoship/pkg/aws/s3/congestion.go:121.35,122.45 1 1
github.com/scttfrdmn/cargoship/pkg/aws/s3/congestion.go:123.10,124.42 1 0
github.com/scttfrdmn/cargoship/pkg/aws/s3/congestion.go:129.120,130.30 1 1
github.com/scttfrdmn/cargoship/pkg/aws/s3/congestion.go:130.30,141.60 3 1
github.com/scttfrdmn/cargoship/pkg/aws/s3/congestion.go:141.60,143.4 1 0
github.com/scttfrdmn/cargoship/pkg/aws/s3/congestion.go:144.8,147.3 1 1
github.com/scttfrdmn/cargoship/pkg/aws/s3/congestion.go:151.130,152.30 1 1
github.com/scttfrdmn/cargoship/pkg/aws/s3/congestion.go:152.30,156.3 2 1
github.com/scttfrdmn/cargoship/pkg/aws/s3/congestion.go:156.8,159.3 1 0
github.com/scttfrdmn/cargoship/pkg/aws/s3/congestion.go:163.119,165.31 1 1
github.com/scttfrdmn/cargoship/pkg/aws/s3/congestion.go:165.31,171.56 3 1
github.com/scttfrdmn/cargoship/pkg/aws/s3/congestion.go:171.56,173.4 1 0
github.com/scttfrdmn/cargoship/pkg/aws/s3/congestion.go:174.8,174.37 1 1
github.com/scttfrdmn/cargoship/pkg/aws/s3/congestion.go:174.37,177.3 1 1
github.com/scttfrdmn/cargoship/pkg/aws/s3/congestion.go:181.123,182.31 1 1
github.com/scttfrdmn/cargoship/pkg/aws/s3/congestion.go:182.31,186.3 2 1
github.com/scttfrdmn/cargoship/pkg/aws/s3/congestion.go:186.8,190.3 2 0
github.com/scttfrdmn/cargoship/pkg/aws/s3/congestion.go:194.95,203.76 5 1
github.com/scttfrdmn/cargoship/pkg/aws/s3/congestion.go:203.76,205.3 1 0
github.com/scttfrdmn/cargoship/pkg/aws/s3/congestion.go:205.8,207.3 1 1
github.com/scttfrdmn/cargoship/pkg/aws/s3/congestion.go:211.97,215.2 2 1
github.com/scttfrdmn/cargoship/pkg/aws/s3/congestion.go:218.105,221.27 2 1
github.com/scttfrdmn/cargoship/pkg/aws/s3/congestion.go:221.27,227.88 3 1
github.com/scttfrdmn/cargoship/pkg/aws/s3/congestion.go:227.88,235.4 2 1
github.com/scttfrdmn/cargoship/pkg/aws/s3/congestion.go:240.128,242.30 1 1
github.com/scttfrdmn/cargoship/pkg/aws/s3/congestion.go:242.30,244.3 1 1
github.com/scttfrdmn/cargoship/pkg/aws/s3/congestion.go:247.2,249.45 3 1
github.com/scttfrdmn/cargoship/pkg/aws/s3/congestion.go:249.45,251.3 1 1
github.com/scttfrdmn/cargoship/pkg/aws/s3/congestion.go:257.94,262.2 3 1
github.com/scttfrdmn/cargoship/pkg/aws/s3/congestion.go:265.96,269.2 2 1
github.com/scttfrdmn/cargoship/pkg/aws/s3/congestion.go:272.106,281.22 5 1
github.com/scttfrdmn/cargoship/pkg/aws/s3/congestion.go:281.22,283.3 1 0
github.com/scttfrdmn/cargoship/pkg/aws/s3/congestion.go:286.2,290.14 4 1
github.com/scttfrdmn/cargoship/pkg/aws/s3/congestion.go:294.90,296.18 1 1
github.com/scttfrdmn/cargoship/pkg/aws/s3/congestion.go:297.9,298.13 1 1
github.com/scttfrdmn/cargoship/pkg/aws/s3/congestion.go:299.9,300.14 1 1
github.com/scttfrdmn/cargoship/pkg/aws/s3/congestion.go:301.9,302.13 1 1
github.com/scttfrdmn/cargoship/pkg/aws/s3/congestion.go:303.9,304.14 1 1
github.com/scttfrdmn/cargoship/pkg/aws/s3/congestion.go:305.9,306.13 1 1
github.com/scttfrdmn/cargoship/pkg/aws/s3/congestion.go:307.10,308.13 1 1
github.com/scttfrdmn/cargoship/pkg/aws/s3/congestion.go:313.63,314.36 1 1
github.com/scttfrdmn/cargoship/pkg/aws/s3/congestion.go:314.36,316.3 1 0
github.com/scttfrdmn/cargoship/pkg/aws/s3/congestion.go:319.2,322.50 3 1
github.com/scttfrdmn/cargoship/pkg/aws/s3/congestion.go:322.50,325.3 2 1
github.com/scttfrdmn/cargoship/pkg/aws/s3/congestion.go:328.2,328.50 1 1
github.com/scttfrdmn/cargoship/pkg/aws/s3/congestion.go:328.50,340.3 4 1
github.com/scttfrdmn/cargoship/pkg/aws/s3/congestion.go:344.72,352.50 6 1
github.com/scttfrdmn/cargoship/pkg/aws/s3/congestion.go:352.50,356.3 3 1
github.com/scttfrdmn/cargoship/pkg/aws/s3/congestion.go:358.2,359.35 2 1
github.com/scttfrdmn/cargoship/pkg/aws/s3/congestion.go:359.35,361.3 1 1
github.com/scttfrdmn/cargoship/pkg/aws/s3/congestion.go:363.2,374.3 1 1
github.com/scttfrdmn/cargoship/pkg/aws/s3/congestion.go:393.83,397.6 3 1
github.com/scttfrdmn/cargoship/pkg/aws/s3/congestion.go:397.6,398.10 1 1
github.com/scttfrdmn/cargoship/pkg/aws/s3/congestion.go:399.21,400.10 1 1
github.com/scttfrdmn/cargoship/pkg/aws/s3/congestion.go:401.19,402.41 1 0
github.com/scttfrdmn/cargoship/pkg/aws/s3/congestion.go:407.82,408.87 1 1
github.com/scttfrdmn/cargoship/pkg/aws/s3/congestion.go:408.87,410.3 1 0
github.com/scttfrdmn/cargoship/pkg/aws/s3/congestion.go:412.2,415.6 3 1
github.com/scttfrdmn/cargoship/pkg/aws/s3/congestion.go:415.6,416.10 1 1
github.com/scttfrdmn/cargoship/pkg/aws/s3/congestion.go:417.21,418.10 1 1
github.com/scttfrdmn/cargoship/pkg/aws/s3/congestion.go:419.19,420.33 1 0
github.com/scttfrdmn/cargoship/pkg/aws/s3/congestion.go:425.82,429.6 3 1
github.com/scttfrdmn/cargoship/pkg/aws/s3/congestion.go:429.6,430.10 1 1
github.com/scttfrdmn/cargoship/pkg/aws/s3/congestion.go:431.21,432.10 1 1
github.com/scttfrdmn/cargoship/pkg/aws/s3/congestion.go:433.19,434.33 1 0
github.com/scttfrdmn/cargoship/pkg/aws/s3/congestion.go:439.74,447.57 4 0
github.com/scttfrdmn/cargoship/pkg/aws/s3/congestion.go:447.57,449.3 1 0
github.com/scttfrdmn/cargoship/pkg/aws/s3/congestion.go:452.2,452.32 1 0
github.com/scttfrdmn/cargoship/pkg/aws/s3/congestion.go:455.66,460.87 3 0
github.com/scttfrdmn/cargoship/pkg/aws/s3/congestion.go:460.87,469.33 4 0
github.com/scttfrdmn/cargoship/pkg/aws/s3/congestion.go:469.33,471.4 1 0
github.com/scttfrdmn/cargoship/pkg/aws/s3/congestion.go:475.66,481.57 3 0
github.com/scttfrdmn/cargoship/pkg/aws/s3/congestion.go:481.57,485.27 2 0
github.com/scttfrdmn/cargoship/pkg/aws/s3/congestion.go:485.27,486.52 1 0
github.com/scttfrdmn/cargoship/pkg/aws/s3/congestion.go:486.52,489.5 2 0
github.com/scttfrdmn/cargoship/pkg/aws/s3/congestion.go:496.71,500.26 2 0
github.com/scttfrdmn/cargoship/pkg/aws/s3/congestion.go:500.26,504.3 2 0
github.com/scttfrdmn/cargoship/pkg/aws/s3/congestion.go:504.8,504.33 1 0
github.com/scttfrdmn/cargoship/pkg/aws/s3/congestion.go:504.33,508.3 2 0
github.com/scttfrdmn/cargoship/pkg/aws/s3/congestion.go:511.67,512.35 1 0
github.com/scttfrdmn/cargoship/pkg/aws/s3/congestion.go:512.35,514.3 1 0
github.com/scttfrdmn/cargoship/pkg/aws/s3/congestion.go:517.2,518.21 2 0
github.com/scttfrdmn/cargoship/pkg/aws/s3/congestion.go:518.21,520.20 2 0
github.com/scttfrdmn/cargoship/pkg/aws/s3/congestion.go:520.20,522.4 1 0
github.com/scttfrdmn/cargoship/pkg/aws/s3/congestion.go:523.3,523.48 1 0
github.com/scttfrdmn/cargoship/pkg/aws/s3/congestion.go:524.8,526.21 2 0
github.com/scttfrdmn/cargoship/pkg/aws/s3/congestion.go:526.21,528.4 1 0
github.com/scttfrdmn/cargoship/pkg/aws/s3/congestion.go:529.3,529.48 1 0
github.com/scttfrdmn/cargoship/pkg/aws/s3/congestion.go:533.2,534.37 2 0
github.com/scttfrdmn/cargoship/pkg/aws/s3/congestion.go:534.37,536.27 2 0
github.com/scttfrdmn/cargoship/pkg/aws/s3/congestion.go:536.27,538.4 1 0
github.com/scttfrdmn/cargoship/pkg/aws/s3/congestion.go:539.3,539.64 1 0
github.com/scttfrdmn/cargoship/pkg/aws/s3/congestion.go:540.8,542.27 2 0
github.com/scttfrdmn/cargoship/pkg/aws/s3/congestion.go:542.27,544.4 1 0
github.com/scttfrdmn/cargoship/pkg/aws/s3/congestion.go:545.3,545.64 1 0
github.com/scttfrdmn/cargoship/pkg/aws/s3/congestion.go:549.84,553.50 3 0
github.com/scttfrdmn/cargoship/pkg/aws/s3/congestion.go:553.50,554.49 1 0
github.com/scttfrdmn/cargoship/pkg/aws/s3/congestion.go:554.49,557.4 2 0
github.com/scttfrdmn/cargoship/pkg/aws/s3/congestion.go:560.2,560.22 1 0
github.com/scttfrdmn/cargoship/pkg/aws/s3/congestion.go:563.78,564.36 1 0
github.com/scttfrdmn/cargoship/pkg/aws/s3/congestion.go:564.36,566.3 1 0
github.com/scttfrdmn/cargoship/pkg/aws/s3/congestion.go:568.2,569.50 2 0
github.com/scttfrdmn/cargoship/pkg/aws/s3/congestion.go:569.50,571.3 1 0
github.com/scttfrdmn/cargoship/pkg/aws/s3/congestion.go:573.2,573.62 1 0
github.com/scttfrdmn/cargoship/pkg/aws/s3/congestion.go:576.68,579.2 1 1
github.com/scttfrdmn/cargoship/pkg/aws/s3/congestion.go:581.75,586.2 2 1
github.com/scttfrdmn/cargoship/pkg/aws/s3/congestion.go:588.75,592.2 1 0
github.com/scttfrdmn/cargoship/pkg/aws/s3/congestion.go:594.85,598.2 1 0
github.com/scttfrdmn/cargoship/pkg/aws/s3/congestion.go:601.62,610.68 5 1
github.com/scttfrdmn/cargoship/pkg/aws/s3/congestion.go:610.68,612.3 1 1
github.com/scttfrdmn/cargoship/pkg/aws/s3/congestion.go:615.2,615.23 1 1
github.com/scttfrdmn/cargoship/pkg/aws/s3/congestion.go:619.54,624.2 3 1
github.com/scttfrdmn/cargoship/pkg/aws/s3/congestion.go:626.47,628.36 2 1
github.com/scttfrdmn/cargoship/pkg/aws/s3/congestion.go:628.36,629.43 1 1
github.com/scttfrdmn/cargoship/pkg/aws/s3/congestion.go:629.43,631.4 1 1
github.com/scttfrdmn/cargoship/pkg/aws/s3/congestion.go:637.27,638.11 1 1
github.com/scttfrdmn/cargoship/pkg/aws/s3/congestion.go:638.11,640.3 1 1
github.com/scttfrdmn/cargoship/pkg/aws/s3/congestion.go:641.2,641.10 1 1
github.com/scttfrdmn/cargoship/pkg/aws/s3/congestion.go:644.27,645.11 1 1
github.com/scttfrdmn/cargoship/pkg/aws/s3/congestion.go:645.11,647.3 1 1
github.com/scttfrdmn/cargoship/pkg/aws/s3/congestion.go:648.2,648.10 1 1
github.com/scttfrdmn/cargoship/pkg/aws/s3/coordinator.go:54.54,64.2 1 1
github.com/scttfrdmn/cargoship/pkg/aws/s3/coordinator.go:309.99,310.19 1 1
github.com/scttfrdmn/cargoship/pkg/aws/s3/coordinator.go:310.19,312.3 1 1
github.com/scttfrdmn/cargoship/pkg/aws/s3/coordinator.go:314.2,327.11 3 1
github.com/scttfrdmn/cargoship/pkg/aws/s3/coordinator.go:331.74,339.2 1 1
github.com/scttfrdmn/cargoship/pkg/aws/s3/coordinator.go:342.92,352.2 1 1
github.com/scttfrdmn/cargoship/pkg/aws/s3/coordinator.go:355.42,368.2 1 1
github.com/scttfrdmn/cargoship/pkg/aws/s3/coordinator.go:371.52,386.2 1 1
github.com/scttfrdmn/cargoship/pkg/aws/s3/coordinator.go:389.78,398.2 1 1
github.com/scttfrdmn/cargoship/pkg/aws/s3/coordinator.go:401.50,411.2 1 1
github.com/scttfrdmn/cargoship/pkg/aws/s3/coordinator.go:414.68,420.2 1 1
github.com/scttfrdmn/cargoship/pkg/aws/s3/coordinator.go:423.52,442.2 1 1
github.com/scttfrdmn/cargoship/pkg/aws/s3/coordinator.go:445.46,449.15 3 1
github.com/scttfrdmn/cargoship/pkg/aws/s3/coordinator.go:449.15,451.3 1 1
github.com/scttfrdmn/cargoship/pkg/aws/s3/coordinator.go:453.2,460.12 5 1
github.com/scttfrdmn/cargoship/pkg/aws/s3/coordinator.go:464.45,468.16 3 1
github.com/scttfrdmn/cargoship/pkg/aws/s3/coordinator.go:468.16,470.3 1 1
github.com/scttfrdmn/cargoship/pkg/aws/s3/coordinator.go:472.2,476.39 3 1
github.com/scttfrdmn/cargoship/pkg/aws/s3/coordinator.go:476.39,478.3 1 1
github.com/scttfrdmn/cargoship/pkg/aws/s3/coordinator.go:480.2,480.12 1 1
github.com/scttfrdmn/cargoship/pkg/aws/s3/coordinator.go:484.88,488.16 3 1
github.com/scttfrdmn/cargoship/pkg/aws/s3/coordinator.go:488.16,493.3 1 1
github.com/scttfrdmn/cargoship/pkg/aws/s3/coordinator.go:496.2,502.12 4 1
github.com/scttfrdmn/cargoship/pkg/aws/s3/coordinator.go:506.78,510.16 3 1
github.com/scttfrdmn/cargoship/pkg/aws/s3/coordinator.go:510.16,515.3 1 1
github.com/scttfrdmn/cargoship/pkg/aws/s3/coordinator.go:518.2,519.16 2 1
github.com/scttfrdmn/cargoship/pkg/aws/s3/coordinator.go:519.16,521.3 1 1
github.com/scttfrdmn/cargoship/pkg/aws/s3/coordinator.go:523.2,528.16 4 1
github.com/scttfrdmn/cargoship/pkg/aws/s3/coordinator.go:528.16,530.3 1 0
github.com/scttfrdmn/cargoship/pkg/aws/s3/coordinator.go:532.2,536.9 3 1
github.com/scttfrdmn/cargoship/pkg/aws/s3/coordinator.go:537.50,538.13 1 1
github.com/scttfrdmn/cargoship/pkg/aws/s3/coordinator.go:539.10,544.4 1 1
github.com/scttfrdmn/cargoship/pkg/aws/s3/coordinator.go:549.66,554.2 3 1
github.com/scttfrdmn/cargoship/pkg/aws/s3/coordinator.go:557.104,560.2 2 1
github.com/scttfrdmn/cargoship/pkg/aws/s3/coordinator.go:563.70,567.6 3 1
github.com/scttfrdmn/cargoship/pkg/aws/s3/coordinator.go:567.6,568.10 1 1
github.com/scttfrdmn/cargoship/pkg/aws/s3/coordinator.go:569.21,570.10 1 1
github.com/scttfrdmn/cargoship/pkg/aws/s3/coordinator.go:571.19,572.34 1 1
github.com/scttfrdmn/cargoship/pkg/aws/s3/coordinator.go:578.60,595.87 11 1
github.com/scttfrdmn/cargoship/pkg/aws/s3/coordinator.go:595.87,599.3 2 0
github.com/scttfrdmn/cargoship/pkg/aws/s3/coordinator.go:610.44,611.22 1 1
github.com/scttfrdmn/cargoship/pkg/aws/s3/coordinator.go:611.22,613.3 1 1
github.com/scttfrdmn/cargoship/pkg/aws/s3/coordinator.go:614.2,614.34 1 1
github.com/scttfrdmn/cargoship/pkg/aws/s3/parallel.go:87.93,88.29 1 1
github.com/scttfrdmn/cargoship/pkg/aws/s3/parallel.go:88.29,90.3 1 1
github.com/scttfrdmn/cargoship/pkg/aws/s3/parallel.go:91.2,91.38 1 1
github.com/scttfrdmn/cargoship/pkg/aws/s3/parallel.go:91.38,93.3 1 1
github.com/scttfrdmn/cargoship/pkg/aws/s3/parallel.go:94.2,94.32 1 1
github.com/scttfrdmn/cargoship/pkg/aws/s3/parallel.go:94.32,96.3 1 1
github.com/scttfrdmn/cargoship/pkg/aws/s3/parallel.go:97.2,97.32 1 1
github.com/scttfrdmn/cargoship/pkg/aws/s3/parallel.go:97.32,99.3 1 1
github.com/scttfrdmn/cargoship/pkg/aws/s3/parallel.go:101.2,111.31 2 1
github.com/scttfrdmn/cargoship/pkg/aws/s3/parallel.go:111.31,113.32 2 1
github.com/scttfrdmn/cargoship/pkg/aws/s3/parallel.go:113.32,115.4 1 0
github.com/scttfrdmn/cargoship/pkg/aws/s3/parallel.go:117.3,120.54 2 1
github.com/scttfrdmn/cargoship/pkg/aws/s3/parallel.go:120.54,123.4 2 0
github.com/scttfrdmn/cargoship/pkg/aws/s3/parallel.go:126.2,126.17 1 1
github.com/scttfrdmn/cargoship/pkg/aws/s3/parallel.go:130.115,131.24 1 1
github.com/scttfrdmn/cargoship/pkg/aws/s3/parallel.go:131.24,133.3 1 1
github.com/scttfrdmn/cargoship/pkg/aws/s3/parallel.go:135.2,144.46 4 0
github.com/scttfrdmn/cargoship/pkg/aws/s3/parallel.go:148.72,149.32 1 1
github.com/scttfrdmn/cargoship/pkg/aws/s3/parallel.go:150.16,151.39 1 1
github.com/scttfrdmn/cargoship/pkg/aws/s3/parallel.go:151.39,153.4 1 1
github.com/scttfrdmn/cargoship/pkg/aws/s3/parallel.go:154.3,154.14 1 0
github.com/scttfrdmn/cargoship/pkg/aws/s3/parallel.go:155.14,156.34 1 1
github.com/scttfrdmn/cargoship/pkg/aws/s3/parallel.go:157.20,158.40 1 1
github.com/scttfrdmn/cargoship/pkg/aws/s3/parallel.go:159.14,160.14 1 1
github.com/scttfrdmn/cargoship/pkg/aws/s3/parallel.go:161.10,162.34 1 1
github.com/scttfrdmn/cargoship/pkg/aws/s3/parallel.go:167.60,171.44 3 1
github.com/scttfrdmn/cargoship/pkg/aws/s3/parallel.go:171.44,176.3 2 1
github.com/scttfrdmn/cargoship/pkg/aws/s3/parallel.go:178.2,178.17 1 1
github.com/scttfrdmn/cargoship/pkg/aws/s3/parallel.go:182.66,185.44 2 1
github.com/scttfrdmn/cargoship/pkg/aws/s3/parallel.go:185.44,187.3 1 1
github.com/scttfrdmn/cargoship/pkg/aws/s3/parallel.go:189.2,189.17 1 1
github.com/scttfrdmn/cargoship/pkg/aws/s3/parallel.go:193.60,199.44 3 1
github.com/scttfrdmn/cargoship/pkg/aws/s3/parallel.go:199.44,204.3 3 1
github.com/scttfrdmn/cargoship/pkg/aws/s3/parallel.go:206.2,206.17 1 1
github.com/scttfrdmn/cargoship/pkg/aws/s3/parallel.go:210.100,214.34 2 1
github.com/scttfrdmn/cargoship/pkg/aws/s3/parallel.go:214.34,220.3 1 1
github.com/scttfrdmn/cargoship/pkg/aws/s3/parallel.go:223.2,223.32 1 1
github.com/scttfrdmn/cargoship/pkg/aws/s3/parallel.go:224.21,225.36 1 1
github.com/scttfrdmn/cargoship/pkg/aws/s3/parallel.go:225.36,228.4 2 1
github.com/scttfrdmn/cargoship/pkg/aws/s3/parallel.go:230.20,231.36 1 1
github.com/scttfrdmn/cargoship/pkg/aws/s3/parallel.go:231.36,235.4 3 1
github.com/scttfrdmn/cargoship/pkg/aws/s3/parallel.go:237.22,238.14 1 1
github.com/scttfrdmn/cargoship/pkg/aws/s3/parallel.go:239.10,241.40 1 1
github.com/scttfrdmn/cargoship/pkg/aws/s3/parallel.go:245.2,245.25 1 1
github.com/scttfrdmn/cargoship/pkg/aws/s3/parallel.go:245.25,247.47 2 1
github.com/scttfrdmn/cargoship/pkg/aws/s3/parallel.go:247.47,249.4 1 1
github.com/scttfrdmn/cargoship/pkg/aws/s3/parallel.go:250.3,250.55 1 1
github.com/scttfrdmn/cargoship/pkg/aws/s3/parallel.go:253.2,253.16 1 1
github.com/scttfrdmn/cargoship/pkg/aws/s3/parallel.go:257.88,261.35 2 1
github.com/scttfrdmn/cargoship/pkg/aws/s3/parallel.go:261.35,266.35 3 1
github.com/scttfrdmn/cargoship/pkg/aws/s3/parallel.go:266.35,267.22 1 1
github.com/scttfrdmn/cargoship/pkg/aws/s3/parallel.go:267.22,270.5 2 1
github.com/scttfrdmn/cargoship/pkg/aws/s3/parallel.go:274.3,275.37 2 1
github.com/scttfrdmn/cargoship/pkg/aws/s3/parallel.go:280.62,284.2 3 1
github.com/scttfrdmn/cargoship/pkg/aws/s3/parallel.go:287.125,295.26 2 1
github.com/scttfrdmn/cargoship/pkg/aws/s3/parallel.go:295.26,297.33 1 0
github.com/scttfrdmn/cargoship/pkg/aws/s3/parallel.go:297.33,299.79 2 0
github.com/scttfrdmn/cargoship/pkg/aws/s3/parallel.go:299.79,301.5 1 0
github.com/scttfrdmn/cargoship/pkg/aws/s3/parallel.go:306.2,311.32 3 1
github.com/scttfrdmn/cargoship/pkg/aws/s3/parallel.go:311.32,314.31 2 0
github.com/scttfrdmn/cargoship/pkg/aws/s3/parallel.go:314.31,315.12 1 0
github.com/scttfrdmn/cargoship/pkg/aws/s3/parallel.go:318.3,320.49 2 0
github.com/scttfrdmn/cargoship/pkg/aws/s3/parallel.go:320.49,325.28 3 0
github.com/scttfrdmn/cargoship/pkg/aws/s3/parallel.go:325.28,327.5 1 0
github.com/scttfrdmn/cargoship/pkg/aws/s3/parallel.go:327.10,330.5 1 0
github.com/scttfrdmn/cargoship/pkg/aws/s3/parallel.go:332.4,333.27 2 0
github.com/scttfrdmn/cargoship/pkg/aws/s3/parallel.go:333.27,338.5 4 0
github.com/scttfrdmn/cargoship/pkg/aws/s3/parallel.go:339.4,341.14 2 0
github.com/scttfrdmn/cargoship/pkg/aws/s3/parallel.go:346.2,346.42 1 1
github.com/scttfrdmn/cargoship/pkg/aws/s3/parallel.go:346.42,350.3 3 0
github.com/scttfrdmn/cargoship/pkg/aws/s3/parallel.go:352.2,361.20 4 1
github.com/scttfrdmn/cargoship/pkg/aws/s3/parallel.go:365.115,382.41 4 1
github.com/scttfrdmn/cargoship/pkg/aws/s3/parallel.go:382.41,388.50 3 0
github.com/scttfrdmn/cargoship/pkg/aws/s3/parallel.go:388.50,400.18 7 0
github.com/scttfrdmn/cargoship/pkg/aws/s3/parallel.go:400.18,403.5 2 0
github.com/scttfrdmn/cargoship/pkg/aws/s3/parallel.go:403.10,408.5 4 0
github.com/scttfrdmn/cargoship/pkg/aws/s3/parallel.go:409.4,411.18 2 0
github.com/scttfrdmn/cargoship/pkg/aws/s3/parallel.go:411.18,414.5 2 0
github.com/scttfrdmn/cargoship/pkg/aws/s3/parallel.go:416.4,417.14 2 0
github.com/scttfrdmn/cargoship/pkg/aws/s3/parallel.go:422.2,427.41 3 1
github.com/scttfrdmn/cargoship/pkg/aws/s3/parallel.go:427.41,430.3 2 1
github.com/scttfrdmn/cargoship/pkg/aws/s3/parallel.go:432.2,434.26 2 1
github.com/scttfrdmn/cargoship/pkg/aws/s3/parallel.go:461.51,465.38 2 1
github.com/scttfrdmn/cargoship/pkg/aws/s3/parallel.go:465.38,467.3 1 1
github.com/scttfrdmn/cargoship/pkg/aws/s3/parallel.go:469.2,471.30 2 1
github.com/scttfrdmn/cargoship/pkg/aws/s3/parallel.go:471.30,474.3 2 1
github.com/scttfrdmn/cargoship/pkg/aws/s3/parallel.go:478.67,482.9 2 1
github.com/scttfrdmn/cargoship/pkg/aws/s3/parallel.go:483.18,484.11 1 1
github.com/scttfrdmn/cargoship/pkg/aws/s3/parallel.go:485.19,486.11 1 1
github.com/scttfrdmn/cargoship/pkg/aws/s3/parallel.go:487.20,488.11 1 1
github.com/scttfrdmn/cargoship/pkg/aws/s3/parallel.go:489.21,490.11 1 1
github.com/scttfrdmn/cargoship/pkg/aws/s3/parallel.go:491.10,492.12 1 1
github.com/scttfrdmn/cargoship/pkg/aws/s3/parallel.go:497.95,502.35 4 1
github.com/scttfrdmn/cargoship/pkg/aws/s3/parallel.go:502.35,504.29 2 1
github.com/scttfrdmn/cargoship/pkg/aws/s3/parallel.go:504.29,506.4 1 1
github.com/scttfrdmn/cargoship/pkg/aws/s3/parallel.go:507.3,507.29 1 1
github.com/scttfrdmn/cargoship/pkg/aws/s3/parallel.go:507.29,509.4 1 1
github.com/scttfrdmn/cargoship/pkg/aws/s3/parallel.go:512.2,521.3 2 1
github.com/scttfrdmn/cargoship/pkg/aws/s3/parallel.go:535.91,538.9 2 1
github.com/scttfrdmn/cargoship/pkg/aws/s3/parallel.go:539.26,540.22 1 1
github.com/scttfrdmn/cargoship/pkg/aws/s3/parallel.go:541.20,542.16 1 1
github.com/scttfrdmn/cargoship/pkg/aws/s3/parallel.go:543.10,544.16 1 1
github.com/scttfrdmn/cargoship/pkg/aws/s3/parallel.go:549.126,567.41 5 1
github.com/scttfrdmn/cargoship/pkg/aws/s3/parallel.go:567.41,571.50 3 1
github.com/scttfrdmn/cargoship/pkg/aws/s3/parallel.go:571.50,585.72 2 1
github.com/scttfrdmn/cargoship/pkg/aws/s3/parallel.go:585.72,586.98 1 1
github.com/scttfrdmn/cargoship/pkg/aws/s3/parallel.go:586.98,588.13 1 0
github.com/scttfrdmn/cargoship/pkg/aws/s3/parallel.go:589.54,589.54 0 0
github.com/scttfrdmn/cargoship/pkg/aws/s3/parallel.go:591.24,592.23 1 0
github.com/scttfrdmn/cargoship/pkg/aws/s3/parallel.go:594.11,596.6 1 1
github.com/scttfrdmn/cargoship/pkg/aws/s3/parallel.go:600.4,612.27 7 0
github.com/scttfrdmn/cargoship/pkg/aws/s3/parallel.go:612.27,619.53 5 0
github.com/scttfrdmn/cargoship/pkg/aws/s3/parallel.go:619.53,621.6 1 0
github.com/scttfrdmn/cargoship/pkg/aws/s3/parallel.go:622.5,622.89 1 0
github.com/scttfrdmn/cargoship/pkg/aws/s3/parallel.go:622.89,624.6 1 0
github.com/scttfrdmn/cargoship/pkg/aws/s3/parallel.go:627.4,627.18 1 0
github.com/scttfrdmn/cargoship/pkg/aws/s3/parallel.go:627.18,630.5 2 0
github.com/scttfrdmn/cargoship/pkg/aws/s3/parallel.go:631.4,633.14 2 0
github.com/scttfrdmn/cargoship/pkg/aws/s3/parallel.go:638.2,638.43 1 1
github.com/scttfrdmn/cargoship/pkg/aws/s3/parallel.go:638.43,641.3 2 1
github.com/scttfrdmn/cargoship/pkg/aws/s3/parallel.go:644.2,647.36 3 0
github.com/scttfrdmn/cargoship/pkg/aws/s3/parallel.go:647.36,650.3 2 0
github.com/scttfrdmn/cargoship/pkg/aws/s3/parallel.go:652.2,660.20 2 0
github.com/scttfrdmn/cargoship/pkg/aws/s3/parallel.go:664.134,665.26 1 1
github.com/scttfrdmn/cargoship/pkg/aws/s3/parallel.go:665.26,667.3 1 0
github.com/scttfrdmn/cargoship/pkg/aws/s3/parallel.go:670.2,676.41 2 1
github.com/scttfrdmn/cargoship/pkg/aws/s3/parallel.go:676.41,690.41 6 1
github.com/scttfrdmn/cargoship/pkg/aws/s3/parallel.go:690.41,692.4 1 0
github.com/scttfrdmn/cargoship/pkg/aws/s3/parallel.go:696.2,696.16 1 1
github.com/scttfrdmn/cargoship/pkg/aws/s3/parallel.go:696.16,698.3 1 0
github.com/scttfrdmn/cargoship/pkg/aws/s3/parallel.go:698.8,700.3 1 1
github.com/scttfrdmn/cargoship/pkg/aws/s3/parallel.go:703.2,703.54 1 1
github.com/scttfrdmn/cargoship/pkg/aws/s3/parallel.go:707.74,708.26 1 1
github.com/scttfrdmn/cargoship/pkg/aws/s3/parallel.go:708.26,710.3 1 0
github.com/scttfrdmn/cargoship/pkg/aws/s3/parallel.go:711.2,711.35 1 1
github.com/scttfrdmn/cargoship/pkg/aws/s3/parallel.go:715.42,716.26 1 1
github.com/scttfrdmn/cargoship/pkg/aws/s3/parallel.go:716.26,718.3 1 1
github.com/scttfrdmn/cargoship/pkg/aws/s3/parallel.go:719.2,719.12 1 0
github.com/scttfrdmn/cargoship/pkg/aws/s3/parallel.go:723.24,724.11 1 1
github.com/scttfrdmn/cargoship/pkg/aws/s3/parallel.go:724.11,726.3 1 1
github.com/scttfrdmn/cargoship/pkg/aws/s3/parallel.go:727.2,727.10 1 1
github.com/scttfrdmn/cargoship/pkg/aws/s3/scheduler.go:18.57,22.2 3 1
github.com/scttfrdmn/cargoship/pkg/aws/s3/scheduler.go:25.80,47.2 5 1
github.com/scttfrdmn/cargoship/pkg/aws/s3/scheduler.go:50.91,54.32 3 1
github.com/scttfrdmn/cargoship/pkg/aws/s3/scheduler.go:54.32,56.3 1 1
github.com/scttfrdmn/cargoship/pkg/aws/s3/scheduler.go:58.2,58.28 1 1
github.com/scttfrdmn/cargoship/pkg/aws/s3/scheduler.go:59.18,60.40 1 1
github.com/scttfrdmn/cargoship/pkg/aws/s3/scheduler.go:61.20,62.42 1 1
github.com/scttfrdmn/cargoship/pkg/aws/s3/scheduler.go:63.18,64.41 1 1
github.com/scttfrdmn/cargoship/pkg/aws/s3/scheduler.go:65.10,66.41 1 0
github.com/scttfrdmn/cargoship/pkg/aws/s3/scheduler.go:71.91,80.50 3 1
github.com/scttfrdmn/cargoship/pkg/aws/s3/scheduler.go:80.50,100.3 7 1
github.com/scttfrdmn/cargoship/pkg/aws/s3/scheduler.go:103.2,103.45 1 1
github.com/scttfrdmn/cargoship/pkg/aws/s3/scheduler.go:103.45,105.3 1 1
github.com/scttfrdmn/cargoship/pkg/aws/s3/scheduler.go:108.2,108.74 1 1
github.com/scttfrdmn/cargoship/pkg/aws/s3/scheduler.go:108.74,110.35 1 1
github.com/scttfrdmn/cargoship/pkg/aws/s3/scheduler.go:110.35,112.4 1 1
github.com/scttfrdmn/cargoship/pkg/aws/s3/scheduler.go:115.2,115.36 1 1
github.com/scttfrdmn/cargoship/pkg/aws/s3/scheduler.go:119.93,123.50 3 1
github.com/scttfrdmn/cargoship/pkg/aws/s3/scheduler.go:123.50,125.37 2 1
github.com/scttfrdmn/cargoship/pkg/aws/s3/scheduler.go:125.37,127.4 1 1
github.com/scttfrdmn/cargoship/pkg/aws/s3/scheduler.go:129.3,129.38 1 1
github.com/scttfrdmn/cargoship/pkg/aws/s3/scheduler.go:129.38,132.4 2 1
github.com/scttfrdmn/cargoship/pkg/aws/s3/scheduler.go:135.2,135.22 1 1
github.com/scttfrdmn/cargoship/pkg/aws/s3/scheduler.go:135.22,137.42 1 0
github.com/scttfrdmn/cargoship/pkg/aws/s3/scheduler.go:137.42,139.4 1 0
github.com/scttfrdmn/cargoship/pkg/aws/s3/scheduler.go:140.3,140.49 1 0
github.com/scttfrdmn/cargoship/pkg/aws/s3/scheduler.go:143.2,143.24 1 1
github.com/scttfrdmn/cargoship/pkg/aws/s3/scheduler.go:147.92,150.16 2 1
github.com/scttfrdmn/cargoship/pkg/aws/s3/scheduler.go:150.16,152.3 1 0
github.com/scttfrdmn/cargoship/pkg/aws/s3/scheduler.go:155.2,160.25 3 1
github.com/scttfrdmn/cargoship/pkg/aws/s3/scheduler.go:164.110,168.41 2 1
github.com/scttfrdmn/cargoship/pkg/aws/s3/scheduler.go:168.41,173.33 3 1
github.com/scttfrdmn/cargoship/pkg/aws/s3/scheduler.go:173.33,175.55 1 0
github.com/scttfrdmn/cargoship/pkg/aws/s3/scheduler.go:175.55,176.77 1 0
github.com/scttfrdmn/cargoship/pkg/aws/s3/scheduler.go:176.77,178.105 2 0
github.com/scttfrdmn/cargoship/pkg/aws/s3/scheduler.go:178.105,180.7 1 0
github.com/scttfrdmn/cargoship/pkg/aws/s3/scheduler.go:186.2,186.23 1 1
github.com/scttfrdmn/cargoship/pkg/aws/s3/scheduler.go:190.113,192.48 1 1
github.com/scttfrdmn/cargoship/pkg/aws/s3/scheduler.go:192.48,196.44 1 1
github.com/scttfrdmn/cargoship/pkg/aws/s3/scheduler.go:196.44,197.59 1 1
github.com/scttfrdmn/cargoship/pkg/aws/s3/scheduler.go:197.59,200.25 2 0
github.com/scttfrdmn/cargoship/pkg/aws/s3/scheduler.go:200.25,202.6 1 0
github.com/scttfrdmn/cargoship/pkg/aws/s3/scheduler.go:207.3,207.75 1 1
github.com/scttfrdmn/cargoship/pkg/aws/s3/scheduler.go:207.75,209.30 2 1
github.com/scttfrdmn/cargoship/pkg/aws/s3/scheduler.go:209.30,211.5 1 1
github.com/scttfrdmn/cargoship/pkg/aws/s3/scheduler.go:215.2,215.23 1 1
github.com/scttfrdmn/cargoship/pkg/aws/s3/scheduler.go:219.102,224.13 4 1
github.com/scttfrdmn/cargoship/pkg/aws/s3/scheduler.go:224.13,226.3 1 1
github.com/scttfrdmn/cargoship/pkg/aws/s3/scheduler.go:229.2,244.34 10 1
github.com/scttfrdmn/cargoship/pkg/aws/s3/scheduler.go:248.95,253.50 3 1
github.com/scttfrdmn/cargoship/pkg/aws/s3/scheduler.go:253.50,255.3 1 1
github.com/scttfrdmn/cargoship/pkg/aws/s3/scheduler.go:258.2,259.47 2 1
github.com/scttfrdmn/cargoship/pkg/aws/s3/scheduler.go:259.47,261.3 1 1
github.com/scttfrdmn/cargoship/pkg/aws/s3/scheduler.go:264.2,265.45 2 1
github.com/scttfrdmn/cargoship/pkg/aws/s3/scheduler.go:265.45,267.3 1 1
github.com/scttfrdmn/cargoship/pkg/aws/s3/scheduler.go:271.50,277.43 5 1
github.com/scttfrdmn/cargoship/pkg/aws/s3/scheduler.go:277.43,281.32 4 1
github.com/scttfrdmn/cargoship/pkg/aws/s3/scheduler.go:281.32,283.4 1 1
github.com/scttfrdmn/cargoship/pkg/aws/s3/scheduler.go:286.2,288.21 3 1
github.com/scttfrdmn/cargoship/pkg/aws/s3/scheduler.go:288.21,290.3 1 1
github.com/scttfrdmn/cargoship/pkg/aws/s3/scheduler.go:291.2,291.40 1 1
github.com/scttfrdmn/cargoship/pkg/aws/s3/scheduler.go:295.86,297.71 1 1
github.com/scttfrdmn/cargoship/pkg/aws/s3/scheduler.go:297.71,303.3 2 1
github.com/scttfrdmn/cargoship/pkg/aws/s3/scheduler.go:306.2,306.27 1 1
github.com/scttfrdmn/cargoship/pkg/aws/s3/scheduler.go:306.27,308.83 2 1
github.com/scttfrdmn/cargoship/pkg/aws/s3/scheduler.go:308.83,310.4 1 1
github.com/scttfrdmn/cargoship/pkg/aws/s3/scheduler.go:314.2,322.50 3 1
github.com/scttfrdmn/cargoship/pkg/aws/s3/scheduler.go:326.56,332.43 4 1
github.com/scttfrdmn/cargoship/pkg/aws/s3/scheduler.go:332.43,333.42 1 1
github.com/scttfrdmn/cargoship/pkg/aws/s3/scheduler.go:333.42,340.4 5 1
github.com/scttfrdmn/cargoship/pkg/aws/s3/scheduler.go:343.2,343.21 1 1
github.com/scttfrdmn/cargoship/pkg/aws/s3/scheduler.go:343.21,349.17 4 1
github.com/scttfrdmn/cargoship/pkg/aws/s3/scheduler.go:349.17,351.4 1 1
github.com/scttfrdmn/cargoship/pkg/aws/s3/scheduler.go:351.9,351.25 1 1
github.com/scttfrdmn/cargoship/pkg/aws/s3/scheduler.go:351.25,353.4 1 1
github.com/scttfrdmn/cargoship/pkg/aws/s3/scheduler.go:353.9,355.4 1 1
github.com/scttfrdmn/cargoship/pkg/aws/s3/scheduler.go:360.61,373.2 3 1
github.com/scttfrdmn/cargoship/pkg/aws/s3/scheduler.go:388.90,389.22 1 1
github.com/scttfrdmn/cargoship/pkg/aws/s3/scheduler.go:389.22,391.3 1 0
github.com/scttfrdmn/cargoship/pkg/aws/s3/scheduler.go:393.2,394.15 2 1
github.com/scttfrdmn/cargoship/pkg/aws/s3/scheduler.go:394.15,396.3 1 0
github.com/scttfrdmn/cargoship/pkg/aws/s3/scheduler.go:398.2,399.39 2 1
github.com/scttfrdmn/cargoship/pkg/aws/s3/scheduler.go:399.39,401.3 1 1
github.com/scttfrdmn/cargoship/pkg/aws/s3/scheduler.go:403.2,403.41 1 1
github.com/scttfrdmn/cargoship/pkg/aws/s3/scheduler.go:406.80,407.22 1 1
github.com/scttfrdmn/cargoship/pkg/aws/s3/scheduler.go:407.22,409.3 1 0
github.com/scttfrdmn/cargoship/pkg/aws/s3/scheduler.go:411.2,412.27 2 1
github.com/scttfrdmn/cargoship/pkg/aws/s3/scheduler.go:412.27,414.3 1 1
github.com/scttfrdmn/cargoship/pkg/aws/s3/scheduler.go:416.2,416.35 1 1
github.com/scttfrdmn/cargoship/pkg/aws/s3/scheduler.go:419.88,423.50 3 1
github.com/scttfrdmn/cargoship/pkg/aws/s3/scheduler.go:423.50,424.42 1 1
github.com/scttfrdmn/cargoship/pkg/aws/s3/scheduler.go:424.42,429.58 4 1
github.com/scttfrdmn/cargoship/pkg/aws/s3/scheduler.go:429.58,432.5 2 1
github.com/scttfrdmn/cargoship/pkg/aws/s3/scheduler.go:436.2,436.19 1 1
github.com/scttfrdmn/cargoship/pkg/aws/s3/scheduler.go:439.63,443.50 3 1
github.com/scttfrdmn/cargoship/pkg/aws/s3/scheduler.go:443.50,444.101 1 1
github.com/scttfrdmn/cargoship/pkg/aws/s3/scheduler.go:444.101,447.4 2 1
github.com/scttfrdmn/cargoship/pkg/aws/s3/scheduler.go:450.2,450.19 1 1
github.com/scttfrdmn/cargoship/pkg/aws/s3/scheduler.go:453.71,454.32 1 1
github.com/scttfrdmn/cargoship/pkg/aws/s3/scheduler.go:454.32,456.3 1 0
github.com/scttfrdmn/cargoship/pkg/aws/s3/scheduler.go:458.2,462.43 3 1
github.com/scttfrdmn/cargoship/pkg/aws/s3/scheduler.go:462.43,465.3 2 1
github.com/scttfrdmn/cargoship/pkg/aws/s3/scheduler.go:466.2,469.43 2 1
github.com/scttfrdmn/cargoship/pkg/aws/s3/scheduler.go:469.43,472.3 2 1
github.com/scttfrdmn/cargoship/pkg/aws/s3/scheduler.go:473.2,477.34 3 1
github.com/scttfrdmn/cargoship/pkg/aws/s3/scheduler.go:480.68,481.32 1 1
github.com/scttfrdmn/cargoship/pkg/aws/s3/scheduler.go:481.32,483.3 1 0
github.com/scttfrdmn/cargoship/pkg/aws/s3/scheduler.go:485.2,486.43 2 1
github.com/scttfrdmn/cargoship/pkg/aws/s3/scheduler.go:486.43,488.3 1 1
github.com/scttfrdmn/cargoship/pkg/aws/s3/scheduler.go:490.2,490.61 1 1
github.com/scttfrdmn/cargoship/pkg/aws/s3/scheduler.go:493.68,494.51 1 1
github.com/scttfrdmn/cargoship/pkg/aws/s3/scheduler.go:494.51,496.3 1 0
github.com/scttfrdmn/cargoship/pkg/aws/s3/scheduler.go:498.2,498.102 1 1
github.com/scttfrdmn/cargoship/pkg/aws/s3/scheduler.go:502.66,506.6 3 1
github.com/scttfrdmn/cargoship/pkg/aws/s3/scheduler.go:506.6,507.10 1 1
github.com/scttfrdmn/cargoship/pkg/aws/s3/scheduler.go:508.21,509.10 1 1
github.com/scttfrdmn/cargoship/pkg/aws/s3/scheduler.go:510.19,511.39 1 0
github.com/scttfrdmn/cargoship/pkg/aws/s3/scheduler.go:517.73,521.6 3 1
github.com/scttfrdmn/cargoship/pkg/aws/s3/scheduler.go:521.6,522.10 1 1
github.com/scttfrdmn/cargoship/pkg/aws/s3/scheduler.go:523.21,524.10 1 1
github.com/scttfrdmn/cargoship/pkg/aws/s3/scheduler.go:525.19,526.33 1 0
github.com/scttfrdmn/cargoship/pkg/aws/s3/scheduler.go:532.76,536.6 3 1
github.com/scttfrdmn/cargoship/pkg/aws/s3/scheduler.go:536.6,537.10 1 1
github.com/scttfrdmn/cargoship/pkg/aws/s3/scheduler.go:538.21,539.10 1 1
github.com/scttfrdmn/cargoship/pkg/aws/s3/scheduler.go:540.19,541.37 1 0
github.com/scttfrdmn/cargoship/pkg/aws/s3/scheduler.go:546.63,558.2 5 1
github.com/scttfrdmn/cargoship/pkg/aws/s3/scheduler.go:560.57,572.2 5 1
github.com/scttfrdmn/cargoship/pkg/aws/s3/scheduler.go:574.61,586.2 5 1
github.com/scttfrdmn/cargoship/pkg/aws/s3/scheduler.go:588.56,590.50 1 1
github.com/scttfrdmn/cargoship/pkg/aws/s3/scheduler.go:590.50,591.31 1 1
github.com/scttfrdmn/cargoship/pkg/aws/s3/scheduler.go:591.31,594.36 2 0
github.com/scttfrdmn/cargoship/pkg/aws/s3/scheduler.go:594.36,596.5 1 0
github.com/scttfrdmn/cargoship/pkg/aws/s3/scheduler.go:597.9,597.76 1 1
github.com/scttfrdmn/cargoship/pkg/aws/s3/scheduler.go:597.76,600.67 2 1
github.com/scttfrdmn/cargoship/pkg/aws/s3/scheduler.go:600.67,602.5 1 0
github.com/scttfrdmn/cargoship/pkg/aws/s3/scheduler.go:605.3,605.39 1 1
github.com/scttfrdmn/cargoship/pkg/aws/s3/scheduler.go:609.57,612.48 1 1
github.com/scttfrdmn/cargoship/pkg/aws/s3/scheduler.go:612.48,614.3 1 1
github.com/scttfrdmn/cargoship/pkg/aws/s3/scheduler.go:617.60,620.2 0 1
github.com/scttfrdmn/cargoship/pkg/aws/s3/scheduler.go:622.60,625.2 0 1
github.com/scttfrdmn/cargoship/pkg/aws/s3/scheduler.go:627.62,630.2 0 1
github.com/scttfrdmn/cargoship/pkg/aws/s3/scheduler.go:632.54,635.2 0 1
github.com/scttfrdmn/cargoship/pkg/aws/s3/scheduler.go:637.58,640.2 0 1
github.com/scttfrdmn/cargoship/pkg/aws/s3/scheduler.go:642.58,645.2 0 1
github.com/scttfrdmn/cargoship/pkg/aws/s3/scheduler.go:648.82,654.2 4 1
github.com/scttfrdmn/cargoship/pkg/aws/s3/scheduler.go:657.102,661.59 3 1
github.com/scttfrdmn/cargoship/pkg/aws/s3/scheduler.go:661.59,663.3 1 1
github.com/scttfrdmn/cargoship/pkg/aws/s3/scheduler.go:666.2,666.40 1 0
github.com/scttfrdmn/cargoship/pkg/aws/s3/scheduler.go:666.40,669.3 2 0
github.com/scttfrdmn/cargoship/pkg/aws/s3/scheduler.go:672.105,673.28 1 0
github.com/scttfrdmn/cargoship/pkg/aws/s3/scheduler.go:673.28,675.3 1 0
github.com/scttfrdmn/cargoship/pkg/aws/s3/scheduler.go:677.2,678.40 2 0
github.com/scttfrdmn/cargoship/pkg/aws/s3/scheduler.go:678.40,680.3 1 0
github.com/scttfrdmn/cargoship/pkg/aws/s3/scheduler.go:683.2,684.38 2 0
github.com/scttfrdmn/cargoship/pkg/aws/s3/scheduler.go:684.38,686.3 1 0
github.com/scttfrdmn/cargoship/pkg/aws/s3/scheduler.go:687.2,690.38 3 0
github.com/scttfrdmn/cargoship/pkg/aws/s3/scheduler.go:690.38,693.3 2 0
github.com/scttfrdmn/cargoship/pkg/aws/s3/scheduler.go:694.2,697.36 3 0
github.com/scttfrdmn/cargoship/pkg/aws/s3/scheduler.go:700.101,702.47 1 0
github.com/scttfrdmn/cargoship/pkg/aws/s3/scheduler.go:702.47,703.60 1 0
github.com/scttfrdmn/cargoship/pkg/aws/s3/scheduler.go:703.60,713.4 5 0
github.com/scttfrdmn/cargoship/pkg/aws/s3/staging_transporter.go:36.177,40.26 2 1
github.com/scttfrdmn/cargoship/pkg/aws/s3/staging_transporter.go:40.26,42.3 1 1
github.com/scttfrdmn/cargoship/pkg/aws/s3/staging_transporter.go:44.2,44.19 1 1
github.com/scttfrdmn/cargoship/pkg/aws/s3/staging_transporter.go:44.19,46.3 1 1
github.com/scttfrdmn/cargoship/pkg/aws/s3/staging_transporter.go:48.2,55.33 2 1
github.com/scttfrdmn/cargoship/pkg/aws/s3/staging_transporter.go:55.33,73.17 4 1
github.com/scttfrdmn/cargoship/pkg/aws/s3/staging_transporter.go:73.17,75.4 1 0
github.com/scttfrdmn/cargoship/pkg/aws/s3/staging_transporter.go:77.3,80.57 1 1
github.com/scttfrdmn/cargoship/pkg/aws/s3/staging_transporter.go:81.8,83.3 1 1
github.com/scttfrdmn/cargoship/pkg/aws/s3/staging_transporter.go:85.2,85.16 1 1
github.com/scttfrdmn/cargoship/pkg/aws/s3/staging_transporter.go:89.44,97.2 1 1
github.com/scttfrdmn/cargoship/pkg/aws/s3/staging_transporter.go:100.110,101.57 1 1
github.com/scttfrdmn/cargoship/pkg/aws/s3/staging_transporter.go:101.57,104.3 1 0
github.com/scttfrdmn/cargoship/pkg/aws/s3/staging_transporter.go:106.2,128.16 5 1
github.com/scttfrdmn/cargoship/pkg/aws/s3/staging_transporter.go:128.16,135.3 2 0
github.com/scttfrdmn/cargoship/pkg/aws/s3/staging_transporter.go:138.2,147.20 3 1
github.com/scttfrdmn/cargoship/pkg/aws/s3/staging_transporter.go:151.142,154.39 2 1
github.com/scttfrdmn/cargoship/pkg/aws/s3/staging_transporter.go:154.39,156.3 1 0
github.com/scttfrdmn/cargoship/pkg/aws/s3/staging_transporter.go:158.2,158.20 1 1
github.com/scttfrdmn/cargoship/pkg/aws/s3/staging_transporter.go:162.127,167.75 2 1
github.com/scttfrdmn/cargoship/pkg/aws/s3/staging_transporter.go:167.75,169.3 1 1
github.com/scttfrdmn/cargoship/pkg/aws/s3/staging_transporter.go:172.2,172.68 1 0
github.com/scttfrdmn/cargoship/pkg/aws/s3/staging_transporter.go:176.156,181.2 2 1
github.com/scttfrdmn/cargoship/pkg/aws/s3/staging_transporter.go:184.167,194.16 3 0
github.com/scttfrdmn/cargoship/pkg/aws/s3/staging_transporter.go:194.16,196.3 1 0
github.com/scttfrdmn/cargoship/pkg/aws/s3/staging_transporter.go:198.2,205.16 5 0
github.com/scttfrdmn/cargoship/pkg/aws/s3/staging_transporter.go:205.16,207.97 1 0
github.com/scttfrdmn/cargoship/pkg/aws/s3/staging_transporter.go:207.97,209.4 1 0
github.com/scttfrdmn/cargoship/pkg/aws/s3/staging_transporter.go:210.3,210.60 1 0
github.com/scttfrdmn/cargoship/pkg/aws/s3/staging_transporter.go:214.2,222.16 2 0
github.com/scttfrdmn/cargoship/pkg/aws/s3/staging_transporter.go:222.16,224.3 1 0
github.com/scttfrdmn/cargoship/pkg/aws/s3/staging_transporter.go:226.2,237.8 3 0
github.com/scttfrdmn/cargoship/pkg/aws/s3/staging_transporter.go:241.138,246.6 4 0
github.com/scttfrdmn/cargoship/pkg/aws/s3/staging_transporter.go:246.6,249.20 2 0
github.com/scttfrdmn/cargoship/pkg/aws/s3/staging_transporter.go:249.20,250.9 1 0
github.com/scttfrdmn/cargoship/pkg/aws/s3/staging_transporter.go:252.3,252.17 1 0
github.com/scttfrdmn/cargoship/pkg/aws/s3/staging_transporter.go:252.17,254.4 1 0
github.com/scttfrdmn/cargoship/pkg/aws/s3/staging_transporter.go:256.3,269.66 3 0
github.com/scttfrdmn/cargoship/pkg/aws/s3/staging_transporter.go:269.66,272.4 1 0
github.com/scttfrdmn/cargoship/pkg/aws/s3/staging_transporter.go:275.3,282.17 2 0
github.com/scttfrdmn/cargoship/pkg/aws/s3/staging_transporter.go:282.17,284.4 1 0
github.com/scttfrdmn/cargoship/pkg/aws/s3/staging_transporter.go:287.3,302.10 6 0
github.com/scttfrdmn/cargoship/pkg/aws/s3/staging_transporter.go:303.21,304.25 1 0
github.com/scttfrdmn/cargoship/pkg/aws/s3/staging_transporter.go:305.11,305.11 0 0
github.com/scttfrdmn/cargoship/pkg/aws/s3/staging_transporter.go:309.2,309.28 1 0
github.com/scttfrdmn/cargoship/pkg/aws/s3/staging_transporter.go:313.110,314.29 1 1
github.com/scttfrdmn/cargoship/pkg/aws/s3/staging_transporter.go:314.29,316.3 1 0
github.com/scttfrdmn/cargoship/pkg/aws/s3/staging_transporter.go:319.2,332.60 2 1
github.com/scttfrdmn/cargoship/pkg/aws/s3/staging_transporter.go:336.82,337.31 1 1
github.com/scttfrdmn/cargoship/pkg/aws/s3/staging_transporter.go:337.31,339.3 1 1
github.com/scttfrdmn/cargoship/pkg/aws/s3/staging_transporter.go:341.2,341.62 1 1
github.com/scttfrdmn/cargoship/pkg/aws/s3/staging_transporter.go:345.86,358.2 1 1
github.com/scttfrdmn/cargoship/pkg/aws/s3/staging_transporter.go:361.82,362.25 1 1
github.com/scttfrdmn/cargoship/pkg/aws/s3/staging_transporter.go:363.31,364.22 1 1
github.com/scttfrdmn/cargoship/pkg/aws/s3/staging_transporter.go:365.13,366.18 1 1
github.com/scttfrdmn/cargoship/pkg/aws/s3/staging_transporter.go:367.10,368.18 1 1
github.com/scttfrdmn/cargoship/pkg/aws/s3/staging_transporter.go:373.108,377.18 3 1
github.com/scttfrdmn/cargoship/pkg/aws/s3/staging_transporter.go:377.18,381.3 3 1
github.com/scttfrdmn/cargoship/pkg/aws/s3/staging_transporter.go:385.98,386.53 1 1
github.com/scttfrdmn/cargoship/pkg/aws/s3/staging_transporter.go:386.53,388.3 1 1
github.com/scttfrdmn/cargoship/pkg/aws/s3/staging_transporter.go:391.2,392.72 2 1
github.com/scttfrdmn/cargoship/pkg/aws/s3/staging_transporter.go:396.101,403.2 2 0
github.com/scttfrdmn/cargoship/pkg/aws/s3/staging_transporter.go:406.75,407.29 1 1
github.com/scttfrdmn/cargoship/pkg/aws/s3/staging_transporter.go:407.29,409.3 1 1
github.com/scttfrdmn/cargoship/pkg/aws/s3/staging_transporter.go:411.2,411.38 1 1
github.com/scttfrdmn/cargoship/pkg/aws/s3/staging_transporter.go:415.44,416.29 1 1
github.com/scttfrdmn/cargoship/pkg/aws/s3/staging_transporter.go:416.29,418.3 1 1
github.com/scttfrdmn/cargoship/pkg/aws/s3/staging_transporter.go:419.2,419.12 1 1
github.com/scttfrdmn/cargoship/pkg/aws/s3/staging_transporter.go:450.58,451.31 1 1
github.com/scttfrdmn/cargoship/pkg/aws/s3/staging_transporter.go:451.31,453.3 1 1
github.com/scttfrdmn/cargoship/pkg/aws/s3/staging_transporter.go:455.2,457.15 3 1
github.com/scttfrdmn/cargoship/pkg/aws/s3/staging_transporter.go:461.70,462.16 1 1
github.com/scttfrdmn/cargoship/pkg/aws/s3/staging_transporter.go:463.20,464.26 1 1
github.com/scttfrdmn/cargoship/pkg/aws/s3/staging_transporter.go:465.22,466.27 1 1
github.com/scttfrdmn/cargoship/pkg/aws/s3/staging_transporter.go:467.18,468.41 1 1
github.com/scttfrdmn/cargoship/pkg/aws/s3/staging_transporter.go:471.2,471.19 1 1
github.com/scttfrdmn/cargoship/pkg/aws/s3/staging_transporter.go:471.19,473.3 1 1
github.com/scttfrdmn/cargoship/pkg/aws/s3/staging_transporter.go:474.2,474.30 1 1
github.com/scttfrdmn/cargoship/pkg/aws/s3/staging_transporter.go:474.30,476.3 1 1
github.com/scttfrdmn/cargoship/pkg/aws/s3/staging_transporter.go:478.2,478.30 1 1
github.com/scttfrdmn/cargoship/pkg/aws/s3/transporter.go:52.80,53.68 1 1
github.com/scttfrdmn/cargoship/pkg/aws/s3/transporter.go:53.68,58.3 4 1
github.com/scttfrdmn/cargoship/pkg/aws/s3/transporter.go:60.2,64.3 1 1
github.com/scttfrdmn/cargoship/pkg/aws/s3/transporter.go:68.91,84.29 4 1
github.com/scttfrdmn/cargoship/pkg/aws/s3/transporter.go:84.29,87.3 2 0
github.com/scttfrdmn/cargoship/pkg/aws/s3/transporter.go:90.2,91.16 2 1
github.com/scttfrdmn/cargoship/pkg/aws/s3/transporter.go:91.16,93.3 1 0
github.com/scttfrdmn/cargoship/pkg/aws/s3/transporter.go:95.2,106.8 3 1
github.com/scttfrdmn/cargoship/pkg/aws/s3/transporter.go:110.80,112.63 1 1
github.com/scttfrdmn/cargoship/pkg/aws/s3/transporter.go:112.63,114.3 1 1
github.com/scttfrdmn/cargoship/pkg/aws/s3/transporter.go:117.2,117.71 1 1
github.com/scttfrdmn/cargoship/pkg/aws/s3/transporter.go:117.71,119.3 1 1
github.com/scttfrdmn/cargoship/pkg/aws/s3/transporter.go:122.2,122.67 1 1
github.com/scttfrdmn/cargoship/pkg/aws/s3/transporter.go:122.67,124.3 1 1
github.com/scttfrdmn/cargoship/pkg/aws/s3/transporter.go:127.2,127.43 1 1
github.com/scttfrdmn/cargoship/pkg/aws/s3/transporter.go:127.43,129.3 1 1
github.com/scttfrdmn/cargoship/pkg/aws/s3/transporter.go:132.2,132.71 1 1
github.com/scttfrdmn/cargoship/pkg/aws/s3/transporter.go:132.71,134.3 1 1
github.com/scttfrdmn/cargoship/pkg/aws/s3/transporter.go:137.2,137.35 1 1
github.com/scttfrdmn/cargoship/pkg/aws/s3/transporter.go:141.72,145.37 2 1
github.com/scttfrdmn/cargoship/pkg/aws/s3/transporter.go:145.37,147.3 1 1
github.com/scttfrdmn/cargoship/pkg/aws/s3/transporter.go:150.2,155.33 5 1
github.com/scttfrdmn/cargoship/pkg/aws/s3/transporter.go:155.33,157.3 1 1
github.com/scttfrdmn/cargoship/pkg/aws/s3/transporter.go:159.2,159.31 1 1
github.com/scttfrdmn/cargoship/pkg/aws/s3/transporter.go:159.31,161.3 1 1
github.com/scttfrdmn/cargoship/pkg/aws/s3/transporter.go:163.2,163.17 1 1
github.com/scttfrdmn/cargoship/pkg/aws/s3/transporter.go:167.77,173.16 2 1
github.com/scttfrdmn/cargoship/pkg/aws/s3/transporter.go:173.16,176.32 2 0
github.com/scttfrdmn/cargoship/pkg/aws/s3/transporter.go:176.32,178.4 1 0
github.com/scttfrdmn/cargoship/pkg/aws/s3/transporter.go:179.3,179.20 1 0
github.com/scttfrdmn/cargoship/pkg/aws/s3/transporter.go:182.2,182.18 1 0
github.com/scttfrdmn/cargoship/pkg/aws/s3/transporter.go:186.100,191.2 1 1
