mode: set
github.com/scttfrdmn/cargoship/pkg/staging/adaptive_controller.go:91.90,100.2 1 1
github.com/scttfrdmn/cargoship/pkg/staging/adaptive_controller.go:103.73,107.16 3 1
github.com/scttfrdmn/cargoship/pkg/staging/adaptive_controller.go:107.16,109.3 1 1
github.com/scttfrdmn/cargoship/pkg/staging/adaptive_controller.go:111.2,117.12 4 1
github.com/scttfrdmn/cargoship/pkg/staging/adaptive_controller.go:121.53,125.17 3 1
github.com/scttfrdmn/cargoship/pkg/staging/adaptive_controller.go:125.17,127.3 1 0
github.com/scttfrdmn/cargoship/pkg/staging/adaptive_controller.go:129.2,132.12 3 1
github.com/scttfrdmn/cargoship/pkg/staging/adaptive_controller.go:136.138,140.26 3 1
github.com/scttfrdmn/cargoship/pkg/staging/adaptive_controller.go:140.26,142.3 1 1
github.com/scttfrdmn/cargoship/pkg/staging/adaptive_controller.go:144.2,159.12 3 1
github.com/scttfrdmn/cargoship/pkg/staging/adaptive_controller.go:163.83,168.13 4 1
github.com/scttfrdmn/cargoship/pkg/staging/adaptive_controller.go:168.13,170.3 1 1
github.com/scttfrdmn/cargoship/pkg/staging/adaptive_controller.go:172.2,180.12 4 1
github.com/scttfrdmn/cargoship/pkg/staging/adaptive_controller.go:184.96,199.54 4 1
github.com/scttfrdmn/cargoship/pkg/staging/adaptive_controller.go:199.54,200.21 1 1
github.com/scttfrdmn/cargoship/pkg/staging/adaptive_controller.go:200.21,202.18 2 1
github.com/scttfrdmn/cargoship/pkg/staging/adaptive_controller.go:202.18,203.13 1 0
github.com/scttfrdmn/cargoship/pkg/staging/adaptive_controller.go:208.2,208.12 1 1
github.com/scttfrdmn/cargoship/pkg/staging/adaptive_controller.go:212.116,214.13 2 1
github.com/scttfrdmn/cargoship/pkg/staging/adaptive_controller.go:214.13,216.3 1 0
github.com/scttfrdmn/cargoship/pkg/staging/adaptive_controller.go:218.2,235.55 8 1
github.com/scttfrdmn/cargoship/pkg/staging/adaptive_controller.go:235.55,237.3 1 0
github.com/scttfrdmn/cargoship/pkg/staging/adaptive_controller.go:239.2,239.12 1 1
github.com/scttfrdmn/cargoship/pkg/staging/adaptive_controller.go:243.133,250.24 4 1
github.com/scttfrdmn/cargoship/pkg/staging/adaptive_controller.go:250.24,252.67 2 1
github.com/scttfrdmn/cargoship/pkg/staging/adaptive_controller.go:252.67,254.4 1 1
github.com/scttfrdmn/cargoship/pkg/staging/adaptive_controller.go:258.2,258.55 1 1
github.com/scttfrdmn/cargoship/pkg/staging/adaptive_controller.go:258.55,260.3 1 0
github.com/scttfrdmn/cargoship/pkg/staging/adaptive_controller.go:263.2,264.28 2 1
github.com/scttfrdmn/cargoship/pkg/staging/adaptive_controller.go:264.28,266.3 1 0
github.com/scttfrdmn/cargoship/pkg/staging/adaptive_controller.go:268.2,268.19 1 1
github.com/scttfrdmn/cargoship/pkg/staging/adaptive_controller.go:272.174,277.13 4 1
github.com/scttfrdmn/cargoship/pkg/staging/adaptive_controller.go:277.13,279.3 1 0
github.com/scttfrdmn/cargoship/pkg/staging/adaptive_controller.go:281.2,298.50 6 1
github.com/scttfrdmn/cargoship/pkg/staging/adaptive_controller.go:298.50,300.3 1 0
github.com/scttfrdmn/cargoship/pkg/staging/adaptive_controller.go:301.2,301.46 1 1
github.com/scttfrdmn/cargoship/pkg/staging/adaptive_controller.go:301.46,303.3 1 0
github.com/scttfrdmn/cargoship/pkg/staging/adaptive_controller.go:306.2,308.12 2 1
github.com/scttfrdmn/cargoship/pkg/staging/adaptive_controller.go:312.87,316.6 3 1
github.com/scttfrdmn/cargoship/pkg/staging/adaptive_controller.go:316.6,317.10 1 1
github.com/scttfrdmn/cargoship/pkg/staging/adaptive_controller.go:318.21,319.10 1 1
github.com/scttfrdmn/cargoship/pkg/staging/adaptive_controller.go:320.19,321.36 1 0
github.com/scttfrdmn/cargoship/pkg/staging/adaptive_controller.go:327.69,330.46 3 0
github.com/scttfrdmn/cargoship/pkg/staging/adaptive_controller.go:330.46,331.21 1 0
github.com/scttfrdmn/cargoship/pkg/staging/adaptive_controller.go:331.21,333.4 1 0
github.com/scttfrdmn/cargoship/pkg/staging/adaptive_controller.go:335.2,337.35 2 0
github.com/scttfrdmn/cargoship/pkg/staging/adaptive_controller.go:337.35,339.3 1 0
github.com/scttfrdmn/cargoship/pkg/staging/adaptive_controller.go:343.92,344.41 1 0
github.com/scttfrdmn/cargoship/pkg/staging/adaptive_controller.go:344.41,346.3 1 0
github.com/scttfrdmn/cargoship/pkg/staging/adaptive_controller.go:349.2,349.54 1 0
github.com/scttfrdmn/cargoship/pkg/staging/adaptive_controller.go:349.54,351.3 1 0
github.com/scttfrdmn/cargoship/pkg/staging/adaptive_controller.go:354.2,355.30 2 0
github.com/scttfrdmn/cargoship/pkg/staging/adaptive_controller.go:355.30,357.3 1 0
github.com/scttfrdmn/cargoship/pkg/staging/adaptive_controller.go:359.2,364.37 4 0
github.com/scttfrdmn/cargoship/pkg/staging/adaptive_controller.go:364.37,366.3 1 0
github.com/scttfrdmn/cargoship/pkg/staging/adaptive_controller.go:369.2,374.44 4 0
github.com/scttfrdmn/cargoship/pkg/staging/adaptive_controller.go:374.44,377.3 2 0
github.com/scttfrdmn/cargoship/pkg/staging/adaptive_controller.go:380.2,380.28 1 0
github.com/scttfrdmn/cargoship/pkg/staging/adaptive_controller.go:380.28,383.3 2 0
github.com/scttfrdmn/cargoship/pkg/staging/adaptive_controller.go:386.2,387.22 2 0
github.com/scttfrdmn/cargoship/pkg/staging/adaptive_controller.go:387.22,390.3 2 0
github.com/scttfrdmn/cargoship/pkg/staging/adaptive_controller.go:392.2,392.22 1 0
github.com/scttfrdmn/cargoship/pkg/staging/adaptive_controller.go:392.22,394.3 1 0
github.com/scttfrdmn/cargoship/pkg/staging/adaptive_controller.go:398.135,400.22 2 0
github.com/scttfrdmn/cargoship/pkg/staging/adaptive_controller.go:400.22,402.3 1 0
github.com/scttfrdmn/cargoship/pkg/staging/adaptive_controller.go:404.2,408.16 4 0
github.com/scttfrdmn/cargoship/pkg/staging/adaptive_controller.go:408.16,411.3 1 0
github.com/scttfrdmn/cargoship/pkg/staging/adaptive_controller.go:415.156,419.16 3 0
github.com/scttfrdmn/cargoship/pkg/staging/adaptive_controller.go:420.26,421.75 1 0
github.com/scttfrdmn/cargoship/pkg/staging/adaptive_controller.go:422.31,423.80 1 0
github.com/scttfrdmn/cargoship/pkg/staging/adaptive_controller.go:424.25,425.70 1 0
github.com/scttfrdmn/cargoship/pkg/staging/adaptive_controller.go:429.2,429.52 1 0
github.com/scttfrdmn/cargoship/pkg/staging/adaptive_controller.go:433.167,435.107 1 0
github.com/scttfrdmn/cargoship/pkg/staging/adaptive_controller.go:435.107,437.3 1 0
github.com/scttfrdmn/cargoship/pkg/staging/adaptive_controller.go:440.2,440.22 1 0
github.com/scttfrdmn/cargoship/pkg/staging/adaptive_controller.go:440.22,443.3 2 0
github.com/scttfrdmn/cargoship/pkg/staging/adaptive_controller.go:446.2,446.54 1 0
github.com/scttfrdmn/cargoship/pkg/staging/adaptive_controller.go:446.54,448.3 1 0
github.com/scttfrdmn/cargoship/pkg/staging/adaptive_controller.go:450.2,450.15 1 0
github.com/scttfrdmn/cargoship/pkg/staging/adaptive_controller.go:454.172,456.28 1 0
github.com/scttfrdmn/cargoship/pkg/staging/adaptive_controller.go:456.28,458.3 1 0
github.com/scttfrdmn/cargoship/pkg/staging/adaptive_controller.go:461.2,467.15 4 0
github.com/scttfrdmn/cargoship/pkg/staging/adaptive_controller.go:471.162,489.2 9 0
github.com/scttfrdmn/cargoship/pkg/staging/adaptive_controller.go:494.109,495.25 1 0
github.com/scttfrdmn/cargoship/pkg/staging/adaptive_controller.go:495.25,497.3 1 0
github.com/scttfrdmn/cargoship/pkg/staging/adaptive_controller.go:499.2,500.37 2 0
github.com/scttfrdmn/cargoship/pkg/staging/adaptive_controller.go:500.37,502.3 1 0
github.com/scttfrdmn/cargoship/pkg/staging/adaptive_controller.go:504.2,504.40 1 0
github.com/scttfrdmn/cargoship/pkg/staging/adaptive_controller.go:508.107,509.24 1 0
github.com/scttfrdmn/cargoship/pkg/staging/adaptive_controller.go:509.24,511.3 1 0
github.com/scttfrdmn/cargoship/pkg/staging/adaptive_controller.go:514.2,520.19 5 0
github.com/scttfrdmn/cargoship/pkg/staging/adaptive_controller.go:520.19,522.3 1 0
github.com/scttfrdmn/cargoship/pkg/staging/adaptive_controller.go:524.2,524.42 1 0
github.com/scttfrdmn/cargoship/pkg/staging/adaptive_controller.go:528.133,529.22 1 0
github.com/scttfrdmn/cargoship/pkg/staging/adaptive_controller.go:529.22,531.3 1 0
github.com/scttfrdmn/cargoship/pkg/staging/adaptive_controller.go:534.2,538.28 3 0
github.com/scttfrdmn/cargoship/pkg/staging/adaptive_controller.go:538.28,540.3 1 0
github.com/scttfrdmn/cargoship/pkg/staging/adaptive_controller.go:541.2,547.56 4 0
github.com/scttfrdmn/cargoship/pkg/staging/adaptive_controller.go:551.99,555.2 1 0
github.com/scttfrdmn/cargoship/pkg/staging/adaptive_controller.go:558.135,564.67 3 0
github.com/scttfrdmn/cargoship/pkg/staging/adaptive_controller.go:564.67,567.3 1 0
github.com/scttfrdmn/cargoship/pkg/staging/adaptive_controller.go:570.2,573.41 2 0
github.com/scttfrdmn/cargoship/pkg/staging/adaptive_controller.go:573.41,575.3 1 0
github.com/scttfrdmn/cargoship/pkg/staging/adaptive_controller.go:576.2,576.41 1 0
github.com/scttfrdmn/cargoship/pkg/staging/adaptive_controller.go:576.41,578.3 1 0
github.com/scttfrdmn/cargoship/pkg/staging/adaptive_controller.go:580.2,580.16 1 0
github.com/scttfrdmn/cargoship/pkg/staging/adaptive_controller.go:584.124,585.49 1 1
github.com/scttfrdmn/cargoship/pkg/staging/adaptive_controller.go:585.49,586.32 1 1
github.com/scttfrdmn/cargoship/pkg/staging/adaptive_controller.go:586.32,588.4 1 1
github.com/scttfrdmn/cargoship/pkg/staging/adaptive_controller.go:595.92,600.2 3 1
github.com/scttfrdmn/cargoship/pkg/staging/adaptive_controller.go:603.89,609.47 4 1
github.com/scttfrdmn/cargoship/pkg/staging/adaptive_controller.go:609.47,612.3 2 1
github.com/scttfrdmn/cargoship/pkg/staging/adaptive_controller.go:614.2,614.15 1 1
github.com/scttfrdmn/cargoship/pkg/staging/adaptive_controller.go:618.103,623.13 4 1
github.com/scttfrdmn/cargoship/pkg/staging/adaptive_controller.go:623.13,625.3 1 1
github.com/scttfrdmn/cargoship/pkg/staging/adaptive_controller.go:628.2,629.26 2 1
github.com/scttfrdmn/cargoship/pkg/staging/adaptive_controller.go:635.54,645.2 1 1
github.com/scttfrdmn/cargoship/pkg/staging/adaptive_controller.go:648.40,656.2 1 1
github.com/scttfrdmn/cargoship/pkg/staging/adaptive_controller.go:659.48,666.2 1 1
github.com/scttfrdmn/cargoship/pkg/staging/adaptive_controller.go:669.56,676.2 1 1
github.com/scttfrdmn/cargoship/pkg/staging/adaptive_controller.go:697.46,703.2 1 1
github.com/scttfrdmn/cargoship/pkg/staging/adaptive_controller.go:706.106,720.41 5 1
github.com/scttfrdmn/cargoship/pkg/staging/adaptive_controller.go:720.41,724.3 2 1
github.com/scttfrdmn/cargoship/pkg/staging/adaptive_controller.go:728.69,735.40 4 1
github.com/scttfrdmn/cargoship/pkg/staging/adaptive_controller.go:735.40,737.3 1 0
github.com/scttfrdmn/cargoship/pkg/staging/adaptive_controller.go:747.66,751.2 1 1
github.com/scttfrdmn/cargoship/pkg/staging/adaptive_controller.go:754.107,758.43 3 1
github.com/scttfrdmn/cargoship/pkg/staging/adaptive_controller.go:758.43,760.3 1 1
github.com/scttfrdmn/cargoship/pkg/staging/adaptive_controller.go:762.2,766.57 3 1
github.com/scttfrdmn/cargoship/pkg/staging/adaptive_controller.go:766.57,768.3 1 1
github.com/scttfrdmn/cargoship/pkg/staging/adaptive_controller.go:773.24,774.11 1 1
github.com/scttfrdmn/cargoship/pkg/staging/adaptive_controller.go:774.11,776.3 1 1
github.com/scttfrdmn/cargoship/pkg/staging/adaptive_controller.go:777.2,777.10 1 1
github.com/scttfrdmn/cargoship/pkg/staging/adaptive_controller.go:780.24,781.11 1 1
github.com/scttfrdmn/cargoship/pkg/staging/adaptive_controller.go:781.11,783.3 1 1
github.com/scttfrdmn/cargoship/pkg/staging/adaptive_controller.go:784.2,784.10 1 1
github.com/scttfrdmn/cargoship/pkg/staging/bandwidth_optimizer.go:77.74,88.2 1 1
github.com/scttfrdmn/cargoship/pkg/staging/bandwidth_optimizer.go:91.64,95.15 3 1
github.com/scttfrdmn/cargoship/pkg/staging/bandwidth_optimizer.go:95.15,97.3 1 1
github.com/scttfrdmn/cargoship/pkg/staging/bandwidth_optimizer.go:99.2,111.12 6 1
github.com/scttfrdmn/cargoship/pkg/staging/bandwidth_optimizer.go:115.44,119.16 3 1
github.com/scttfrdmn/cargoship/pkg/staging/bandwidth_optimizer.go:119.16,121.3 1 0
github.com/scttfrdmn/cargoship/pkg/staging/bandwidth_optimizer.go:123.2,126.12 3 1
github.com/scttfrdmn/cargoship/pkg/staging/bandwidth_optimizer.go:130.69,134.6 3 1
github.com/scttfrdmn/cargoship/pkg/staging/bandwidth_optimizer.go:134.6,135.10 1 1
github.com/scttfrdmn/cargoship/pkg/staging/bandwidth_optimizer.go:136.21,137.10 1 1
github.com/scttfrdmn/cargoship/pkg/staging/bandwidth_optimizer.go:138.19,139.28 1 0
github.com/scttfrdmn/cargoship/pkg/staging/bandwidth_optimizer.go:145.53,154.27 5 1
github.com/scttfrdmn/cargoship/pkg/staging/bandwidth_optimizer.go:154.27,156.3 1 0
github.com/scttfrdmn/cargoship/pkg/staging/bandwidth_optimizer.go:159.2,162.71 2 1
github.com/scttfrdmn/cargoship/pkg/staging/bandwidth_optimizer.go:166.58,181.21 8 1
github.com/scttfrdmn/cargoship/pkg/staging/bandwidth_optimizer.go:181.21,183.3 1 1
github.com/scttfrdmn/cargoship/pkg/staging/bandwidth_optimizer.go:186.2,196.64 5 1
github.com/scttfrdmn/cargoship/pkg/staging/bandwidth_optimizer.go:200.96,205.25 3 1
github.com/scttfrdmn/cargoship/pkg/staging/bandwidth_optimizer.go:205.25,207.3 1 0
github.com/scttfrdmn/cargoship/pkg/staging/bandwidth_optimizer.go:209.2,216.16 2 1
github.com/scttfrdmn/cargoship/pkg/staging/bandwidth_optimizer.go:217.26,218.80 1 0
github.com/scttfrdmn/cargoship/pkg/staging/bandwidth_optimizer.go:219.20,220.74 1 0
github.com/scttfrdmn/cargoship/pkg/staging/bandwidth_optimizer.go:221.25,222.78 1 1
github.com/scttfrdmn/cargoship/pkg/staging/bandwidth_optimizer.go:223.29,224.82 1 0
github.com/scttfrdmn/cargoship/pkg/staging/bandwidth_optimizer.go:225.10,226.68 1 0
github.com/scttfrdmn/cargoship/pkg/staging/bandwidth_optimizer.go:230.2,233.23 3 1
github.com/scttfrdmn/cargoship/pkg/staging/bandwidth_optimizer.go:237.124,239.39 1 1
github.com/scttfrdmn/cargoship/pkg/staging/bandwidth_optimizer.go:239.39,241.3 1 0
github.com/scttfrdmn/cargoship/pkg/staging/bandwidth_optimizer.go:244.2,244.52 1 1
github.com/scttfrdmn/cargoship/pkg/staging/bandwidth_optimizer.go:244.52,246.3 1 0
github.com/scttfrdmn/cargoship/pkg/staging/bandwidth_optimizer.go:249.2,249.83 1 1
github.com/scttfrdmn/cargoship/pkg/staging/bandwidth_optimizer.go:249.83,251.3 1 0
github.com/scttfrdmn/cargoship/pkg/staging/bandwidth_optimizer.go:254.2,254.39 1 1
github.com/scttfrdmn/cargoship/pkg/staging/bandwidth_optimizer.go:254.39,256.3 1 1
github.com/scttfrdmn/cargoship/pkg/staging/bandwidth_optimizer.go:259.2,259.39 1 0
github.com/scttfrdmn/cargoship/pkg/staging/bandwidth_optimizer.go:259.39,261.3 1 0
github.com/scttfrdmn/cargoship/pkg/staging/bandwidth_optimizer.go:264.2,264.83 1 0
github.com/scttfrdmn/cargoship/pkg/staging/bandwidth_optimizer.go:264.83,266.3 1 0
github.com/scttfrdmn/cargoship/pkg/staging/bandwidth_optimizer.go:268.2,268.31 1 0
github.com/scttfrdmn/cargoship/pkg/staging/bandwidth_optimizer.go:272.149,280.38 3 0
github.com/scttfrdmn/cargoship/pkg/staging/bandwidth_optimizer.go:280.38,282.3 1 0
github.com/scttfrdmn/cargoship/pkg/staging/bandwidth_optimizer.go:282.8,284.3 1 0
github.com/scttfrdmn/cargoship/pkg/staging/bandwidth_optimizer.go:287.2,294.12 2 0
github.com/scttfrdmn/cargoship/pkg/staging/bandwidth_optimizer.go:298.143,317.2 5 0
github.com/scttfrdmn/cargoship/pkg/staging/bandwidth_optimizer.go:320.147,337.2 5 1
github.com/scttfrdmn/cargoship/pkg/staging/bandwidth_optimizer.go:340.151,357.2 5 0
github.com/scttfrdmn/cargoship/pkg/staging/bandwidth_optimizer.go:360.137,367.2 5 0
github.com/scttfrdmn/cargoship/pkg/staging/bandwidth_optimizer.go:372.94,381.52 4 1
github.com/scttfrdmn/cargoship/pkg/staging/bandwidth_optimizer.go:381.52,383.3 1 0
github.com/scttfrdmn/cargoship/pkg/staging/bandwidth_optimizer.go:384.2,384.52 1 1
github.com/scttfrdmn/cargoship/pkg/staging/bandwidth_optimizer.go:384.52,386.3 1 0
github.com/scttfrdmn/cargoship/pkg/staging/bandwidth_optimizer.go:388.2,388.28 1 1
github.com/scttfrdmn/cargoship/pkg/staging/bandwidth_optimizer.go:392.92,395.22 2 1
github.com/scttfrdmn/cargoship/pkg/staging/bandwidth_optimizer.go:395.22,397.3 1 0
github.com/scttfrdmn/cargoship/pkg/staging/bandwidth_optimizer.go:399.2,406.44 4 1
github.com/scttfrdmn/cargoship/pkg/staging/bandwidth_optimizer.go:406.44,408.3 1 1
github.com/scttfrdmn/cargoship/pkg/staging/bandwidth_optimizer.go:409.2,409.44 1 1
github.com/scttfrdmn/cargoship/pkg/staging/bandwidth_optimizer.go:409.44,411.3 1 0
github.com/scttfrdmn/cargoship/pkg/staging/bandwidth_optimizer.go:413.2,413.20 1 1
github.com/scttfrdmn/cargoship/pkg/staging/bandwidth_optimizer.go:417.66,428.66 5 1
github.com/scttfrdmn/cargoship/pkg/staging/bandwidth_optimizer.go:428.66,430.3 1 0
github.com/scttfrdmn/cargoship/pkg/staging/bandwidth_optimizer.go:432.2,434.49 2 1
github.com/scttfrdmn/cargoship/pkg/staging/bandwidth_optimizer.go:438.59,445.32 3 1
github.com/scttfrdmn/cargoship/pkg/staging/bandwidth_optimizer.go:445.32,447.3 1 0
github.com/scttfrdmn/cargoship/pkg/staging/bandwidth_optimizer.go:447.8,447.39 1 1
github.com/scttfrdmn/cargoship/pkg/staging/bandwidth_optimizer.go:447.39,449.3 1 1
github.com/scttfrdmn/cargoship/pkg/staging/bandwidth_optimizer.go:451.2,451.28 1 1
github.com/scttfrdmn/cargoship/pkg/staging/bandwidth_optimizer.go:455.73,468.64 5 1
github.com/scttfrdmn/cargoship/pkg/staging/bandwidth_optimizer.go:468.64,470.3 1 0
github.com/scttfrdmn/cargoship/pkg/staging/bandwidth_optimizer.go:473.2,473.24 1 1
github.com/scttfrdmn/cargoship/pkg/staging/bandwidth_optimizer.go:473.24,475.3 1 0
github.com/scttfrdmn/cargoship/pkg/staging/bandwidth_optimizer.go:475.8,475.31 1 1
github.com/scttfrdmn/cargoship/pkg/staging/bandwidth_optimizer.go:475.31,477.3 1 0
github.com/scttfrdmn/cargoship/pkg/staging/bandwidth_optimizer.go:477.8,477.31 1 1
github.com/scttfrdmn/cargoship/pkg/staging/bandwidth_optimizer.go:477.31,479.3 1 1
github.com/scttfrdmn/cargoship/pkg/staging/bandwidth_optimizer.go:479.8,479.31 1 0
github.com/scttfrdmn/cargoship/pkg/staging/bandwidth_optimizer.go:479.31,481.3 1 0
github.com/scttfrdmn/cargoship/pkg/staging/bandwidth_optimizer.go:483.2,483.30 1 0
github.com/scttfrdmn/cargoship/pkg/staging/bandwidth_optimizer.go:487.134,491.32 2 1
github.com/scttfrdmn/cargoship/pkg/staging/bandwidth_optimizer.go:491.32,493.3 1 0
github.com/scttfrdmn/cargoship/pkg/staging/bandwidth_optimizer.go:494.2,494.33 1 1
github.com/scttfrdmn/cargoship/pkg/staging/bandwidth_optimizer.go:494.33,496.3 1 0
github.com/scttfrdmn/cargoship/pkg/staging/bandwidth_optimizer.go:499.2,499.32 1 1
github.com/scttfrdmn/cargoship/pkg/staging/bandwidth_optimizer.go:499.32,501.3 1 0
github.com/scttfrdmn/cargoship/pkg/staging/bandwidth_optimizer.go:504.2,507.50 3 1
github.com/scttfrdmn/cargoship/pkg/staging/bandwidth_optimizer.go:511.119,515.20 2 1
github.com/scttfrdmn/cargoship/pkg/staging/bandwidth_optimizer.go:516.26,517.52 1 0
github.com/scttfrdmn/cargoship/pkg/staging/bandwidth_optimizer.go:518.20,519.43 1 0
github.com/scttfrdmn/cargoship/pkg/staging/bandwidth_optimizer.go:520.25,521.51 1 1
github.com/scttfrdmn/cargoship/pkg/staging/bandwidth_optimizer.go:522.29,523.20 1 0
github.com/scttfrdmn/cargoship/pkg/staging/bandwidth_optimizer.go:524.10,525.20 1 0
github.com/scttfrdmn/cargoship/pkg/staging/bandwidth_optimizer.go:528.2,528.35 1 1
github.com/scttfrdmn/cargoship/pkg/staging/bandwidth_optimizer.go:532.120,533.52 1 1
github.com/scttfrdmn/cargoship/pkg/staging/bandwidth_optimizer.go:533.52,534.36 1 1
github.com/scttfrdmn/cargoship/pkg/staging/bandwidth_optimizer.go:534.36,536.4 1 1
github.com/scttfrdmn/cargoship/pkg/staging/bandwidth_optimizer.go:543.77,550.2 4 1
github.com/scttfrdmn/cargoship/pkg/staging/bandwidth_optimizer.go:553.91,558.2 3 1
github.com/scttfrdmn/cargoship/pkg/staging/bandwidth_optimizer.go:561.51,563.2 1 1
github.com/scttfrdmn/cargoship/pkg/staging/bandwidth_optimizer.go:566.61,579.2 1 1
github.com/scttfrdmn/cargoship/pkg/staging/bandwidth_optimizer.go:592.78,598.2 1 1
github.com/scttfrdmn/cargoship/pkg/staging/bandwidth_optimizer.go:601.60,605.6 3 1
github.com/scttfrdmn/cargoship/pkg/staging/bandwidth_optimizer.go:605.6,606.10 1 1
github.com/scttfrdmn/cargoship/pkg/staging/bandwidth_optimizer.go:607.21,608.10 1 1
github.com/scttfrdmn/cargoship/pkg/staging/bandwidth_optimizer.go:609.19,610.30 1 0
github.com/scttfrdmn/cargoship/pkg/staging/bandwidth_optimizer.go:616.57,629.37 6 0
github.com/scttfrdmn/cargoship/pkg/staging/bandwidth_optimizer.go:629.37,631.3 1 0
github.com/scttfrdmn/cargoship/pkg/staging/bandwidth_optimizer.go:635.62,639.2 3 1
github.com/scttfrdmn/cargoship/pkg/staging/bandwidth_optimizer.go:649.50,654.2 1 1
github.com/scttfrdmn/cargoship/pkg/staging/bandwidth_optimizer.go:657.58,661.6 3 1
github.com/scttfrdmn/cargoship/pkg/staging/bandwidth_optimizer.go:661.6,662.10 1 1
github.com/scttfrdmn/cargoship/pkg/staging/bandwidth_optimizer.go:663.21,664.10 1 1
github.com/scttfrdmn/cargoship/pkg/staging/bandwidth_optimizer.go:665.19,666.33 1 0
github.com/scttfrdmn/cargoship/pkg/staging/bandwidth_optimizer.go:672.58,686.2 6 0
github.com/scttfrdmn/cargoship/pkg/staging/bandwidth_optimizer.go:689.63,693.2 3 1
github.com/scttfrdmn/cargoship/pkg/staging/bandwidth_optimizer.go:696.62,700.2 3 1
github.com/scttfrdmn/cargoship/pkg/staging/bandwidth_optimizer.go:709.66,714.2 1 1
github.com/scttfrdmn/cargoship/pkg/staging/bandwidth_optimizer.go:724.50,729.2 1 1
github.com/scttfrdmn/cargoship/pkg/staging/bandwidth_optimizer.go:732.77,739.42 4 1
github.com/scttfrdmn/cargoship/pkg/staging/bandwidth_optimizer.go:739.42,741.3 1 0
github.com/scttfrdmn/cargoship/pkg/staging/bandwidth_optimizer.go:745.60,750.23 4 1
github.com/scttfrdmn/cargoship/pkg/staging/bandwidth_optimizer.go:750.23,752.3 1 1
github.com/scttfrdmn/cargoship/pkg/staging/bandwidth_optimizer.go:755.2,755.55 1 0
github.com/scttfrdmn/cargoship/pkg/staging/boundary_detector.go:9.67,27.2 1 1
github.com/scttfrdmn/cargoship/pkg/staging/boundary_detector.go:30.109,53.37 11 1
github.com/scttfrdmn/cargoship/pkg/staging/boundary_detector.go:53.37,55.3 1 0
github.com/scttfrdmn/cargoship/pkg/staging/boundary_detector.go:57.2,57.19 1 1
github.com/scttfrdmn/cargoship/pkg/staging/boundary_detector.go:61.116,64.37 2 1
github.com/scttfrdmn/cargoship/pkg/staging/boundary_detector.go:64.37,66.3 1 1
github.com/scttfrdmn/cargoship/pkg/staging/boundary_detector.go:69.2,72.50 3 1
github.com/scttfrdmn/cargoship/pkg/staging/boundary_detector.go:72.50,78.71 3 1
github.com/scttfrdmn/cargoship/pkg/staging/boundary_detector.go:78.71,91.4 4 1
github.com/scttfrdmn/cargoship/pkg/staging/boundary_detector.go:91.9,94.4 1 1
github.com/scttfrdmn/cargoship/pkg/staging/boundary_detector.go:98.2,98.26 1 1
github.com/scttfrdmn/cargoship/pkg/staging/boundary_detector.go:98.26,110.3 4 1
github.com/scttfrdmn/cargoship/pkg/staging/boundary_detector.go:112.2,112.19 1 1
github.com/scttfrdmn/cargoship/pkg/staging/boundary_detector.go:116.117,119.32 2 1
github.com/scttfrdmn/cargoship/pkg/staging/boundary_detector.go:119.32,121.3 1 1
github.com/scttfrdmn/cargoship/pkg/staging/boundary_detector.go:124.2,126.43 2 1
github.com/scttfrdmn/cargoship/pkg/staging/boundary_detector.go:126.43,128.12 1 1
github.com/scttfrdmn/cargoship/pkg/staging/boundary_detector.go:128.12,132.40 2 1
github.com/scttfrdmn/cargoship/pkg/staging/boundary_detector.go:132.40,136.77 2 1
github.com/scttfrdmn/cargoship/pkg/staging/boundary_detector.go:136.77,150.6 4 1
github.com/scttfrdmn/cargoship/pkg/staging/boundary_detector.go:155.3,155.36 1 1
github.com/scttfrdmn/cargoship/pkg/staging/boundary_detector.go:155.36,159.40 3 1
github.com/scttfrdmn/cargoship/pkg/staging/boundary_detector.go:159.40,169.5 2 1
github.com/scttfrdmn/cargoship/pkg/staging/boundary_detector.go:173.2,173.19 1 1
github.com/scttfrdmn/cargoship/pkg/staging/boundary_detector.go:177.110,180.20 2 1
github.com/scttfrdmn/cargoship/pkg/staging/boundary_detector.go:180.20,182.3 1 1
github.com/scttfrdmn/cargoship/pkg/staging/boundary_detector.go:185.2,186.19 2 1
github.com/scttfrdmn/cargoship/pkg/staging/boundary_detector.go:186.19,188.3 1 0
github.com/scttfrdmn/cargoship/pkg/staging/boundary_detector.go:191.2,193.33 2 1
github.com/scttfrdmn/cargoship/pkg/staging/boundary_detector.go:193.33,198.23 3 1
github.com/scttfrdmn/cargoship/pkg/staging/boundary_detector.go:198.23,200.4 1 1
github.com/scttfrdmn/cargoship/pkg/staging/boundary_detector.go:202.3,210.44 2 1
github.com/scttfrdmn/cargoship/pkg/staging/boundary_detector.go:213.2,213.19 1 1
github.com/scttfrdmn/cargoship/pkg/staging/boundary_detector.go:217.99,228.42 6 1
github.com/scttfrdmn/cargoship/pkg/staging/boundary_detector.go:228.42,230.3 1 1
github.com/scttfrdmn/cargoship/pkg/staging/boundary_detector.go:233.2,233.78 1 1
github.com/scttfrdmn/cargoship/pkg/staging/boundary_detector.go:237.67,242.2 3 1
github.com/scttfrdmn/cargoship/pkg/staging/boundary_detector.go:245.67,246.59 1 1
github.com/scttfrdmn/cargoship/pkg/staging/boundary_detector.go:246.59,248.3 1 1
github.com/scttfrdmn/cargoship/pkg/staging/boundary_detector.go:249.2,249.33 1 1
github.com/scttfrdmn/cargoship/pkg/staging/boundary_detector.go:253.110,257.30 2 1
github.com/scttfrdmn/cargoship/pkg/staging/boundary_detector.go:257.30,259.3 1 1
github.com/scttfrdmn/cargoship/pkg/staging/boundary_detector.go:262.2,262.32 1 1
github.com/scttfrdmn/cargoship/pkg/staging/boundary_detector.go:262.32,264.3 1 1
github.com/scttfrdmn/cargoship/pkg/staging/boundary_detector.go:267.2,270.19 4 1
github.com/scttfrdmn/cargoship/pkg/staging/boundary_detector.go:270.19,272.3 1 1
github.com/scttfrdmn/cargoship/pkg/staging/boundary_detector.go:273.2,275.29 2 1
github.com/scttfrdmn/cargoship/pkg/staging/boundary_detector.go:279.92,284.38 3 1
github.com/scttfrdmn/cargoship/pkg/staging/boundary_detector.go:284.38,286.35 2 1
github.com/scttfrdmn/cargoship/pkg/staging/boundary_detector.go:286.35,288.83 1 1
github.com/scttfrdmn/cargoship/pkg/staging/boundary_detector.go:288.83,290.10 2 1
github.com/scttfrdmn/cargoship/pkg/staging/boundary_detector.go:294.3,294.19 1 1
github.com/scttfrdmn/cargoship/pkg/staging/boundary_detector.go:294.19,296.4 1 1
github.com/scttfrdmn/cargoship/pkg/staging/boundary_detector.go:300.2,302.15 2 1
github.com/scttfrdmn/cargoship/pkg/staging/boundary_detector.go:306.81,308.39 1 1
github.com/scttfrdmn/cargoship/pkg/staging/boundary_detector.go:308.39,309.44 1 1
github.com/scttfrdmn/cargoship/pkg/staging/boundary_detector.go:309.44,312.23 3 1
github.com/scttfrdmn/cargoship/pkg/staging/boundary_detector.go:312.23,314.5 1 1
github.com/scttfrdmn/cargoship/pkg/staging/boundary_detector.go:320.83,328.32 7 1
github.com/scttfrdmn/cargoship/pkg/staging/boundary_detector.go:328.32,330.3 1 1
github.com/scttfrdmn/cargoship/pkg/staging/boundary_detector.go:332.2,334.33 1 1
github.com/scttfrdmn/cargoship/pkg/staging/boundary_detector.go:347.42,354.2 1 1
github.com/scttfrdmn/cargoship/pkg/staging/boundary_detector.go:357.102,364.30 4 1
github.com/scttfrdmn/cargoship/pkg/staging/boundary_detector.go:364.30,366.3 1 1
github.com/scttfrdmn/cargoship/pkg/staging/boundary_detector.go:369.2,372.57 2 1
github.com/scttfrdmn/cargoship/pkg/staging/boundary_detector.go:372.57,374.3 1 1
github.com/scttfrdmn/cargoship/pkg/staging/boundary_detector.go:376.2,376.29 1 1
github.com/scttfrdmn/cargoship/pkg/staging/boundary_detector.go:380.109,381.32 1 1
github.com/scttfrdmn/cargoship/pkg/staging/boundary_detector.go:381.32,383.3 1 1
github.com/scttfrdmn/cargoship/pkg/staging/boundary_detector.go:386.2,389.45 3 1
github.com/scttfrdmn/cargoship/pkg/staging/boundary_detector.go:389.45,396.28 4 1
github.com/scttfrdmn/cargoship/pkg/staging/boundary_detector.go:396.28,407.4 6 1
github.com/scttfrdmn/cargoship/pkg/staging/boundary_detector.go:410.2,410.25 1 1
github.com/scttfrdmn/cargoship/pkg/staging/boundary_detector.go:410.25,412.3 1 1
github.com/scttfrdmn/cargoship/pkg/staging/boundary_detector.go:414.2,414.49 1 1
github.com/scttfrdmn/cargoship/pkg/staging/buffer_manager.go:12.75,20.2 1 0
github.com/scttfrdmn/cargoship/pkg/staging/buffer_manager.go:23.61,25.55 1 0
github.com/scttfrdmn/cargoship/pkg/staging/buffer_manager.go:25.55,27.3 1 0
github.com/scttfrdmn/cargoship/pkg/staging/buffer_manager.go:30.2,33.25 2 0
github.com/scttfrdmn/cargoship/pkg/staging/buffer_manager.go:37.96,42.41 3 0
github.com/scttfrdmn/cargoship/pkg/staging/buffer_manager.go:42.41,51.3 1 0
github.com/scttfrdmn/cargoship/pkg/staging/buffer_manager.go:54.2,54.52 1 0
github.com/scttfrdmn/cargoship/pkg/staging/buffer_manager.go:54.52,63.3 1 0
github.com/scttfrdmn/cargoship/pkg/staging/buffer_manager.go:66.2,66.9 1 0
github.com/scttfrdmn/cargoship/pkg/staging/buffer_manager.go:67.31,68.13 1 0
github.com/scttfrdmn/cargoship/pkg/staging/buffer_manager.go:69.10,73.4 1 0
github.com/scttfrdmn/cargoship/pkg/staging/buffer_manager.go:78.88,83.13 4 0
github.com/scttfrdmn/cargoship/pkg/staging/buffer_manager.go:83.13,91.3 1 0
github.com/scttfrdmn/cargoship/pkg/staging/buffer_manager.go:93.2,93.19 1 0
github.com/scttfrdmn/cargoship/pkg/staging/buffer_manager.go:97.70,101.58 3 0
github.com/scttfrdmn/cargoship/pkg/staging/buffer_manager.go:101.58,107.3 2 0
github.com/scttfrdmn/cargoship/pkg/staging/buffer_manager.go:111.55,115.2 3 0
github.com/scttfrdmn/cargoship/pkg/staging/buffer_manager.go:118.55,120.2 1 0
github.com/scttfrdmn/cargoship/pkg/staging/buffer_manager.go:123.59,129.21 5 0
github.com/scttfrdmn/cargoship/pkg/staging/buffer_manager.go:129.21,131.3 1 0
github.com/scttfrdmn/cargoship/pkg/staging/buffer_manager.go:133.2,133.51 1 0
github.com/scttfrdmn/cargoship/pkg/staging/buffer_manager.go:137.51,144.49 5 0
github.com/scttfrdmn/cargoship/pkg/staging/buffer_manager.go:144.49,145.43 1 0
github.com/scttfrdmn/cargoship/pkg/staging/buffer_manager.go:145.43,151.4 2 0
github.com/scttfrdmn/cargoship/pkg/staging/buffer_manager.go:156.54,160.43 2 0
github.com/scttfrdmn/cargoship/pkg/staging/buffer_manager.go:160.43,162.3 1 0
github.com/scttfrdmn/cargoship/pkg/staging/buffer_manager.go:165.2,165.48 1 0
github.com/scttfrdmn/cargoship/pkg/staging/buffer_manager.go:165.48,167.3 1 0
github.com/scttfrdmn/cargoship/pkg/staging/buffer_manager.go:167.8,167.59 1 0
github.com/scttfrdmn/cargoship/pkg/staging/buffer_manager.go:167.59,169.3 1 0
github.com/scttfrdmn/cargoship/pkg/staging/buffer_manager.go:173.83,174.6 1 0
github.com/scttfrdmn/cargoship/pkg/staging/buffer_manager.go:174.6,175.10 1 0
github.com/scttfrdmn/cargoship/pkg/staging/buffer_manager.go:176.21,177.10 1 0
github.com/scttfrdmn/cargoship/pkg/staging/buffer_manager.go:178.34,179.44 1 0
github.com/scttfrdmn/cargoship/pkg/staging/buffer_manager.go:185.91,188.19 2 0
github.com/scttfrdmn/cargoship/pkg/staging/buffer_manager.go:188.19,190.26 1 0
github.com/scttfrdmn/cargoship/pkg/staging/buffer_manager.go:190.26,195.4 1 0
github.com/scttfrdmn/cargoship/pkg/staging/buffer_manager.go:196.3,196.9 1 0
github.com/scttfrdmn/cargoship/pkg/staging/buffer_manager.go:200.2,201.16 2 0
github.com/scttfrdmn/cargoship/pkg/staging/buffer_manager.go:201.16,203.26 2 0
github.com/scttfrdmn/cargoship/pkg/staging/buffer_manager.go:203.26,205.4 1 0
github.com/scttfrdmn/cargoship/pkg/staging/buffer_manager.go:206.3,206.9 1 0
github.com/scttfrdmn/cargoship/pkg/staging/buffer_manager.go:210.2,231.25 7 0
github.com/scttfrdmn/cargoship/pkg/staging/buffer_manager.go:231.25,233.3 1 0
github.com/scttfrdmn/cargoship/pkg/staging/buffer_manager.go:237.74,247.2 4 0
github.com/scttfrdmn/cargoship/pkg/staging/buffer_manager.go:250.104,255.21 2 0
github.com/scttfrdmn/cargoship/pkg/staging/buffer_manager.go:256.14,257.19 1 0
github.com/scttfrdmn/cargoship/pkg/staging/buffer_manager.go:258.15,259.19 1 0
github.com/scttfrdmn/cargoship/pkg/staging/buffer_manager.go:260.20,261.20 1 0
github.com/scttfrdmn/cargoship/pkg/staging/buffer_manager.go:262.16,263.19 1 0
github.com/scttfrdmn/cargoship/pkg/staging/buffer_manager.go:264.10,265.19 1 0
github.com/scttfrdmn/cargoship/pkg/staging/buffer_manager.go:269.2,269.21 1 0
github.com/scttfrdmn/cargoship/pkg/staging/buffer_manager.go:269.21,271.3 1 0
github.com/scttfrdmn/cargoship/pkg/staging/buffer_manager.go:272.2,272.21 1 0
github.com/scttfrdmn/cargoship/pkg/staging/buffer_manager.go:272.21,274.3 1 0
github.com/scttfrdmn/cargoship/pkg/staging/buffer_manager.go:276.2,276.18 1 0
github.com/scttfrdmn/cargoship/pkg/staging/buffer_manager.go:280.67,284.6 3 0
github.com/scttfrdmn/cargoship/pkg/staging/buffer_manager.go:284.6,285.10 1 0
github.com/scttfrdmn/cargoship/pkg/staging/buffer_manager.go:286.21,287.10 1 0
github.com/scttfrdmn/cargoship/pkg/staging/buffer_manager.go:288.19,290.27 2 0
github.com/scttfrdmn/cargoship/pkg/staging/buffer_manager.go:304.55,313.2 3 0
github.com/scttfrdmn/cargoship/pkg/staging/buffer_manager.go:316.52,321.25 3 0
github.com/scttfrdmn/cargoship/pkg/staging/buffer_manager.go:321.25,326.32 3 0
github.com/scttfrdmn/cargoship/pkg/staging/buffer_manager.go:326.32,328.4 1 0
github.com/scttfrdmn/cargoship/pkg/staging/buffer_manager.go:330.3,330.23 1 0
github.com/scttfrdmn/cargoship/pkg/staging/buffer_manager.go:334.2,334.27 1 0
github.com/scttfrdmn/cargoship/pkg/staging/buffer_manager.go:338.51,343.71 3 0
github.com/scttfrdmn/cargoship/pkg/staging/buffer_manager.go:343.71,345.35 1 0
github.com/scttfrdmn/cargoship/pkg/staging/buffer_manager.go:345.35,347.4 1 0
github.com/scttfrdmn/cargoship/pkg/staging/buffer_manager.go:353.36,358.25 3 0
github.com/scttfrdmn/cargoship/pkg/staging/buffer_manager.go:358.25,361.3 2 0
github.com/scttfrdmn/cargoship/pkg/staging/buffer_manager.go:365.38,370.40 3 0
github.com/scttfrdmn/cargoship/pkg/staging/buffer_manager.go:370.40,373.3 2 0
github.com/scttfrdmn/cargoship/pkg/staging/buffer_manager.go:386.61,391.2 1 0
github.com/scttfrdmn/cargoship/pkg/staging/buffer_manager.go:394.53,398.6 3 0
github.com/scttfrdmn/cargoship/pkg/staging/buffer_manager.go:398.6,399.10 1 0
github.com/scttfrdmn/cargoship/pkg/staging/buffer_manager.go:400.21,401.10 1 0
github.com/scttfrdmn/cargoship/pkg/staging/buffer_manager.go:402.19,403.26 1 0
github.com/scttfrdmn/cargoship/pkg/staging/buffer_manager.go:409.46,420.21 7 0
github.com/scttfrdmn/cargoship/pkg/staging/buffer_manager.go:420.21,422.3 1 0
github.com/scttfrdmn/cargoship/pkg/staging/buffer_manager.go:425.2,426.28 2 0
github.com/scttfrdmn/cargoship/pkg/staging/buffer_manager.go:430.45,434.2 3 0
github.com/scttfrdmn/cargoship/pkg/staging/buffer_manager.go:437.49,441.2 3 0
github.com/scttfrdmn/cargoship/pkg/staging/chunk_predictor.go:13.79,21.2 1 1
github.com/scttfrdmn/cargoship/pkg/staging/chunk_predictor.go:24.137,30.16 4 1
github.com/scttfrdmn/cargoship/pkg/staging/chunk_predictor.go:30.16,32.3 1 0
github.com/scttfrdmn/cargoship/pkg/staging/chunk_predictor.go:35.2,39.39 3 1
github.com/scttfrdmn/cargoship/pkg/staging/chunk_predictor.go:39.39,49.3 5 1
github.com/scttfrdmn/cargoship/pkg/staging/chunk_predictor.go:52.2,54.30 2 1
github.com/scttfrdmn/cargoship/pkg/staging/chunk_predictor.go:58.79,60.39 1 1
github.com/scttfrdmn/cargoship/pkg/staging/chunk_predictor.go:60.39,61.44 1 1
github.com/scttfrdmn/cargoship/pkg/staging/chunk_predictor.go:61.44,64.23 3 0
github.com/scttfrdmn/cargoship/pkg/staging/chunk_predictor.go:64.23,66.5 1 0
github.com/scttfrdmn/cargoship/pkg/staging/chunk_predictor.go:72.92,81.19 7 1
github.com/scttfrdmn/cargoship/pkg/staging/chunk_predictor.go:81.19,83.3 1 0
github.com/scttfrdmn/cargoship/pkg/staging/chunk_predictor.go:85.2,87.27 1 1
github.com/scttfrdmn/cargoship/pkg/staging/chunk_predictor.go:93.65,101.2 1 1
github.com/scttfrdmn/cargoship/pkg/staging/chunk_predictor.go:151.106,163.6 4 1
github.com/scttfrdmn/cargoship/pkg/staging/chunk_predictor.go:163.6,165.20 2 1
github.com/scttfrdmn/cargoship/pkg/staging/chunk_predictor.go:165.20,166.9 1 1
github.com/scttfrdmn/cargoship/pkg/staging/chunk_predictor.go:168.3,168.17 1 1
github.com/scttfrdmn/cargoship/pkg/staging/chunk_predictor.go:168.17,170.4 1 0
github.com/scttfrdmn/cargoship/pkg/staging/chunk_predictor.go:173.3,179.28 4 1
github.com/scttfrdmn/cargoship/pkg/staging/chunk_predictor.go:179.28,180.9 1 0
github.com/scttfrdmn/cargoship/pkg/staging/chunk_predictor.go:185.2,189.21 4 1
github.com/scttfrdmn/cargoship/pkg/staging/chunk_predictor.go:193.85,218.2 10 1
github.com/scttfrdmn/cargoship/pkg/staging/chunk_predictor.go:221.80,225.2 3 1
github.com/scttfrdmn/cargoship/pkg/staging/chunk_predictor.go:228.92,232.42 2 1
github.com/scttfrdmn/cargoship/pkg/staging/chunk_predictor.go:232.42,233.36 1 1
github.com/scttfrdmn/cargoship/pkg/staging/chunk_predictor.go:233.36,236.32 2 0
github.com/scttfrdmn/cargoship/pkg/staging/chunk_predictor.go:236.32,238.5 1 0
github.com/scttfrdmn/cargoship/pkg/staging/chunk_predictor.go:242.2,242.19 1 1
github.com/scttfrdmn/cargoship/pkg/staging/chunk_predictor.go:246.58,247.21 1 1
github.com/scttfrdmn/cargoship/pkg/staging/chunk_predictor.go:247.21,249.3 1 1
github.com/scttfrdmn/cargoship/pkg/staging/chunk_predictor.go:252.2,253.25 2 1
github.com/scttfrdmn/cargoship/pkg/staging/chunk_predictor.go:257.84,258.21 1 1
github.com/scttfrdmn/cargoship/pkg/staging/chunk_predictor.go:258.21,260.3 1 0
github.com/scttfrdmn/cargoship/pkg/staging/chunk_predictor.go:263.2,265.19 3 1
github.com/scttfrdmn/cargoship/pkg/staging/chunk_predictor.go:265.19,267.3 1 0
github.com/scttfrdmn/cargoship/pkg/staging/chunk_predictor.go:268.2,273.19 4 1
github.com/scttfrdmn/cargoship/pkg/staging/chunk_predictor.go:273.19,275.3 1 0
github.com/scttfrdmn/cargoship/pkg/staging/chunk_predictor.go:276.2,280.28 3 1
github.com/scttfrdmn/cargoship/pkg/staging/chunk_predictor.go:280.28,281.27 1 1
github.com/scttfrdmn/cargoship/pkg/staging/chunk_predictor.go:281.27,283.4 1 1
github.com/scttfrdmn/cargoship/pkg/staging/chunk_predictor.go:286.2,291.3 1 1
github.com/scttfrdmn/cargoship/pkg/staging/chunk_predictor.go:295.69,296.20 1 1
github.com/scttfrdmn/cargoship/pkg/staging/chunk_predictor.go:296.20,298.3 1 1
github.com/scttfrdmn/cargoship/pkg/staging/chunk_predictor.go:301.2,302.42 2 1
github.com/scttfrdmn/cargoship/pkg/staging/chunk_predictor.go:302.42,303.25 1 1
github.com/scttfrdmn/cargoship/pkg/staging/chunk_predictor.go:303.25,305.9 2 1
github.com/scttfrdmn/cargoship/pkg/staging/chunk_predictor.go:309.2,309.19 1 1
github.com/scttfrdmn/cargoship/pkg/staging/chunk_predictor.go:309.19,311.3 1 1
github.com/scttfrdmn/cargoship/pkg/staging/chunk_predictor.go:313.2,314.13 2 1
github.com/scttfrdmn/cargoship/pkg/staging/chunk_predictor.go:315.57,316.16 1 1
github.com/scttfrdmn/cargoship/pkg/staging/chunk_predictor.go:317.50,318.17 1 1
github.com/scttfrdmn/cargoship/pkg/staging/chunk_predictor.go:319.41,320.17 1 1
github.com/scttfrdmn/cargoship/pkg/staging/chunk_predictor.go:321.35,322.17 1 1
github.com/scttfrdmn/cargoship/pkg/staging/chunk_predictor.go:323.38,324.22 1 1
github.com/scttfrdmn/cargoship/pkg/staging/chunk_predictor.go:325.43,326.20 1 1
github.com/scttfrdmn/cargoship/pkg/staging/chunk_predictor.go:327.35,328.18 1 1
github.com/scttfrdmn/cargoship/pkg/staging/chunk_predictor.go:329.10,330.17 1 1
github.com/scttfrdmn/cargoship/pkg/staging/chunk_predictor.go:335.86,336.26 1 1
github.com/scttfrdmn/cargoship/pkg/staging/chunk_predictor.go:336.26,338.3 1 0
github.com/scttfrdmn/cargoship/pkg/staging/chunk_predictor.go:341.2,344.29 2 1
github.com/scttfrdmn/cargoship/pkg/staging/chunk_predictor.go:345.14,346.19 1 1
github.com/scttfrdmn/cargoship/pkg/staging/chunk_predictor.go:347.15,348.19 1 0
github.com/scttfrdmn/cargoship/pkg/staging/chunk_predictor.go:349.20,350.20 1 1
github.com/scttfrdmn/cargoship/pkg/staging/chunk_predictor.go:351.16,352.19 1 0
github.com/scttfrdmn/cargoship/pkg/staging/chunk_predictor.go:353.10,354.19 1 1
github.com/scttfrdmn/cargoship/pkg/staging/chunk_predictor.go:358.2,358.21 1 1
github.com/scttfrdmn/cargoship/pkg/staging/chunk_predictor.go:358.21,360.3 1 1
github.com/scttfrdmn/cargoship/pkg/staging/chunk_predictor.go:361.2,361.21 1 1
github.com/scttfrdmn/cargoship/pkg/staging/chunk_predictor.go:361.21,363.3 1 0
github.com/scttfrdmn/cargoship/pkg/staging/chunk_predictor.go:365.2,365.18 1 1
github.com/scttfrdmn/cargoship/pkg/staging/chunk_predictor.go:369.107,372.31 2 1
github.com/scttfrdmn/cargoship/pkg/staging/chunk_predictor.go:372.31,374.3 1 1
github.com/scttfrdmn/cargoship/pkg/staging/chunk_predictor.go:376.2,376.51 1 1
github.com/scttfrdmn/cargoship/pkg/staging/chunk_predictor.go:384.48,386.2 1 1
github.com/scttfrdmn/cargoship/pkg/staging/chunk_predictor.go:389.68,390.20 1 1
github.com/scttfrdmn/cargoship/pkg/staging/chunk_predictor.go:390.20,392.3 1 1
github.com/scttfrdmn/cargoship/pkg/staging/chunk_predictor.go:395.2,396.25 2 1
github.com/scttfrdmn/cargoship/pkg/staging/chunk_predictor.go:396.25,398.3 1 1
github.com/scttfrdmn/cargoship/pkg/staging/chunk_predictor.go:401.2,404.29 3 1
github.com/scttfrdmn/cargoship/pkg/staging/chunk_predictor.go:404.29,405.17 1 1
github.com/scttfrdmn/cargoship/pkg/staging/chunk_predictor.go:405.17,406.12 1 0
github.com/scttfrdmn/cargoship/pkg/staging/chunk_predictor.go:408.3,409.30 2 1
github.com/scttfrdmn/cargoship/pkg/staging/chunk_predictor.go:412.2,412.16 1 1
github.com/scttfrdmn/cargoship/pkg/staging/chunk_predictor.go:416.89,417.24 1 1
github.com/scttfrdmn/cargoship/pkg/staging/chunk_predictor.go:417.24,419.3 1 1
github.com/scttfrdmn/cargoship/pkg/staging/chunk_predictor.go:422.2,425.35 3 1
github.com/scttfrdmn/cargoship/pkg/staging/chunk_predictor.go:425.35,431.3 4 1
github.com/scttfrdmn/cargoship/pkg/staging/chunk_predictor.go:433.2,433.22 1 1
github.com/scttfrdmn/cargoship/pkg/staging/chunk_predictor.go:433.22,435.3 1 0
github.com/scttfrdmn/cargoship/pkg/staging/chunk_predictor.go:437.2,437.35 1 1
github.com/scttfrdmn/cargoship/pkg/staging/chunk_predictor.go:441.76,442.15 1 1
github.com/scttfrdmn/cargoship/pkg/staging/chunk_predictor.go:443.25,444.13 1 1
github.com/scttfrdmn/cargoship/pkg/staging/chunk_predictor.go:445.21,446.13 1 1
github.com/scttfrdmn/cargoship/pkg/staging/chunk_predictor.go:447.25,448.13 1 1
github.com/scttfrdmn/cargoship/pkg/staging/chunk_predictor.go:449.21,450.13 1 1
github.com/scttfrdmn/cargoship/pkg/staging/chunk_predictor.go:451.19,452.13 1 1
github.com/scttfrdmn/cargoship/pkg/staging/chunk_predictor.go:453.10,454.13 1 0
github.com/scttfrdmn/cargoship/pkg/staging/chunk_predictor.go:466.58,471.2 1 1
github.com/scttfrdmn/cargoship/pkg/staging/chunk_predictor.go:474.95,484.60 6 1
github.com/scttfrdmn/cargoship/pkg/staging/chunk_predictor.go:484.60,487.36 2 1
github.com/scttfrdmn/cargoship/pkg/staging/chunk_predictor.go:487.36,490.4 2 0
github.com/scttfrdmn/cargoship/pkg/staging/chunk_predictor.go:491.3,491.26 1 1
github.com/scttfrdmn/cargoship/pkg/staging/chunk_predictor.go:495.2,498.43 2 1
github.com/scttfrdmn/cargoship/pkg/staging/chunk_predictor.go:498.43,500.36 2 1
github.com/scttfrdmn/cargoship/pkg/staging/chunk_predictor.go:500.36,503.4 2 1
github.com/scttfrdmn/cargoship/pkg/staging/chunk_predictor.go:504.3,504.46 1 1
github.com/scttfrdmn/cargoship/pkg/staging/chunk_predictor.go:507.2,507.17 1 1
github.com/scttfrdmn/cargoship/pkg/staging/chunk_predictor.go:511.103,527.2 8 1
github.com/scttfrdmn/cargoship/pkg/staging/chunk_predictor.go:530.105,535.111 4 1
github.com/scttfrdmn/cargoship/pkg/staging/chunk_predictor.go:535.111,536.73 1 1
github.com/scttfrdmn/cargoship/pkg/staging/chunk_predictor.go:536.73,542.36 4 1
github.com/scttfrdmn/cargoship/pkg/staging/chunk_predictor.go:542.36,543.55 1 1
github.com/scttfrdmn/cargoship/pkg/staging/chunk_predictor.go:543.55,546.6 2 1
github.com/scttfrdmn/cargoship/pkg/staging/chunk_predictor.go:546.11,547.11 1 1
github.com/scttfrdmn/cargoship/pkg/staging/chunk_predictor.go:551.4,551.37 1 1
github.com/scttfrdmn/cargoship/pkg/staging/chunk_predictor.go:551.37,563.5 3 1
github.com/scttfrdmn/cargoship/pkg/staging/chunk_predictor.go:567.2,567.17 1 1
github.com/scttfrdmn/cargoship/pkg/staging/chunk_predictor.go:571.105,578.25 4 1
github.com/scttfrdmn/cargoship/pkg/staging/chunk_predictor.go:578.25,579.37 1 1
github.com/scttfrdmn/cargoship/pkg/staging/chunk_predictor.go:579.37,580.15 1 1
github.com/scttfrdmn/cargoship/pkg/staging/chunk_predictor.go:580.15,582.10 2 1
github.com/scttfrdmn/cargoship/pkg/staging/chunk_predictor.go:587.2,588.29 2 1
github.com/scttfrdmn/cargoship/pkg/staging/chunk_predictor.go:588.29,596.3 1 1
github.com/scttfrdmn/cargoship/pkg/staging/chunk_predictor.go:598.2,598.17 1 1
github.com/scttfrdmn/cargoship/pkg/staging/chunk_predictor.go:602.101,606.57 3 1
github.com/scttfrdmn/cargoship/pkg/staging/chunk_predictor.go:606.57,608.22 2 1
github.com/scttfrdmn/cargoship/pkg/staging/chunk_predictor.go:608.22,610.4 1 1
github.com/scttfrdmn/cargoship/pkg/staging/chunk_predictor.go:612.3,616.20 3 1
github.com/scttfrdmn/cargoship/pkg/staging/chunk_predictor.go:616.20,624.4 1 1
github.com/scttfrdmn/cargoship/pkg/staging/chunk_predictor.go:627.2,627.17 1 1
github.com/scttfrdmn/cargoship/pkg/staging/chunk_predictor.go:636.56,649.2 1 1
github.com/scttfrdmn/cargoship/pkg/staging/chunk_predictor.go:652.71,653.20 1 1
github.com/scttfrdmn/cargoship/pkg/staging/chunk_predictor.go:653.20,655.3 1 1
github.com/scttfrdmn/cargoship/pkg/staging/chunk_predictor.go:658.2,658.53 1 1
github.com/scttfrdmn/cargoship/pkg/staging/chunk_predictor.go:658.53,659.83 1 1
github.com/scttfrdmn/cargoship/pkg/staging/chunk_predictor.go:659.83,661.4 1 1
github.com/scttfrdmn/cargoship/pkg/staging/chunk_predictor.go:665.2,666.48 2 1
github.com/scttfrdmn/cargoship/pkg/staging/chunk_predictor.go:666.48,667.60 1 1
github.com/scttfrdmn/cargoship/pkg/staging/chunk_predictor.go:667.60,669.4 1 1
github.com/scttfrdmn/cargoship/pkg/staging/chunk_predictor.go:672.2,673.26 2 1
github.com/scttfrdmn/cargoship/pkg/staging/chunk_predictor.go:673.26,675.3 1 1
github.com/scttfrdmn/cargoship/pkg/staging/chunk_predictor.go:677.2,677.17 1 0
github.com/scttfrdmn/cargoship/pkg/staging/chunk_predictor.go:681.27,682.11 1 1
github.com/scttfrdmn/cargoship/pkg/staging/chunk_predictor.go:682.11,684.3 1 1
github.com/scttfrdmn/cargoship/pkg/staging/chunk_predictor.go:685.2,685.10 1 1
github.com/scttfrdmn/cargoship/pkg/staging/compression_predictor.go:9.85,15.2 1 1
github.com/scttfrdmn/cargoship/pkg/staging/compression_predictor.go:18.109,35.94 7 1
github.com/scttfrdmn/cargoship/pkg/staging/compression_predictor.go:35.94,37.3 1 0
github.com/scttfrdmn/cargoship/pkg/staging/compression_predictor.go:40.2,40.26 1 1
github.com/scttfrdmn/cargoship/pkg/staging/compression_predictor.go:40.26,42.3 1 0
github.com/scttfrdmn/cargoship/pkg/staging/compression_predictor.go:43.2,43.26 1 1
github.com/scttfrdmn/cargoship/pkg/staging/compression_predictor.go:43.26,45.3 1 1
github.com/scttfrdmn/cargoship/pkg/staging/compression_predictor.go:47.2,47.22 1 1
github.com/scttfrdmn/cargoship/pkg/staging/compression_predictor.go:51.94,56.2 3 0
github.com/scttfrdmn/cargoship/pkg/staging/compression_predictor.go:59.108,61.2 1 0
github.com/scttfrdmn/cargoship/pkg/staging/compression_predictor.go:64.83,68.19 1 1
github.com/scttfrdmn/cargoship/pkg/staging/compression_predictor.go:68.19,70.3 1 0
github.com/scttfrdmn/cargoship/pkg/staging/compression_predictor.go:70.8,70.26 1 1
github.com/scttfrdmn/cargoship/pkg/staging/compression_predictor.go:70.26,72.3 1 1
github.com/scttfrdmn/cargoship/pkg/staging/compression_predictor.go:72.8,72.26 1 0
github.com/scttfrdmn/cargoship/pkg/staging/compression_predictor.go:72.26,74.3 1 0
github.com/scttfrdmn/cargoship/pkg/staging/compression_predictor.go:74.8,74.26 1 0
github.com/scttfrdmn/cargoship/pkg/staging/compression_predictor.go:74.26,76.3 1 0
github.com/scttfrdmn/cargoship/pkg/staging/compression_predictor.go:76.8,76.26 1 0
github.com/scttfrdmn/cargoship/pkg/staging/compression_predictor.go:76.26,78.3 1 0
github.com/scttfrdmn/cargoship/pkg/staging/compression_predictor.go:80.2,80.13 1 0
github.com/scttfrdmn/cargoship/pkg/staging/compression_predictor.go:84.90,85.21 1 1
github.com/scttfrdmn/cargoship/pkg/staging/compression_predictor.go:86.14,87.13 1 0
github.com/scttfrdmn/cargoship/pkg/staging/compression_predictor.go:88.14,89.13 1 0
github.com/scttfrdmn/cargoship/pkg/staging/compression_predictor.go:90.13,91.13 1 0
github.com/scttfrdmn/cargoship/pkg/staging/compression_predictor.go:92.16,93.13 1 0
github.com/scttfrdmn/cargoship/pkg/staging/compression_predictor.go:94.33,95.14 1 0
github.com/scttfrdmn/cargoship/pkg/staging/compression_predictor.go:96.13,97.13 1 0
github.com/scttfrdmn/cargoship/pkg/staging/compression_predictor.go:98.27,99.14 1 0
github.com/scttfrdmn/cargoship/pkg/staging/compression_predictor.go:100.18,101.13 1 0
github.com/scttfrdmn/cargoship/pkg/staging/compression_predictor.go:102.10,103.13 1 1
github.com/scttfrdmn/cargoship/pkg/staging/compression_predictor.go:108.94,109.24 1 1
github.com/scttfrdmn/cargoship/pkg/staging/compression_predictor.go:109.24,111.3 1 0
github.com/scttfrdmn/cargoship/pkg/staging/compression_predictor.go:113.2,116.35 3 1
github.com/scttfrdmn/cargoship/pkg/staging/compression_predictor.go:116.35,119.23 2 1
github.com/scttfrdmn/cargoship/pkg/staging/compression_predictor.go:120.26,121.23 1 1
github.com/scttfrdmn/cargoship/pkg/staging/compression_predictor.go:122.26,123.22 1 0
github.com/scttfrdmn/cargoship/pkg/staging/compression_predictor.go:124.20,125.22 1 0
github.com/scttfrdmn/cargoship/pkg/staging/compression_predictor.go:126.22,127.22 1 0
github.com/scttfrdmn/cargoship/pkg/staging/compression_predictor.go:128.22,129.23 1 0
github.com/scttfrdmn/cargoship/pkg/staging/compression_predictor.go:133.3,135.32 3 1
github.com/scttfrdmn/cargoship/pkg/staging/compression_predictor.go:138.2,138.22 1 1
github.com/scttfrdmn/cargoship/pkg/staging/compression_predictor.go:138.22,140.3 1 0
github.com/scttfrdmn/cargoship/pkg/staging/compression_predictor.go:143.2,143.45 1 1
github.com/scttfrdmn/cargoship/pkg/staging/compression_predictor.go:147.98,149.2 1 1
github.com/scttfrdmn/cargoship/pkg/staging/compression_predictor.go:152.84,156.62 3 0
github.com/scttfrdmn/cargoship/pkg/staging/compression_predictor.go:156.62,158.3 1 0
github.com/scttfrdmn/cargoship/pkg/staging/compression_predictor.go:160.2,160.12 1 0
github.com/scttfrdmn/cargoship/pkg/staging/compression_predictor.go:164.128,169.42 3 0
github.com/scttfrdmn/cargoship/pkg/staging/compression_predictor.go:169.42,171.3 1 0
github.com/scttfrdmn/cargoship/pkg/staging/compression_predictor.go:174.2,174.41 1 0
github.com/scttfrdmn/cargoship/pkg/staging/compression_predictor.go:174.41,176.3 1 0
github.com/scttfrdmn/cargoship/pkg/staging/compression_predictor.go:179.2,180.43 2 0
github.com/scttfrdmn/cargoship/pkg/staging/compression_predictor.go:180.43,181.73 1 0
github.com/scttfrdmn/cargoship/pkg/staging/compression_predictor.go:181.73,183.9 2 0
github.com/scttfrdmn/cargoship/pkg/staging/compression_predictor.go:187.2,187.19 1 0
github.com/scttfrdmn/cargoship/pkg/staging/compression_predictor.go:187.19,189.3 1 0
github.com/scttfrdmn/cargoship/pkg/staging/compression_predictor.go:192.2,192.118 1 0
github.com/scttfrdmn/cargoship/pkg/staging/compression_predictor.go:192.118,194.3 1 0
github.com/scttfrdmn/cargoship/pkg/staging/compression_predictor.go:197.2,197.15 1 0
github.com/scttfrdmn/cargoship/pkg/staging/compression_predictor.go:212.117,225.2 8 0
github.com/scttfrdmn/cargoship/pkg/staging/compression_predictor.go:235.50,240.2 1 1
github.com/scttfrdmn/cargoship/pkg/staging/compression_predictor.go:243.88,254.36 4 0
github.com/scttfrdmn/cargoship/pkg/staging/compression_predictor.go:254.36,256.3 1 0
github.com/scttfrdmn/cargoship/pkg/staging/compression_predictor.go:258.2,261.50 2 0
github.com/scttfrdmn/cargoship/pkg/staging/compression_predictor.go:261.50,263.3 1 0
github.com/scttfrdmn/cargoship/pkg/staging/compression_predictor.go:267.87,272.34 4 1
github.com/scttfrdmn/cargoship/pkg/staging/compression_predictor.go:272.34,274.3 1 1
github.com/scttfrdmn/cargoship/pkg/staging/compression_predictor.go:277.2,280.33 3 0
github.com/scttfrdmn/cargoship/pkg/staging/compression_predictor.go:280.33,281.43 1 0
github.com/scttfrdmn/cargoship/pkg/staging/compression_predictor.go:281.43,283.4 1 0
github.com/scttfrdmn/cargoship/pkg/staging/compression_predictor.go:286.2,286.30 1 0
github.com/scttfrdmn/cargoship/pkg/staging/compression_predictor.go:286.30,289.3 1 0
github.com/scttfrdmn/cargoship/pkg/staging/compression_predictor.go:292.2,296.40 4 0
github.com/scttfrdmn/cargoship/pkg/staging/compression_predictor.go:296.40,300.28 3 0
github.com/scttfrdmn/cargoship/pkg/staging/compression_predictor.go:300.28,302.4 1 0
github.com/scttfrdmn/cargoship/pkg/staging/compression_predictor.go:302.9,304.4 1 0
github.com/scttfrdmn/cargoship/pkg/staging/compression_predictor.go:306.3,307.24 2 0
github.com/scttfrdmn/cargoship/pkg/staging/compression_predictor.go:310.2,310.22 1 0
github.com/scttfrdmn/cargoship/pkg/staging/compression_predictor.go:310.22,312.3 1 0
github.com/scttfrdmn/cargoship/pkg/staging/compression_predictor.go:314.2,314.34 1 0
github.com/scttfrdmn/cargoship/pkg/staging/compression_predictor.go:318.97,322.56 3 0
github.com/scttfrdmn/cargoship/pkg/staging/compression_predictor.go:322.56,327.3 3 0
github.com/scttfrdmn/cargoship/pkg/staging/compression_predictor.go:329.2,329.12 1 0
github.com/scttfrdmn/cargoship/pkg/staging/compression_predictor.go:341.27,342.11 1 0
github.com/scttfrdmn/cargoship/pkg/staging/compression_predictor.go:342.11,344.3 1 0
github.com/scttfrdmn/cargoship/pkg/staging/compression_predictor.go:345.2,345.10 1 0
github.com/scttfrdmn/cargoship/pkg/staging/compression_predictor.go:349.106,355.18 4 0
github.com/scttfrdmn/cargoship/pkg/staging/compression_predictor.go:355.18,358.3 1 0
github.com/scttfrdmn/cargoship/pkg/staging/compression_predictor.go:361.2,362.28 2 0
github.com/scttfrdmn/cargoship/pkg/staging/compression_predictor.go:362.28,365.3 2 0
github.com/scttfrdmn/cargoship/pkg/staging/compression_predictor.go:367.2,367.55 1 0
github.com/scttfrdmn/cargoship/pkg/staging/compression_predictor.go:371.109,383.13 4 0
github.com/scttfrdmn/cargoship/pkg/staging/compression_predictor.go:383.13,385.3 1 0
github.com/scttfrdmn/cargoship/pkg/staging/compression_predictor.go:387.2,388.58 2 0
github.com/scttfrdmn/cargoship/pkg/staging/compression_predictor.go:392.165,418.2 9 0
github.com/scttfrdmn/cargoship/pkg/staging/network_adaptation.go:54.50,72.2 1 1
github.com/scttfrdmn/cargoship/pkg/staging/network_adaptation.go:106.105,107.19 1 1
github.com/scttfrdmn/cargoship/pkg/staging/network_adaptation.go:107.19,109.3 1 0
github.com/scttfrdmn/cargoship/pkg/staging/network_adaptation.go:111.2,128.15 5 1
github.com/scttfrdmn/cargoship/pkg/staging/network_adaptation.go:132.51,136.16 3 1
github.com/scttfrdmn/cargoship/pkg/staging/network_adaptation.go:136.16,138.3 1 1
github.com/scttfrdmn/cargoship/pkg/staging/network_adaptation.go:140.2,149.12 4 1
github.com/scttfrdmn/cargoship/pkg/staging/network_adaptation.go:149.12,151.3 1 1
github.com/scttfrdmn/cargoship/pkg/staging/network_adaptation.go:153.2,153.12 1 1
github.com/scttfrdmn/cargoship/pkg/staging/network_adaptation.go:157.50,161.17 3 1
github.com/scttfrdmn/cargoship/pkg/staging/network_adaptation.go:161.17,163.3 1 1
github.com/scttfrdmn/cargoship/pkg/staging/network_adaptation.go:165.2,168.12 3 1
github.com/scttfrdmn/cargoship/pkg/staging/network_adaptation.go:172.73,178.6 5 1
github.com/scttfrdmn/cargoship/pkg/staging/network_adaptation.go:178.6,179.10 1 1
github.com/scttfrdmn/cargoship/pkg/staging/network_adaptation.go:180.21,181.10 1 1
github.com/scttfrdmn/cargoship/pkg/staging/network_adaptation.go:182.26,183.34 1 0
github.com/scttfrdmn/cargoship/pkg/staging/network_adaptation.go:184.29,185.26 1 0
github.com/scttfrdmn/cargoship/pkg/staging/network_adaptation.go:191.64,203.53 6 0
github.com/scttfrdmn/cargoship/pkg/staging/network_adaptation.go:203.53,205.3 1 0
github.com/scttfrdmn/cargoship/pkg/staging/network_adaptation.go:207.2,215.39 7 0
github.com/scttfrdmn/cargoship/pkg/staging/network_adaptation.go:219.56,228.23 5 1
github.com/scttfrdmn/cargoship/pkg/staging/network_adaptation.go:228.23,230.3 1 0
github.com/scttfrdmn/cargoship/pkg/staging/network_adaptation.go:233.2,234.21 2 1
github.com/scttfrdmn/cargoship/pkg/staging/network_adaptation.go:234.21,236.3 1 0
github.com/scttfrdmn/cargoship/pkg/staging/network_adaptation.go:239.2,241.16 3 1
github.com/scttfrdmn/cargoship/pkg/staging/network_adaptation.go:241.16,243.3 1 0
github.com/scttfrdmn/cargoship/pkg/staging/network_adaptation.go:246.2,252.51 3 1
github.com/scttfrdmn/cargoship/pkg/staging/network_adaptation.go:256.100,257.51 1 1
github.com/scttfrdmn/cargoship/pkg/staging/network_adaptation.go:257.51,259.3 1 1
github.com/scttfrdmn/cargoship/pkg/staging/network_adaptation.go:261.2,265.59 3 0
github.com/scttfrdmn/cargoship/pkg/staging/network_adaptation.go:265.59,266.58 1 0
github.com/scttfrdmn/cargoship/pkg/staging/network_adaptation.go:266.58,268.4 1 0
github.com/scttfrdmn/cargoship/pkg/staging/network_adaptation.go:269.3,269.36 1 0
github.com/scttfrdmn/cargoship/pkg/staging/network_adaptation.go:273.2,274.55 2 0
github.com/scttfrdmn/cargoship/pkg/staging/network_adaptation.go:274.55,275.50 1 0
github.com/scttfrdmn/cargoship/pkg/staging/network_adaptation.go:275.50,277.4 1 0
github.com/scttfrdmn/cargoship/pkg/staging/network_adaptation.go:278.3,278.34 1 0
github.com/scttfrdmn/cargoship/pkg/staging/network_adaptation.go:282.2,283.49 2 0
github.com/scttfrdmn/cargoship/pkg/staging/network_adaptation.go:283.49,284.52 1 0
github.com/scttfrdmn/cargoship/pkg/staging/network_adaptation.go:284.52,286.4 1 0
github.com/scttfrdmn/cargoship/pkg/staging/network_adaptation.go:287.3,287.38 1 0
github.com/scttfrdmn/cargoship/pkg/staging/network_adaptation.go:291.2,291.75 1 0
github.com/scttfrdmn/cargoship/pkg/staging/network_adaptation.go:291.75,293.3 1 0
github.com/scttfrdmn/cargoship/pkg/staging/network_adaptation.go:294.2,294.75 1 0
github.com/scttfrdmn/cargoship/pkg/staging/network_adaptation.go:294.75,296.3 1 0
github.com/scttfrdmn/cargoship/pkg/staging/network_adaptation.go:299.2,299.53 1 0
github.com/scttfrdmn/cargoship/pkg/staging/network_adaptation.go:299.53,301.74 2 0
github.com/scttfrdmn/cargoship/pkg/staging/network_adaptation.go:301.74,303.4 1 0
github.com/scttfrdmn/cargoship/pkg/staging/network_adaptation.go:304.3,304.66 1 0
github.com/scttfrdmn/cargoship/pkg/staging/network_adaptation.go:304.66,306.4 1 0
github.com/scttfrdmn/cargoship/pkg/staging/network_adaptation.go:307.3,307.64 1 0
github.com/scttfrdmn/cargoship/pkg/staging/network_adaptation.go:307.64,309.4 1 0
github.com/scttfrdmn/cargoship/pkg/staging/network_adaptation.go:312.2,312.18 1 0
github.com/scttfrdmn/cargoship/pkg/staging/network_adaptation.go:316.126,331.16 7 1
github.com/scttfrdmn/cargoship/pkg/staging/network_adaptation.go:332.28,333.71 1 0
github.com/scttfrdmn/cargoship/pkg/staging/network_adaptation.go:334.28,335.71 1 0
github.com/scttfrdmn/cargoship/pkg/staging/network_adaptation.go:336.26,337.69 1 0
github.com/scttfrdmn/cargoship/pkg/staging/network_adaptation.go:338.26,339.69 1 0
github.com/scttfrdmn/cargoship/pkg/staging/network_adaptation.go:340.29,341.64 1 0
github.com/scttfrdmn/cargoship/pkg/staging/network_adaptation.go:342.28,343.69 1 0
github.com/scttfrdmn/cargoship/pkg/staging/network_adaptation.go:344.30,345.64 1 0
github.com/scttfrdmn/cargoship/pkg/staging/network_adaptation.go:346.33,347.67 1 0
github.com/scttfrdmn/cargoship/pkg/staging/network_adaptation.go:348.10,349.61 1 1
github.com/scttfrdmn/cargoship/pkg/staging/network_adaptation.go:353.2,360.77 4 1
github.com/scttfrdmn/cargoship/pkg/staging/network_adaptation.go:360.77,362.3 1 1
github.com/scttfrdmn/cargoship/pkg/staging/network_adaptation.go:364.2,364.12 1 0
github.com/scttfrdmn/cargoship/pkg/staging/network_adaptation.go:368.133,374.37 3 0
github.com/scttfrdmn/cargoship/pkg/staging/network_adaptation.go:374.37,376.3 1 0
github.com/scttfrdmn/cargoship/pkg/staging/network_adaptation.go:379.2,379.35 1 0
github.com/scttfrdmn/cargoship/pkg/staging/network_adaptation.go:379.35,381.3 1 0
github.com/scttfrdmn/cargoship/pkg/staging/network_adaptation.go:383.2,383.14 1 0
github.com/scttfrdmn/cargoship/pkg/staging/network_adaptation.go:387.133,396.34 4 0
github.com/scttfrdmn/cargoship/pkg/staging/network_adaptation.go:396.34,398.3 1 0
github.com/scttfrdmn/cargoship/pkg/staging/network_adaptation.go:400.2,400.14 1 0
github.com/scttfrdmn/cargoship/pkg/staging/network_adaptation.go:404.131,413.2 4 0
github.com/scttfrdmn/cargoship/pkg/staging/network_adaptation.go:416.131,422.37 3 0
github.com/scttfrdmn/cargoship/pkg/staging/network_adaptation.go:422.37,424.3 1 0
github.com/scttfrdmn/cargoship/pkg/staging/network_adaptation.go:426.2,426.14 1 0
github.com/scttfrdmn/cargoship/pkg/staging/network_adaptation.go:430.126,442.2 5 0
github.com/scttfrdmn/cargoship/pkg/staging/network_adaptation.go:445.131,457.2 5 0
github.com/scttfrdmn/cargoship/pkg/staging/network_adaptation.go:460.126,469.2 4 0
github.com/scttfrdmn/cargoship/pkg/staging/network_adaptation.go:472.129,474.86 1 0
github.com/scttfrdmn/cargoship/pkg/staging/network_adaptation.go:474.86,476.3 1 0
github.com/scttfrdmn/cargoship/pkg/staging/network_adaptation.go:479.2,483.34 3 0
github.com/scttfrdmn/cargoship/pkg/staging/network_adaptation.go:483.34,485.3 1 0
github.com/scttfrdmn/cargoship/pkg/staging/network_adaptation.go:485.8,487.3 1 0
github.com/scttfrdmn/cargoship/pkg/staging/network_adaptation.go:489.2,489.14 1 0
github.com/scttfrdmn/cargoship/pkg/staging/network_adaptation.go:493.123,503.2 6 1
github.com/scttfrdmn/cargoship/pkg/staging/network_adaptation.go:508.96,521.45 5 1
github.com/scttfrdmn/cargoship/pkg/staging/network_adaptation.go:521.45,523.3 1 1
github.com/scttfrdmn/cargoship/pkg/staging/network_adaptation.go:524.2,524.45 1 1
github.com/scttfrdmn/cargoship/pkg/staging/network_adaptation.go:524.45,526.3 1 0
github.com/scttfrdmn/cargoship/pkg/staging/network_adaptation.go:528.2,528.20 1 1
github.com/scttfrdmn/cargoship/pkg/staging/network_adaptation.go:532.98,537.37 2 1
github.com/scttfrdmn/cargoship/pkg/staging/network_adaptation.go:537.37,539.3 1 0
github.com/scttfrdmn/cargoship/pkg/staging/network_adaptation.go:542.2,542.31 1 1
github.com/scttfrdmn/cargoship/pkg/staging/network_adaptation.go:542.31,544.3 1 0
github.com/scttfrdmn/cargoship/pkg/staging/network_adaptation.go:547.2,547.49 1 1
github.com/scttfrdmn/cargoship/pkg/staging/network_adaptation.go:547.49,549.3 1 0
github.com/scttfrdmn/cargoship/pkg/staging/network_adaptation.go:550.2,550.49 1 1
github.com/scttfrdmn/cargoship/pkg/staging/network_adaptation.go:550.49,552.3 1 0
github.com/scttfrdmn/cargoship/pkg/staging/network_adaptation.go:554.2,554.24 1 1
github.com/scttfrdmn/cargoship/pkg/staging/network_adaptation.go:558.98,560.35 1 1
github.com/scttfrdmn/cargoship/pkg/staging/network_adaptation.go:560.35,562.3 1 0
github.com/scttfrdmn/cargoship/pkg/staging/network_adaptation.go:565.2,565.34 1 1
github.com/scttfrdmn/cargoship/pkg/staging/network_adaptation.go:565.34,567.3 1 0
github.com/scttfrdmn/cargoship/pkg/staging/network_adaptation.go:570.2,570.31 1 1
github.com/scttfrdmn/cargoship/pkg/staging/network_adaptation.go:570.31,572.3 1 0
github.com/scttfrdmn/cargoship/pkg/staging/network_adaptation.go:575.2,575.15 1 1
github.com/scttfrdmn/cargoship/pkg/staging/network_adaptation.go:579.103,581.51 1 1
github.com/scttfrdmn/cargoship/pkg/staging/network_adaptation.go:581.51,583.3 1 0
github.com/scttfrdmn/cargoship/pkg/staging/network_adaptation.go:584.2,584.51 1 1
github.com/scttfrdmn/cargoship/pkg/staging/network_adaptation.go:584.51,586.3 1 0
github.com/scttfrdmn/cargoship/pkg/staging/network_adaptation.go:589.2,589.51 1 1
github.com/scttfrdmn/cargoship/pkg/staging/network_adaptation.go:589.51,591.3 1 0
github.com/scttfrdmn/cargoship/pkg/staging/network_adaptation.go:592.2,592.51 1 1
github.com/scttfrdmn/cargoship/pkg/staging/network_adaptation.go:592.51,594.3 1 0
github.com/scttfrdmn/cargoship/pkg/staging/network_adaptation.go:597.2,599.42 3 1
github.com/scttfrdmn/cargoship/pkg/staging/network_adaptation.go:599.42,600.38 1 1
github.com/scttfrdmn/cargoship/pkg/staging/network_adaptation.go:600.38,602.9 2 1
github.com/scttfrdmn/cargoship/pkg/staging/network_adaptation.go:605.2,605.14 1 1
github.com/scttfrdmn/cargoship/pkg/staging/network_adaptation.go:605.14,607.3 1 0
github.com/scttfrdmn/cargoship/pkg/staging/network_adaptation.go:609.2,609.14 1 1
github.com/scttfrdmn/cargoship/pkg/staging/network_adaptation.go:613.123,624.2 6 1
github.com/scttfrdmn/cargoship/pkg/staging/network_adaptation.go:627.112,628.40 1 1
github.com/scttfrdmn/cargoship/pkg/staging/network_adaptation.go:628.40,630.3 1 1
github.com/scttfrdmn/cargoship/pkg/staging/network_adaptation.go:633.2,636.50 2 0
github.com/scttfrdmn/cargoship/pkg/staging/network_adaptation.go:636.50,638.3 1 0
github.com/scttfrdmn/cargoship/pkg/staging/network_adaptation.go:641.2,641.50 1 0
github.com/scttfrdmn/cargoship/pkg/staging/network_adaptation.go:641.50,643.3 1 0
github.com/scttfrdmn/cargoship/pkg/staging/network_adaptation.go:646.2,646.60 1 0
github.com/scttfrdmn/cargoship/pkg/staging/network_adaptation.go:646.60,648.3 1 0
github.com/scttfrdmn/cargoship/pkg/staging/network_adaptation.go:650.2,650.20 1 0
github.com/scttfrdmn/cargoship/pkg/staging/network_adaptation.go:656.106,662.2 4 1
github.com/scttfrdmn/cargoship/pkg/staging/network_adaptation.go:665.108,671.2 4 1
github.com/scttfrdmn/cargoship/pkg/staging/network_adaptation.go:674.111,676.28 2 1
github.com/scttfrdmn/cargoship/pkg/staging/network_adaptation.go:676.28,678.3 1 1
github.com/scttfrdmn/cargoship/pkg/staging/network_adaptation.go:681.2,691.26 4 0
github.com/scttfrdmn/cargoship/pkg/staging/network_adaptation.go:691.26,693.3 1 0
github.com/scttfrdmn/cargoship/pkg/staging/network_adaptation.go:695.2,696.27 2 0
github.com/scttfrdmn/cargoship/pkg/staging/network_adaptation.go:700.124,706.23 4 0
github.com/scttfrdmn/cargoship/pkg/staging/network_adaptation.go:706.23,708.3 1 0
github.com/scttfrdmn/cargoship/pkg/staging/network_adaptation.go:710.2,710.12 1 0
github.com/scttfrdmn/cargoship/pkg/staging/network_adaptation.go:714.140,716.72 1 0
github.com/scttfrdmn/cargoship/pkg/staging/network_adaptation.go:716.72,718.3 1 0
github.com/scttfrdmn/cargoship/pkg/staging/network_adaptation.go:720.2,720.104 1 0
github.com/scttfrdmn/cargoship/pkg/staging/network_adaptation.go:720.104,722.3 1 0
github.com/scttfrdmn/cargoship/pkg/staging/network_adaptation.go:724.2,724.12 1 0
github.com/scttfrdmn/cargoship/pkg/staging/network_adaptation.go:728.143,731.60 2 0
github.com/scttfrdmn/cargoship/pkg/staging/network_adaptation.go:731.60,733.3 1 0
github.com/scttfrdmn/cargoship/pkg/staging/network_adaptation.go:735.2,735.12 1 0
github.com/scttfrdmn/cargoship/pkg/staging/network_adaptation.go:739.102,749.29 4 0
github.com/scttfrdmn/cargoship/pkg/staging/network_adaptation.go:749.29,751.3 1 0
github.com/scttfrdmn/cargoship/pkg/staging/network_adaptation.go:753.2,753.57 1 0
github.com/scttfrdmn/cargoship/pkg/staging/network_adaptation.go:757.102,762.32 2 0
github.com/scttfrdmn/cargoship/pkg/staging/network_adaptation.go:762.32,764.3 1 0
github.com/scttfrdmn/cargoship/pkg/staging/network_adaptation.go:767.2,769.39 2 0
github.com/scttfrdmn/cargoship/pkg/staging/network_adaptation.go:773.91,775.64 1 0
github.com/scttfrdmn/cargoship/pkg/staging/network_adaptation.go:775.64,777.3 1 0
github.com/scttfrdmn/cargoship/pkg/staging/network_adaptation.go:780.2,781.40 2 0
github.com/scttfrdmn/cargoship/pkg/staging/network_adaptation.go:781.40,783.3 1 0
github.com/scttfrdmn/cargoship/pkg/staging/network_adaptation.go:783.8,785.3 1 0
github.com/scttfrdmn/cargoship/pkg/staging/network_adaptation.go:788.2,788.36 1 0
github.com/scttfrdmn/cargoship/pkg/staging/network_adaptation.go:788.36,790.3 1 0
github.com/scttfrdmn/cargoship/pkg/staging/network_adaptation.go:794.96,796.35 1 1
github.com/scttfrdmn/cargoship/pkg/staging/network_adaptation.go:796.35,798.3 1 1
github.com/scttfrdmn/cargoship/pkg/staging/network_adaptation.go:799.2,799.12 1 0
github.com/scttfrdmn/cargoship/pkg/staging/network_adaptation.go:803.100,804.51 1 1
github.com/scttfrdmn/cargoship/pkg/staging/network_adaptation.go:804.51,805.34 1 1
github.com/scttfrdmn/cargoship/pkg/staging/network_adaptation.go:805.34,807.4 1 1
github.com/scttfrdmn/cargoship/pkg/staging/network_adaptation.go:814.77,818.17 3 1
github.com/scttfrdmn/cargoship/pkg/staging/network_adaptation.go:818.17,820.3 1 1
github.com/scttfrdmn/cargoship/pkg/staging/network_adaptation.go:823.2,824.15 2 1
github.com/scttfrdmn/cargoship/pkg/staging/network_adaptation.go:828.93,833.2 3 1
github.com/scttfrdmn/cargoship/pkg/staging/network_adaptation.go:836.55,838.2 1 1
github.com/scttfrdmn/cargoship/pkg/staging/network_adaptation.go:841.51,852.2 1 1
github.com/scttfrdmn/cargoship/pkg/staging/network_adaptation.go:871.48,876.2 1 1
github.com/scttfrdmn/cargoship/pkg/staging/network_adaptation.go:879.99,893.41 5 1
github.com/scttfrdmn/cargoship/pkg/staging/network_adaptation.go:893.41,895.3 1 0
github.com/scttfrdmn/cargoship/pkg/staging/network_adaptation.go:899.82,903.33 3 1
github.com/scttfrdmn/cargoship/pkg/staging/network_adaptation.go:903.33,905.3 1 1
github.com/scttfrdmn/cargoship/pkg/staging/network_adaptation.go:907.2,910.29 2 1
github.com/scttfrdmn/cargoship/pkg/staging/network_adaptation.go:910.29,912.3 1 1
github.com/scttfrdmn/cargoship/pkg/staging/network_adaptation.go:914.2,914.15 1 1
github.com/scttfrdmn/cargoship/pkg/staging/network_monitor.go:11.81,20.2 1 1
github.com/scttfrdmn/cargoship/pkg/staging/network_monitor.go:23.64,27.6 3 1
github.com/scttfrdmn/cargoship/pkg/staging/network_monitor.go:27.6,28.10 1 1
github.com/scttfrdmn/cargoship/pkg/staging/network_monitor.go:29.21,30.10 1 1
github.com/scttfrdmn/cargoship/pkg/staging/network_monitor.go:31.19,32.26 1 0
github.com/scttfrdmn/cargoship/pkg/staging/network_monitor.go:38.77,45.2 4 1
github.com/scttfrdmn/cargoship/pkg/staging/network_monitor.go:48.57,52.35 3 0
github.com/scttfrdmn/cargoship/pkg/staging/network_monitor.go:52.35,54.3 1 0
github.com/scttfrdmn/cargoship/pkg/staging/network_monitor.go:57.2,64.59 4 0
github.com/scttfrdmn/cargoship/pkg/staging/network_monitor.go:68.94,80.2 7 0
github.com/scttfrdmn/cargoship/pkg/staging/network_monitor.go:83.56,95.2 5 0
github.com/scttfrdmn/cargoship/pkg/staging/network_monitor.go:98.81,114.2 2 0
github.com/scttfrdmn/cargoship/pkg/staging/network_monitor.go:117.65,118.36 1 0
github.com/scttfrdmn/cargoship/pkg/staging/network_monitor.go:118.36,120.3 1 0
github.com/scttfrdmn/cargoship/pkg/staging/network_monitor.go:123.2,126.87 3 0
github.com/scttfrdmn/cargoship/pkg/staging/network_monitor.go:126.87,128.3 1 0
github.com/scttfrdmn/cargoship/pkg/staging/network_monitor.go:130.2,130.46 1 0
github.com/scttfrdmn/cargoship/pkg/staging/network_monitor.go:134.63,135.36 1 0
github.com/scttfrdmn/cargoship/pkg/staging/network_monitor.go:135.36,137.3 1 0
github.com/scttfrdmn/cargoship/pkg/staging/network_monitor.go:140.2,143.87 3 0
github.com/scttfrdmn/cargoship/pkg/staging/network_monitor.go:143.87,145.3 1 0
github.com/scttfrdmn/cargoship/pkg/staging/network_monitor.go:147.2,147.44 1 0
github.com/scttfrdmn/cargoship/pkg/staging/network_monitor.go:151.66,153.36 1 0
github.com/scttfrdmn/cargoship/pkg/staging/network_monitor.go:153.36,155.3 1 0
github.com/scttfrdmn/cargoship/pkg/staging/network_monitor.go:158.2,159.22 2 0
github.com/scttfrdmn/cargoship/pkg/staging/network_monitor.go:159.22,161.3 1 0
github.com/scttfrdmn/cargoship/pkg/staging/network_monitor.go:161.8,161.29 1 0
github.com/scttfrdmn/cargoship/pkg/staging/network_monitor.go:161.29,163.3 1 0
github.com/scttfrdmn/cargoship/pkg/staging/network_monitor.go:165.2,165.14 1 0
github.com/scttfrdmn/cargoship/pkg/staging/network_monitor.go:169.62,170.35 1 0
github.com/scttfrdmn/cargoship/pkg/staging/network_monitor.go:170.35,172.3 1 0
github.com/scttfrdmn/cargoship/pkg/staging/network_monitor.go:175.2,178.87 3 0
github.com/scttfrdmn/cargoship/pkg/staging/network_monitor.go:178.87,180.3 1 0
github.com/scttfrdmn/cargoship/pkg/staging/network_monitor.go:183.2,184.36 2 0
github.com/scttfrdmn/cargoship/pkg/staging/network_monitor.go:184.36,186.3 1 0
github.com/scttfrdmn/cargoship/pkg/staging/network_monitor.go:187.2,190.36 3 0
github.com/scttfrdmn/cargoship/pkg/staging/network_monitor.go:190.36,193.3 2 0
github.com/scttfrdmn/cargoship/pkg/staging/network_monitor.go:194.2,196.28 2 0
github.com/scttfrdmn/cargoship/pkg/staging/network_monitor.go:200.66,209.22 5 0
github.com/scttfrdmn/cargoship/pkg/staging/network_monitor.go:209.22,211.3 1 0
github.com/scttfrdmn/cargoship/pkg/staging/network_monitor.go:211.8,211.29 1 0
github.com/scttfrdmn/cargoship/pkg/staging/network_monitor.go:211.29,213.3 1 0
github.com/scttfrdmn/cargoship/pkg/staging/network_monitor.go:216.2,216.21 1 0
github.com/scttfrdmn/cargoship/pkg/staging/network_monitor.go:216.21,218.3 1 0
github.com/scttfrdmn/cargoship/pkg/staging/network_monitor.go:218.8,218.27 1 0
github.com/scttfrdmn/cargoship/pkg/staging/network_monitor.go:218.27,220.3 1 0
github.com/scttfrdmn/cargoship/pkg/staging/network_monitor.go:223.2,223.23 1 0
github.com/scttfrdmn/cargoship/pkg/staging/network_monitor.go:223.23,225.3 1 0
github.com/scttfrdmn/cargoship/pkg/staging/network_monitor.go:225.8,225.31 1 0
github.com/scttfrdmn/cargoship/pkg/staging/network_monitor.go:225.31,227.3 1 0
github.com/scttfrdmn/cargoship/pkg/staging/network_monitor.go:229.2,229.34 1 0
github.com/scttfrdmn/cargoship/pkg/staging/network_monitor.go:233.67,247.2 6 0
github.com/scttfrdmn/cargoship/pkg/staging/network_monitor.go:250.79,255.44 3 0
github.com/scttfrdmn/cargoship/pkg/staging/network_monitor.go:255.44,259.3 2 0
github.com/scttfrdmn/cargoship/pkg/staging/network_monitor.go:263.53,274.2 1 1
github.com/scttfrdmn/cargoship/pkg/staging/network_monitor.go:283.54,287.2 1 1
github.com/scttfrdmn/cargoship/pkg/staging/network_monitor.go:290.89,294.22 3 0
github.com/scttfrdmn/cargoship/pkg/staging/network_monitor.go:294.22,296.3 1 0
github.com/scttfrdmn/cargoship/pkg/staging/network_monitor.go:299.2,303.87 3 0
github.com/scttfrdmn/cargoship/pkg/staging/network_monitor.go:303.87,305.3 1 0
github.com/scttfrdmn/cargoship/pkg/staging/network_monitor.go:307.2,307.85 1 0
github.com/scttfrdmn/cargoship/pkg/staging/network_monitor.go:307.85,309.3 1 0
github.com/scttfrdmn/cargoship/pkg/staging/network_monitor.go:311.2,311.88 1 0
github.com/scttfrdmn/cargoship/pkg/staging/network_monitor.go:311.88,313.3 1 0
github.com/scttfrdmn/cargoship/pkg/staging/network_monitor.go:316.2,319.24 2 0
github.com/scttfrdmn/cargoship/pkg/staging/network_monitor.go:319.24,321.3 1 0
github.com/scttfrdmn/cargoship/pkg/staging/network_monitor.go:321.8,321.32 1 0
github.com/scttfrdmn/cargoship/pkg/staging/network_monitor.go:321.32,323.3 1 0
github.com/scttfrdmn/cargoship/pkg/staging/network_monitor.go:326.2,327.22 2 0
github.com/scttfrdmn/cargoship/pkg/staging/network_monitor.go:327.22,329.3 1 0
github.com/scttfrdmn/cargoship/pkg/staging/network_monitor.go:331.2,331.20 1 0
github.com/scttfrdmn/cargoship/pkg/staging/network_monitor.go:335.135,336.25 1 0
github.com/scttfrdmn/cargoship/pkg/staging/network_monitor.go:336.25,338.3 1 0
github.com/scttfrdmn/cargoship/pkg/staging/network_monitor.go:341.2,347.39 6 0
github.com/scttfrdmn/cargoship/pkg/staging/network_monitor.go:347.39,355.3 6 0
github.com/scttfrdmn/cargoship/pkg/staging/network_monitor.go:358.2,359.22 2 0
github.com/scttfrdmn/cargoship/pkg/staging/network_monitor.go:359.22,361.3 1 0
github.com/scttfrdmn/cargoship/pkg/staging/network_monitor.go:363.2,366.15 2 0
github.com/scttfrdmn/cargoship/pkg/staging/network_monitor.go:366.15,368.3 1 0
github.com/scttfrdmn/cargoship/pkg/staging/network_monitor.go:370.2,370.14 1 0
github.com/scttfrdmn/cargoship/pkg/staging/network_monitor.go:374.94,375.25 1 0
github.com/scttfrdmn/cargoship/pkg/staging/network_monitor.go:375.25,377.3 1 0
github.com/scttfrdmn/cargoship/pkg/staging/network_monitor.go:380.2,381.39 2 0
github.com/scttfrdmn/cargoship/pkg/staging/network_monitor.go:381.39,383.3 1 0
github.com/scttfrdmn/cargoship/pkg/staging/network_monitor.go:385.2,386.39 2 0
github.com/scttfrdmn/cargoship/pkg/staging/network_monitor.go:386.39,388.3 1 0
github.com/scttfrdmn/cargoship/pkg/staging/network_monitor.go:389.2,391.15 2 0
github.com/scttfrdmn/cargoship/pkg/staging/network_monitor.go:391.15,393.3 1 0
github.com/scttfrdmn/cargoship/pkg/staging/network_monitor.go:395.2,396.39 2 0
github.com/scttfrdmn/cargoship/pkg/staging/network_monitor.go:396.39,399.3 2 0
github.com/scttfrdmn/cargoship/pkg/staging/network_monitor.go:400.2,405.22 3 0
github.com/scttfrdmn/cargoship/pkg/staging/network_monitor.go:416.67,425.2 1 1
github.com/scttfrdmn/cargoship/pkg/staging/network_monitor.go:428.115,432.23 3 0
github.com/scttfrdmn/cargoship/pkg/staging/network_monitor.go:432.23,434.3 1 0
github.com/scttfrdmn/cargoship/pkg/staging/network_monitor.go:437.2,443.35 5 0
github.com/scttfrdmn/cargoship/pkg/staging/network_monitor.go:443.35,446.3 2 0
github.com/scttfrdmn/cargoship/pkg/staging/network_monitor.go:449.2,450.33 2 0
github.com/scttfrdmn/cargoship/pkg/staging/network_monitor.go:450.33,453.3 2 0
github.com/scttfrdmn/cargoship/pkg/staging/network_monitor.go:456.2,457.37 2 0
github.com/scttfrdmn/cargoship/pkg/staging/network_monitor.go:457.37,460.3 2 0
github.com/scttfrdmn/cargoship/pkg/staging/network_monitor.go:463.2,466.20 3 0
github.com/scttfrdmn/cargoship/pkg/staging/network_monitor.go:476.61,480.2 1 1
github.com/scttfrdmn/cargoship/pkg/staging/network_monitor.go:483.105,487.22 3 0
github.com/scttfrdmn/cargoship/pkg/staging/network_monitor.go:487.22,493.3 1 0
github.com/scttfrdmn/cargoship/pkg/staging/network_monitor.go:496.2,512.3 6 0
github.com/scttfrdmn/cargoship/pkg/staging/network_monitor.go:516.87,519.36 2 0
github.com/scttfrdmn/cargoship/pkg/staging/network_monitor.go:519.36,520.24 1 0
github.com/scttfrdmn/cargoship/pkg/staging/network_monitor.go:521.20,522.39 1 0
github.com/scttfrdmn/cargoship/pkg/staging/network_monitor.go:523.18,524.35 1 0
github.com/scttfrdmn/cargoship/pkg/staging/network_monitor.go:525.21,526.41 1 0
github.com/scttfrdmn/cargoship/pkg/staging/network_monitor.go:527.11,528.17 1 0
github.com/scttfrdmn/cargoship/pkg/staging/network_monitor.go:532.2,532.15 1 0
github.com/scttfrdmn/cargoship/pkg/staging/network_monitor.go:536.69,537.21 1 0
github.com/scttfrdmn/cargoship/pkg/staging/network_monitor.go:537.21,539.3 1 0
github.com/scttfrdmn/cargoship/pkg/staging/network_monitor.go:542.2,543.20 2 0
github.com/scttfrdmn/cargoship/pkg/staging/network_monitor.go:543.20,545.3 1 0
github.com/scttfrdmn/cargoship/pkg/staging/network_monitor.go:547.2,551.35 3 0
github.com/scttfrdmn/cargoship/pkg/staging/network_monitor.go:551.35,553.3 1 0
github.com/scttfrdmn/cargoship/pkg/staging/network_monitor.go:555.2,555.45 1 0
github.com/scttfrdmn/cargoship/pkg/staging/network_monitor.go:559.89,560.21 1 0
github.com/scttfrdmn/cargoship/pkg/staging/network_monitor.go:560.21,562.3 1 0
github.com/scttfrdmn/cargoship/pkg/staging/network_monitor.go:565.2,569.31 4 0
github.com/scttfrdmn/cargoship/pkg/staging/network_monitor.go:569.31,571.3 1 0
github.com/scttfrdmn/cargoship/pkg/staging/network_monitor.go:572.2,574.15 2 0
github.com/scttfrdmn/cargoship/pkg/staging/network_monitor.go:574.15,576.3 1 0
github.com/scttfrdmn/cargoship/pkg/staging/network_monitor.go:578.2,579.31 2 0
github.com/scttfrdmn/cargoship/pkg/staging/network_monitor.go:579.31,582.3 2 0
github.com/scttfrdmn/cargoship/pkg/staging/network_monitor.go:583.2,592.32 4 0
github.com/scttfrdmn/cargoship/pkg/staging/network_monitor.go:592.32,594.3 1 0
github.com/scttfrdmn/cargoship/pkg/staging/network_monitor.go:596.2,596.50 1 0
github.com/scttfrdmn/cargoship/pkg/staging/performance_predictor.go:12.75,21.2 1 0
github.com/scttfrdmn/cargoship/pkg/staging/performance_predictor.go:24.60,30.2 2 0
github.com/scttfrdmn/cargoship/pkg/staging/performance_predictor.go:33.144,39.60 4 0
github.com/scttfrdmn/cargoship/pkg/staging/performance_predictor.go:39.60,40.54 1 0
github.com/scttfrdmn/cargoship/pkg/staging/performance_predictor.go:40.54,42.4 1 0
github.com/scttfrdmn/cargoship/pkg/staging/performance_predictor.go:44.3,44.39 1 0
github.com/scttfrdmn/cargoship/pkg/staging/performance_predictor.go:48.2,53.24 3 0
github.com/scttfrdmn/cargoship/pkg/staging/performance_predictor.go:57.95,62.2 2 0
github.com/scttfrdmn/cargoship/pkg/staging/performance_predictor.go:65.55,67.2 1 0
github.com/scttfrdmn/cargoship/pkg/staging/performance_predictor.go:70.48,72.2 1 0
github.com/scttfrdmn/cargoship/pkg/staging/performance_predictor.go:75.135,107.2 8 0
github.com/scttfrdmn/cargoship/pkg/staging/performance_predictor.go:110.125,115.25 3 0
github.com/scttfrdmn/cargoship/pkg/staging/performance_predictor.go:115.25,117.3 1 0
github.com/scttfrdmn/cargoship/pkg/staging/performance_predictor.go:119.2,123.27 3 0
github.com/scttfrdmn/cargoship/pkg/staging/performance_predictor.go:123.27,125.3 1 0
github.com/scttfrdmn/cargoship/pkg/staging/performance_predictor.go:128.2,137.65 6 0
github.com/scttfrdmn/cargoship/pkg/staging/performance_predictor.go:141.119,154.2 6 0
github.com/scttfrdmn/cargoship/pkg/staging/performance_predictor.go:157.127,162.35 3 0
github.com/scttfrdmn/cargoship/pkg/staging/performance_predictor.go:162.35,164.3 1 0
github.com/scttfrdmn/cargoship/pkg/staging/performance_predictor.go:164.8,164.41 1 0
github.com/scttfrdmn/cargoship/pkg/staging/performance_predictor.go:164.41,166.3 1 0
github.com/scttfrdmn/cargoship/pkg/staging/performance_predictor.go:169.2,174.51 4 0
github.com/scttfrdmn/cargoship/pkg/staging/performance_predictor.go:178.125,184.29 3 0
github.com/scttfrdmn/cargoship/pkg/staging/performance_predictor.go:184.29,186.3 1 0
github.com/scttfrdmn/cargoship/pkg/staging/performance_predictor.go:189.2,189.38 1 0
github.com/scttfrdmn/cargoship/pkg/staging/performance_predictor.go:189.38,191.3 1 0
github.com/scttfrdmn/cargoship/pkg/staging/performance_predictor.go:194.2,194.44 1 0
github.com/scttfrdmn/cargoship/pkg/staging/performance_predictor.go:194.44,196.3 1 0
github.com/scttfrdmn/cargoship/pkg/staging/performance_predictor.go:199.2,203.93 4 0
github.com/scttfrdmn/cargoship/pkg/staging/performance_predictor.go:207.121,209.41 1 0
github.com/scttfrdmn/cargoship/pkg/staging/performance_predictor.go:209.41,211.3 1 0
github.com/scttfrdmn/cargoship/pkg/staging/performance_predictor.go:214.2,214.42 1 0
github.com/scttfrdmn/cargoship/pkg/staging/performance_predictor.go:214.42,216.3 1 0
github.com/scttfrdmn/cargoship/pkg/staging/performance_predictor.go:219.2,219.37 1 0
github.com/scttfrdmn/cargoship/pkg/staging/performance_predictor.go:219.37,221.3 1 0
github.com/scttfrdmn/cargoship/pkg/staging/performance_predictor.go:223.2,223.20 1 0
github.com/scttfrdmn/cargoship/pkg/staging/performance_predictor.go:227.129,234.23 4 0
github.com/scttfrdmn/cargoship/pkg/staging/performance_predictor.go:234.23,236.3 1 0
github.com/scttfrdmn/cargoship/pkg/staging/performance_predictor.go:236.8,236.30 1 0
github.com/scttfrdmn/cargoship/pkg/staging/performance_predictor.go:236.30,238.3 1 0
github.com/scttfrdmn/cargoship/pkg/staging/performance_predictor.go:241.2,247.37 3 0
github.com/scttfrdmn/cargoship/pkg/staging/performance_predictor.go:247.37,249.3 1 0
github.com/scttfrdmn/cargoship/pkg/staging/performance_predictor.go:251.2,251.35 1 0
github.com/scttfrdmn/cargoship/pkg/staging/performance_predictor.go:255.131,269.2 6 0
github.com/scttfrdmn/cargoship/pkg/staging/performance_predictor.go:272.117,280.2 1 0
github.com/scttfrdmn/cargoship/pkg/staging/performance_predictor.go:283.71,287.6 3 0
github.com/scttfrdmn/cargoship/pkg/staging/performance_predictor.go:287.6,288.10 1 0
github.com/scttfrdmn/cargoship/pkg/staging/performance_predictor.go:289.21,290.10 1 0
github.com/scttfrdmn/cargoship/pkg/staging/performance_predictor.go:291.19,292.28 1 0
github.com/scttfrdmn/cargoship/pkg/staging/performance_predictor.go:298.55,303.50 4 0
github.com/scttfrdmn/cargoship/pkg/staging/performance_predictor.go:303.50,304.55 1 0
github.com/scttfrdmn/cargoship/pkg/staging/performance_predictor.go:304.55,306.4 1 0
github.com/scttfrdmn/cargoship/pkg/staging/performance_predictor.go:311.70,315.6 3 0
github.com/scttfrdmn/cargoship/pkg/staging/performance_predictor.go:315.6,316.10 1 0
github.com/scttfrdmn/cargoship/pkg/staging/performance_predictor.go:317.21,318.10 1 0
github.com/scttfrdmn/cargoship/pkg/staging/performance_predictor.go:319.19,320.21 1 0
github.com/scttfrdmn/cargoship/pkg/staging/performance_predictor.go:335.67,347.2 1 0
github.com/scttfrdmn/cargoship/pkg/staging/performance_predictor.go:350.73,371.44 6 0
github.com/scttfrdmn/cargoship/pkg/staging/performance_predictor.go:371.44,373.3 1 0
github.com/scttfrdmn/cargoship/pkg/staging/performance_predictor.go:377.39,381.31 3 0
github.com/scttfrdmn/cargoship/pkg/staging/performance_predictor.go:381.31,383.3 1 0
github.com/scttfrdmn/cargoship/pkg/staging/performance_predictor.go:386.2,387.30 2 0
github.com/scttfrdmn/cargoship/pkg/staging/performance_predictor.go:391.45,396.39 2 0
github.com/scttfrdmn/cargoship/pkg/staging/performance_predictor.go:396.39,397.19 1 0
github.com/scttfrdmn/cargoship/pkg/staging/performance_predictor.go:397.19,399.4 1 0
github.com/scttfrdmn/cargoship/pkg/staging/performance_predictor.go:402.2,402.33 1 0
github.com/scttfrdmn/cargoship/pkg/staging/performance_predictor.go:402.33,404.3 1 0
github.com/scttfrdmn/cargoship/pkg/staging/performance_predictor.go:407.2,411.38 2 0
github.com/scttfrdmn/cargoship/pkg/staging/performance_predictor.go:411.38,411.70 1 0
github.com/scttfrdmn/cargoship/pkg/staging/performance_predictor.go:412.38,412.67 1 0
github.com/scttfrdmn/cargoship/pkg/staging/performance_predictor.go:415.2,416.38 1 0
github.com/scttfrdmn/cargoship/pkg/staging/performance_predictor.go:416.38,416.67 1 0
github.com/scttfrdmn/cargoship/pkg/staging/performance_predictor.go:417.38,417.67 1 0
github.com/scttfrdmn/cargoship/pkg/staging/performance_predictor.go:420.2,421.38 1 0
github.com/scttfrdmn/cargoship/pkg/staging/performance_predictor.go:421.38,421.66 1 0
github.com/scttfrdmn/cargoship/pkg/staging/performance_predictor.go:422.38,422.67 1 0
github.com/scttfrdmn/cargoship/pkg/staging/performance_predictor.go:425.2,426.36 2 0
github.com/scttfrdmn/cargoship/pkg/staging/performance_predictor.go:426.36,428.3 1 0
github.com/scttfrdmn/cargoship/pkg/staging/performance_predictor.go:430.2,430.26 1 0
github.com/scttfrdmn/cargoship/pkg/staging/performance_predictor.go:430.26,431.39 1 0
github.com/scttfrdmn/cargoship/pkg/staging/performance_predictor.go:431.39,433.4 1 0
github.com/scttfrdmn/cargoship/pkg/staging/performance_predictor.go:439.57,441.19 1 0
github.com/scttfrdmn/cargoship/pkg/staging/performance_predictor.go:441.19,443.3 1 0
github.com/scttfrdmn/cargoship/pkg/staging/performance_predictor.go:446.2,448.25 3 0
github.com/scttfrdmn/cargoship/pkg/staging/performance_predictor.go:448.25,451.3 2 0
github.com/scttfrdmn/cargoship/pkg/staging/performance_predictor.go:452.2,460.25 6 0
github.com/scttfrdmn/cargoship/pkg/staging/performance_predictor.go:460.25,470.3 7 0
github.com/scttfrdmn/cargoship/pkg/staging/performance_predictor.go:472.2,473.22 2 0
github.com/scttfrdmn/cargoship/pkg/staging/performance_predictor.go:473.22,475.3 1 0
github.com/scttfrdmn/cargoship/pkg/staging/performance_predictor.go:477.2,477.32 1 0
github.com/scttfrdmn/cargoship/pkg/staging/performance_predictor.go:494.76,501.2 1 0
github.com/scttfrdmn/cargoship/pkg/staging/performance_predictor.go:504.95,509.44 3 0
github.com/scttfrdmn/cargoship/pkg/staging/performance_predictor.go:509.44,511.3 1 0
github.com/scttfrdmn/cargoship/pkg/staging/performance_predictor.go:513.2,519.63 3 0
github.com/scttfrdmn/cargoship/pkg/staging/performance_predictor.go:519.63,521.3 1 0
github.com/scttfrdmn/cargoship/pkg/staging/performance_predictor.go:525.69,532.49 5 0
github.com/scttfrdmn/cargoship/pkg/staging/performance_predictor.go:532.49,533.34 1 0
github.com/scttfrdmn/cargoship/pkg/staging/performance_predictor.go:533.34,535.22 2 0
github.com/scttfrdmn/cargoship/pkg/staging/performance_predictor.go:535.22,537.5 1 0
github.com/scttfrdmn/cargoship/pkg/staging/performance_predictor.go:541.2,541.23 1 0
github.com/scttfrdmn/cargoship/pkg/staging/performance_predictor.go:541.23,543.3 1 0
github.com/scttfrdmn/cargoship/pkg/staging/performance_predictor.go:545.2,545.63 1 0
github.com/scttfrdmn/cargoship/pkg/staging/performance_predictor.go:549.78,558.49 6 0
github.com/scttfrdmn/cargoship/pkg/staging/performance_predictor.go:558.49,559.34 1 0
github.com/scttfrdmn/cargoship/pkg/staging/performance_predictor.go:559.34,560.65 1 0
github.com/scttfrdmn/cargoship/pkg/staging/performance_predictor.go:560.65,562.23 2 0
github.com/scttfrdmn/cargoship/pkg/staging/performance_predictor.go:562.23,564.6 1 0
github.com/scttfrdmn/cargoship/pkg/staging/performance_predictor.go:569.2,569.26 1 0
github.com/scttfrdmn/cargoship/pkg/staging/performance_predictor.go:569.26,571.3 1 0
github.com/scttfrdmn/cargoship/pkg/staging/performance_predictor.go:573.2,578.45 3 0
github.com/scttfrdmn/cargoship/pkg/staging/performance_predictor.go:582.91,585.46 2 0
github.com/scttfrdmn/cargoship/pkg/staging/performance_predictor.go:585.46,592.3 1 0
github.com/scttfrdmn/cargoship/pkg/staging/performance_predictor.go:594.2,598.20 3 0
github.com/scttfrdmn/cargoship/pkg/staging/performance_predictor.go:598.20,600.3 1 0
github.com/scttfrdmn/cargoship/pkg/staging/performance_predictor.go:603.2,608.79 5 0
github.com/scttfrdmn/cargoship/pkg/staging/performance_predictor.go:612.72,615.17 2 0
github.com/scttfrdmn/cargoship/pkg/staging/performance_predictor.go:615.17,617.3 1 0
github.com/scttfrdmn/cargoship/pkg/staging/performance_predictor.go:617.8,617.24 1 0
github.com/scttfrdmn/cargoship/pkg/staging/performance_predictor.go:617.24,619.3 1 0
github.com/scttfrdmn/cargoship/pkg/staging/performance_predictor.go:619.8,619.25 1 0
github.com/scttfrdmn/cargoship/pkg/staging/performance_predictor.go:619.25,621.3 1 0
github.com/scttfrdmn/cargoship/pkg/staging/performance_predictor.go:623.2,623.17 1 0
github.com/scttfrdmn/cargoship/pkg/staging/performance_predictor.go:635.70,637.2 1 0
github.com/scttfrdmn/cargoship/pkg/staging/performance_predictor.go:644.66,646.2 1 0
github.com/scttfrdmn/cargoship/pkg/staging/predictor.go:53.44,68.2 1 1
github.com/scttfrdmn/cargoship/pkg/staging/predictor.go:230.88,231.19 1 0
github.com/scttfrdmn/cargoship/pkg/staging/predictor.go:231.19,233.3 1 0
github.com/scttfrdmn/cargoship/pkg/staging/predictor.go:235.2,248.11 3 0
github.com/scttfrdmn/cargoship/pkg/staging/predictor.go:252.43,256.15 3 0
github.com/scttfrdmn/cargoship/pkg/staging/predictor.go:256.15,258.3 1 0
github.com/scttfrdmn/cargoship/pkg/staging/predictor.go:260.2,270.12 6 0
github.com/scttfrdmn/cargoship/pkg/staging/predictor.go:274.42,278.16 3 0
github.com/scttfrdmn/cargoship/pkg/staging/predictor.go:278.16,280.3 1 0
github.com/scttfrdmn/cargoship/pkg/staging/predictor.go:282.2,285.12 3 0
github.com/scttfrdmn/cargoship/pkg/staging/predictor.go:289.68,294.13 4 0
github.com/scttfrdmn/cargoship/pkg/staging/predictor.go:294.13,299.3 1 0
github.com/scttfrdmn/cargoship/pkg/staging/predictor.go:302.2,303.16 2 0
github.com/scttfrdmn/cargoship/pkg/staging/predictor.go:303.16,305.3 1 0
github.com/scttfrdmn/cargoship/pkg/staging/predictor.go:308.2,312.38 3 0
github.com/scttfrdmn/cargoship/pkg/staging/predictor.go:312.38,314.17 2 0
github.com/scttfrdmn/cargoship/pkg/staging/predictor.go:314.17,315.12 1 0
github.com/scttfrdmn/cargoship/pkg/staging/predictor.go:317.3,317.30 1 0
github.com/scttfrdmn/cargoship/pkg/staging/predictor.go:321.2,324.58 2 0
github.com/scttfrdmn/cargoship/pkg/staging/predictor.go:328.83,330.2 1 0
github.com/scttfrdmn/cargoship/pkg/staging/predictor.go:333.95,335.2 1 0
github.com/scttfrdmn/cargoship/pkg/staging/predictor.go:338.58,347.2 1 0
github.com/scttfrdmn/cargoship/pkg/staging/predictor.go:350.62,354.6 3 0
github.com/scttfrdmn/cargoship/pkg/staging/predictor.go:354.6,355.10 1 0
github.com/scttfrdmn/cargoship/pkg/staging/predictor.go:356.21,357.10 1 0
github.com/scttfrdmn/cargoship/pkg/staging/predictor.go:358.19,359.36 1 0
github.com/scttfrdmn/cargoship/pkg/staging/predictor.go:365.59,377.2 4 0
github.com/scttfrdmn/cargoship/pkg/staging/predictor.go:380.131,381.26 1 0
github.com/scttfrdmn/cargoship/pkg/staging/predictor.go:381.26,383.3 1 0
github.com/scttfrdmn/cargoship/pkg/staging/predictor.go:385.2,388.41 3 0
github.com/scttfrdmn/cargoship/pkg/staging/predictor.go:388.41,389.24 1 0
github.com/scttfrdmn/cargoship/pkg/staging/predictor.go:389.24,390.12 1 0
github.com/scttfrdmn/cargoship/pkg/staging/predictor.go:394.3,395.24 2 0
github.com/scttfrdmn/cargoship/pkg/staging/predictor.go:395.24,398.4 2 0
github.com/scttfrdmn/cargoship/pkg/staging/predictor.go:401.2,401.30 1 0
github.com/scttfrdmn/cargoship/pkg/staging/predictor.go:405.119,428.2 11 0
github.com/scttfrdmn/cargoship/pkg/staging/predictor.go:447.39,449.2 1 0
