`/Volumes/External HD/cargoship-benchmark-test/scenario2-large-files/large-file-001.dat` -> `aws-benchmark/cargoship-competitive-benchmark-1767219132/scenario2/mc/large-file-001.dat`
`/Volumes/External HD/cargoship-benchmark-test/scenario2-large-files/large-file-002.dat` -> `aws-benchmark/cargoship-competitive-benchmark-1767219132/scenario2/mc/large-file-002.dat`
`/Volumes/External HD/cargoship-benchmark-test/scenario2-large-files/large-file-003.dat` -> `aws-benchmark/cargoship-competitive-benchmark-1767219132/scenario2/mc/large-file-003.dat`
`/Volumes/External HD/cargoship-benchmark-test/scenario2-large-files/large-file-004.dat` -> `aws-benchmark/cargoship-competitive-benchmark-1767219132/scenario2/mc/large-file-004.dat`
`/Volumes/External HD/cargoship-benchmark-test/scenario2-large-files/large-file-005.dat` -> `aws-benchmark/cargoship-competitive-benchmark-1767219132/scenario2/mc/large-file-005.dat`
`/Volumes/External HD/cargoship-benchmark-test/scenario2-large-files/large-file-006.dat` -> `aws-benchmark/cargoship-competitive-benchmark-1767219132/scenario2/mc/large-file-006.dat`
`/Volumes/External HD/cargoship-benchmark-test/scenario2-large-files/large-file-007.dat` -> `aws-benchmark/cargoship-competitive-benchmark-1767219132/scenario2/mc/large-file-007.dat`
`/Volumes/External HD/cargoship-benchmark-test/scenario2-large-files/large-file-008.dat` -> `aws-benchmark/cargoship-competitive-benchmark-1767219132/scenario2/mc/large-file-008.dat`
`/Volumes/External HD/cargoship-benchmark-test/scenario2-large-files/large-file-009.dat` -> `aws-benchmark/cargoship-competitive-benchmark-1767219132/scenario2/mc/large-file-009.dat`
`/Volumes/External HD/cargoship-benchmark-test/scenario2-large-files/large-file-010.dat` -> `aws-benchmark/cargoship-competitive-benchmark-1767219132/scenario2/mc/large-file-010.dat`
`/Volumes/External HD/cargoship-benchmark-test/scenario2-large-files/large-file-011.dat` -> `aws-benchmark/cargoship-competitive-benchmark-1767219132/scenario2/mc/large-file-011.dat`
`/Volumes/External HD/cargoship-benchmark-test/scenario2-large-files/large-file-012.dat` -> `aws-benchmark/cargoship-competitive-benchmark-1767219132/scenario2/mc/large-file-012.dat`
`/Volumes/External HD/cargoship-benchmark-test/scenario2-large-files/large-file-013.dat` -> `aws-benchmark/cargoship-competitive-benchmark-1767219132/scenario2/mc/large-file-013.dat`
`/Volumes/External HD/cargoship-benchmark-test/scenario2-large-files/large-file-014.dat` -> `aws-benchmark/cargoship-competitive-benchmark-1767219132/scenario2/mc/large-file-014.dat`
`/Volumes/External HD/cargoship-benchmark-test/scenario2-large-files/large-file-015.dat` -> `aws-benchmark/cargoship-competitive-benchmark-1767219132/scenario2/mc/large-file-015.dat`
`/Volumes/External HD/cargoship-benchmark-test/scenario2-large-files/large-file-016.dat` -> `aws-benchmark/cargoship-competitive-benchmark-1767219132/scenario2/mc/large-file-016.dat`
`/Volumes/External HD/cargoship-benchmark-test/scenario2-large-files/large-file-017.dat` -> `aws-benchmark/cargoship-competitive-benchmark-1767219132/scenario2/mc/large-file-017.dat`
`/Volumes/External HD/cargoship-benchmark-test/scenario2-large-files/large-file-018.dat` -> `aws-benchmark/cargoship-competitive-benchmark-1767219132/scenario2/mc/large-file-018.dat`
`/Volumes/External HD/cargoship-benchmark-test/scenario2-large-files/large-file-019.dat` -> `aws-benchmark/cargoship-competitive-benchmark-1767219132/scenario2/mc/large-file-019.dat`
`/Volumes/External HD/cargoship-benchmark-test/scenario2-large-files/large-file-020.dat` -> `aws-benchmark/cargoship-competitive-benchmark-1767219132/scenario2/mc/large-file-020.dat`
`/Volumes/External HD/cargoship-benchmark-test/scenario2-large-files/large-file-021.dat` -> `aws-benchmark/cargoship-competitive-benchmark-1767219132/scenario2/mc/large-file-021.dat`
`/Volumes/External HD/cargoship-benchmark-test/scenario2-large-files/large-file-022.dat` -> `aws-benchmark/cargoship-competitive-benchmark-1767219132/scenario2/mc/large-file-022.dat`
`/Volumes/External HD/cargoship-benchmark-test/scenario2-large-files/large-file-023.dat` -> `aws-benchmark/cargoship-competitive-benchmark-1767219132/scenario2/mc/large-file-023.dat`
`/Volumes/External HD/cargoship-benchmark-test/scenario2-large-files/large-file-024.dat` -> `aws-benchmark/cargoship-competitive-benchmark-1767219132/scenario2/mc/large-file-024.dat`
`/Volumes/External HD/cargoship-benchmark-test/scenario2-large-files/large-file-025.dat` -> `aws-benchmark/cargoship-competitive-benchmark-1767219132/scenario2/mc/large-file-025.dat`
`/Volumes/External HD/cargoship-benchmark-test/scenario2-large-files/large-file-026.dat` -> `aws-benchmark/cargoship-competitive-benchmark-1767219132/scenario2/mc/large-file-026.dat`
`/Volumes/External HD/cargoship-benchmark-test/scenario2-large-files/large-file-027.dat` -> `aws-benchmark/cargoship-competitive-benchmark-1767219132/scenario2/mc/large-file-027.dat`
`/Volumes/External HD/cargoship-benchmark-test/scenario2-large-files/large-file-028.dat` -> `aws-benchmark/cargoship-competitive-benchmark-1767219132/scenario2/mc/large-file-028.dat`
`/Volumes/External HD/cargoship-benchmark-test/scenario2-large-files/large-file-029.dat` -> `aws-benchmark/cargoship-competitive-benchmark-1767219132/scenario2/mc/large-file-029.dat`
`/Volumes/External HD/cargoship-benchmark-test/scenario2-large-files/large-file-030.dat` -> `aws-benchmark/cargoship-competitive-benchmark-1767219132/scenario2/mc/large-file-030.dat`
`/Volumes/External HD/cargoship-benchmark-test/scenario2-large-files/large-file-031.dat` -> `aws-benchmark/cargoship-competitive-benchmark-1767219132/scenario2/mc/large-file-031.dat`
`/Volumes/External HD/cargoship-benchmark-test/scenario2-large-files/large-file-032.dat` -> `aws-benchmark/cargoship-competitive-benchmark-1767219132/scenario2/mc/large-file-032.dat`
`/Volumes/External HD/cargoship-benchmark-test/scenario2-large-files/large-file-033.dat` -> `aws-benchmark/cargoship-competitive-benchmark-1767219132/scenario2/mc/large-file-033.dat`
`/Volumes/External HD/cargoship-benchmark-test/scenario2-large-files/large-file-034.dat` -> `aws-benchmark/cargoship-competitive-benchmark-1767219132/scenario2/mc/large-file-034.dat`
`/Volumes/External HD/cargoship-benchmark-test/scenario2-large-files/large-file-035.dat` -> `aws-benchmark/cargoship-competitive-benchmark-1767219132/scenario2/mc/large-file-035.dat`
`/Volumes/External HD/cargoship-benchmark-test/scenario2-large-files/large-file-036.dat` -> `aws-benchmark/cargoship-competitive-benchmark-1767219132/scenario2/mc/large-file-036.dat`
`/Volumes/External HD/cargoship-benchmark-test/scenario2-large-files/large-file-037.dat` -> `aws-benchmark/cargoship-competitive-benchmark-1767219132/scenario2/mc/large-file-037.dat`
`/Volumes/External HD/cargoship-benchmark-test/scenario2-large-files/large-file-038.dat` -> `aws-benchmark/cargoship-competitive-benchmark-1767219132/scenario2/mc/large-file-038.dat`
`/Volumes/External HD/cargoship-benchmark-test/scenario2-large-files/large-file-039.dat` -> `aws-benchmark/cargoship-competitive-benchmark-1767219132/scenario2/mc/large-file-039.dat`
`/Volumes/External HD/cargoship-benchmark-test/scenario2-large-files/large-file-040.dat` -> `aws-benchmark/cargoship-competitive-benchmark-1767219132/scenario2/mc/large-file-040.dat`
`/Volumes/External HD/cargoship-benchmark-test/scenario2-large-files/large-file-041.dat` -> `aws-benchmark/cargoship-competitive-benchmark-1767219132/scenario2/mc/large-file-041.dat`
`/Volumes/External HD/cargoship-benchmark-test/scenario2-large-files/large-file-042.dat` -> `aws-benchmark/cargoship-competitive-benchmark-1767219132/scenario2/mc/large-file-042.dat`
`/Volumes/External HD/cargoship-benchmark-test/scenario2-large-files/large-file-043.dat` -> `aws-benchmark/cargoship-competitive-benchmark-1767219132/scenario2/mc/large-file-043.dat`
`/Volumes/External HD/cargoship-benchmark-test/scenario2-large-files/large-file-044.dat` -> `aws-benchmark/cargoship-competitive-benchmark-1767219132/scenario2/mc/large-file-044.dat`
`/Volumes/External HD/cargoship-benchmark-test/scenario2-large-files/large-file-045.dat` -> `aws-benchmark/cargoship-competitive-benchmark-1767219132/scenario2/mc/large-file-045.dat`
`/Volumes/External HD/cargoship-benchmark-test/scenario2-large-files/large-file-046.dat` -> `aws-benchmark/cargoship-competitive-benchmark-1767219132/scenario2/mc/large-file-046.dat`
`/Volumes/External HD/cargoship-benchmark-test/scenario2-large-files/large-file-047.dat` -> `aws-benchmark/cargoship-competitive-benchmark-1767219132/scenario2/mc/large-file-047.dat`
`/Volumes/External HD/cargoship-benchmark-test/scenario2-large-files/large-file-048.dat` -> `aws-benchmark/cargoship-competitive-benchmark-1767219132/scenario2/mc/large-file-048.dat`
`/Volumes/External HD/cargoship-benchmark-test/scenario2-large-files/large-file-049.dat` -> `aws-benchmark/cargoship-competitive-benchmark-1767219132/scenario2/mc/large-file-049.dat`
`/Volumes/External HD/cargoship-benchmark-test/scenario2-large-files/large-file-050.dat` -> `aws-benchmark/cargoship-competitive-benchmark-1767219132/scenario2/mc/large-file-050.dat`
`/Volumes/External HD/cargoship-benchmark-test/scenario2-large-files/large-file-051.dat` -> `aws-benchmark/cargoship-competitive-benchmark-1767219132/scenario2/mc/large-file-051.dat`
`/Volumes/External HD/cargoship-benchmark-test/scenario2-large-files/large-file-052.dat` -> `aws-benchmark/cargoship-competitive-benchmark-1767219132/scenario2/mc/large-file-052.dat`
`/Volumes/External HD/cargoship-benchmark-test/scenario2-large-files/large-file-053.dat` -> `aws-benchmark/cargoship-competitive-benchmark-1767219132/scenario2/mc/large-file-053.dat`
`/Volumes/External HD/cargoship-benchmark-test/scenario2-large-files/large-file-054.dat` -> `aws-benchmark/cargoship-competitive-benchmark-1767219132/scenario2/mc/large-file-054.dat`
`/Volumes/External HD/cargoship-benchmark-test/scenario2-large-files/large-file-055.dat` -> `aws-benchmark/cargoship-competitive-benchmark-1767219132/scenario2/mc/large-file-055.dat`
`/Volumes/External HD/cargoship-benchmark-test/scenario2-large-files/large-file-056.dat` -> `aws-benchmark/cargoship-competitive-benchmark-1767219132/scenario2/mc/large-file-056.dat`
`/Volumes/External HD/cargoship-benchmark-test/scenario2-large-files/large-file-057.dat` -> `aws-benchmark/cargoship-competitive-benchmark-1767219132/scenario2/mc/large-file-057.dat`
`/Volumes/External HD/cargoship-benchmark-test/scenario2-large-files/large-file-058.dat` -> `aws-benchmark/cargoship-competitive-benchmark-1767219132/scenario2/mc/large-file-058.dat`
`/Volumes/External HD/cargoship-benchmark-test/scenario2-large-files/large-file-059.dat` -> `aws-benchmark/cargoship-competitive-benchmark-1767219132/scenario2/mc/large-file-059.dat`
`/Volumes/External HD/cargoship-benchmark-test/scenario2-large-files/large-file-060.dat` -> `aws-benchmark/cargoship-competitive-benchmark-1767219132/scenario2/mc/large-file-060.dat`
`/Volumes/External HD/cargoship-benchmark-test/scenario2-large-files/large-file-061.dat` -> `aws-benchmark/cargoship-competitive-benchmark-1767219132/scenario2/mc/large-file-061.dat`
`/Volumes/External HD/cargoship-benchmark-test/scenario2-large-files/large-file-062.dat` -> `aws-benchmark/cargoship-competitive-benchmark-1767219132/scenario2/mc/large-file-062.dat`
`/Volumes/External HD/cargoship-benchmark-test/scenario2-large-files/large-file-063.dat` -> `aws-benchmark/cargoship-competitive-benchmark-1767219132/scenario2/mc/large-file-063.dat`
`/Volumes/External HD/cargoship-benchmark-test/scenario2-large-files/large-file-064.dat` -> `aws-benchmark/cargoship-competitive-benchmark-1767219132/scenario2/mc/large-file-064.dat`
`/Volumes/External HD/cargoship-benchmark-test/scenario2-large-files/large-file-065.dat` -> `aws-benchmark/cargoship-competitive-benchmark-1767219132/scenario2/mc/large-file-065.dat`
`/Volumes/External HD/cargoship-benchmark-test/scenario2-large-files/large-file-066.dat` -> `aws-benchmark/cargoship-competitive-benchmark-1767219132/scenario2/mc/large-file-066.dat`
`/Volumes/External HD/cargoship-benchmark-test/scenario2-large-files/large-file-067.dat` -> `aws-benchmark/cargoship-competitive-benchmark-1767219132/scenario2/mc/large-file-067.dat`
`/Volumes/External HD/cargoship-benchmark-test/scenario2-large-files/large-file-068.dat` -> `aws-benchmark/cargoship-competitive-benchmark-1767219132/scenario2/mc/large-file-068.dat`
`/Volumes/External HD/cargoship-benchmark-test/scenario2-large-files/large-file-069.dat` -> `aws-benchmark/cargoship-competitive-benchmark-1767219132/scenario2/mc/large-file-069.dat`
`/Volumes/External HD/cargoship-benchmark-test/scenario2-large-files/large-file-070.dat` -> `aws-benchmark/cargoship-competitive-benchmark-1767219132/scenario2/mc/large-file-070.dat`
`/Volumes/External HD/cargoship-benchmark-test/scenario2-large-files/large-file-071.dat` -> `aws-benchmark/cargoship-competitive-benchmark-1767219132/scenario2/mc/large-file-071.dat`
`/Volumes/External HD/cargoship-benchmark-test/scenario2-large-files/large-file-072.dat` -> `aws-benchmark/cargoship-competitive-benchmark-1767219132/scenario2/mc/large-file-072.dat`
`/Volumes/External HD/cargoship-benchmark-test/scenario2-large-files/large-file-073.dat` -> `aws-benchmark/cargoship-competitive-benchmark-1767219132/scenario2/mc/large-file-073.dat`
`/Volumes/External HD/cargoship-benchmark-test/scenario2-large-files/large-file-074.dat` -> `aws-benchmark/cargoship-competitive-benchmark-1767219132/scenario2/mc/large-file-074.dat`
`/Volumes/External HD/cargoship-benchmark-test/scenario2-large-files/large-file-075.dat` -> `aws-benchmark/cargoship-competitive-benchmark-1767219132/scenario2/mc/large-file-075.dat`
`/Volumes/External HD/cargoship-benchmark-test/scenario2-large-files/large-file-076.dat` -> `aws-benchmark/cargoship-competitive-benchmark-1767219132/scenario2/mc/large-file-076.dat`
`/Volumes/External HD/cargoship-benchmark-test/scenario2-large-files/large-file-077.dat` -> `aws-benchmark/cargoship-competitive-benchmark-1767219132/scenario2/mc/large-file-077.dat`
`/Volumes/External HD/cargoship-benchmark-test/scenario2-large-files/large-file-078.dat` -> `aws-benchmark/cargoship-competitive-benchmark-1767219132/scenario2/mc/large-file-078.dat`
`/Volumes/External HD/cargoship-benchmark-test/scenario2-large-files/large-file-079.dat` -> `aws-benchmark/cargoship-competitive-benchmark-1767219132/scenario2/mc/large-file-079.dat`
`/Volumes/External HD/cargoship-benchmark-test/scenario2-large-files/large-file-080.dat` -> `aws-benchmark/cargoship-competitive-benchmark-1767219132/scenario2/mc/large-file-080.dat`
`/Volumes/External HD/cargoship-benchmark-test/scenario2-large-files/large-file-081.dat` -> `aws-benchmark/cargoship-competitive-benchmark-1767219132/scenario2/mc/large-file-081.dat`
`/Volumes/External HD/cargoship-benchmark-test/scenario2-large-files/large-file-082.dat` -> `aws-benchmark/cargoship-competitive-benchmark-1767219132/scenario2/mc/large-file-082.dat`
`/Volumes/External HD/cargoship-benchmark-test/scenario2-large-files/large-file-083.dat` -> `aws-benchmark/cargoship-competitive-benchmark-1767219132/scenario2/mc/large-file-083.dat`
`/Volumes/External HD/cargoship-benchmark-test/scenario2-large-files/large-file-084.dat` -> `aws-benchmark/cargoship-competitive-benchmark-1767219132/scenario2/mc/large-file-084.dat`
`/Volumes/External HD/cargoship-benchmark-test/scenario2-large-files/large-file-085.dat` -> `aws-benchmark/cargoship-competitive-benchmark-1767219132/scenario2/mc/large-file-085.dat`
`/Volumes/External HD/cargoship-benchmark-test/scenario2-large-files/large-file-086.dat` -> `aws-benchmark/cargoship-competitive-benchmark-1767219132/scenario2/mc/large-file-086.dat`
`/Volumes/External HD/cargoship-benchmark-test/scenario2-large-files/large-file-087.dat` -> `aws-benchmark/cargoship-competitive-benchmark-1767219132/scenario2/mc/large-file-087.dat`
`/Volumes/External HD/cargoship-benchmark-test/scenario2-large-files/large-file-088.dat` -> `aws-benchmark/cargoship-competitive-benchmark-1767219132/scenario2/mc/large-file-088.dat`
`/Volumes/External HD/cargoship-benchmark-test/scenario2-large-files/large-file-089.dat` -> `aws-benchmark/cargoship-competitive-benchmark-1767219132/scenario2/mc/large-file-089.dat`
`/Volumes/External HD/cargoship-benchmark-test/scenario2-large-files/large-file-090.dat` -> `aws-benchmark/cargoship-competitive-benchmark-1767219132/scenario2/mc/large-file-090.dat`
`/Volumes/External HD/cargoship-benchmark-test/scenario2-large-files/large-file-091.dat` -> `aws-benchmark/cargoship-competitive-benchmark-1767219132/scenario2/mc/large-file-091.dat`
`/Volumes/External HD/cargoship-benchmark-test/scenario2-large-files/large-file-092.dat` -> `aws-benchmark/cargoship-competitive-benchmark-1767219132/scenario2/mc/large-file-092.dat`
`/Volumes/External HD/cargoship-benchmark-test/scenario2-large-files/large-file-093.dat` -> `aws-benchmark/cargoship-competitive-benchmark-1767219132/scenario2/mc/large-file-093.dat`
`/Volumes/External HD/cargoship-benchmark-test/scenario2-large-files/large-file-094.dat` -> `aws-benchmark/cargoship-competitive-benchmark-1767219132/scenario2/mc/large-file-094.dat`
`/Volumes/External HD/cargoship-benchmark-test/scenario2-large-files/large-file-095.dat` -> `aws-benchmark/cargoship-competitive-benchmark-1767219132/scenario2/mc/large-file-095.dat`
`/Volumes/External HD/cargoship-benchmark-test/scenario2-large-files/large-file-096.dat` -> `aws-benchmark/cargoship-competitive-benchmark-1767219132/scenario2/mc/large-file-096.dat`
`/Volumes/External HD/cargoship-benchmark-test/scenario2-large-files/large-file-097.dat` -> `aws-benchmark/cargoship-competitive-benchmark-1767219132/scenario2/mc/large-file-097.dat`
`/Volumes/External HD/cargoship-benchmark-test/scenario2-large-files/large-file-098.dat` -> `aws-benchmark/cargoship-competitive-benchmark-1767219132/scenario2/mc/large-file-098.dat`
`/Volumes/External HD/cargoship-benchmark-test/scenario2-large-files/large-file-099.dat` -> `aws-benchmark/cargoship-competitive-benchmark-1767219132/scenario2/mc/large-file-099.dat`
`/Volumes/External HD/cargoship-benchmark-test/scenario2-large-files/large-file-100.dat` -> `aws-benchmark/cargoship-competitive-benchmark-1767219132/scenario2/mc/large-file-100.dat`
┌───────────┬─────────────┬──────────┬─────────────┐
│ Total     │ Transferred │ Duration │ Speed       │
│ 51.76 GiB │ 51.76 GiB   │ 08m53s   │ 99.29 MiB/s │
└───────────┴─────────────┴──────────┴─────────────┘
