`/Volumes/External HD/cargoship-benchmark-test/scenario4-compressible/logs-001.json` -> `aws-benchmark/cargoship-competitive-benchmark-1767219132/scenario4/mc/logs-001.json`
`/Volumes/External HD/cargoship-benchmark-test/scenario4-compressible/logs-004.json` -> `aws-benchmark/cargoship-competitive-benchmark-1767219132/scenario4/mc/logs-004.json`
`/Volumes/External HD/cargoship-benchmark-test/scenario4-compressible/logs-007.json` -> `aws-benchmark/cargoship-competitive-benchmark-1767219132/scenario4/mc/logs-007.json`
`/Volumes/External HD/cargoship-benchmark-test/scenario4-compressible/logs-003.json` -> `aws-benchmark/cargoship-competitive-benchmark-1767219132/scenario4/mc/logs-003.json`
`/Volumes/External HD/cargoship-benchmark-test/scenario4-compressible/logs-008.json` -> `aws-benchmark/cargoship-competitive-benchmark-1767219132/scenario4/mc/logs-008.json`
`/Volumes/External HD/cargoship-benchmark-test/scenario4-compressible/logs-009.json` -> `aws-benchmark/cargoship-competitive-benchmark-1767219132/scenario4/mc/logs-009.json`
`/Volumes/External HD/cargoship-benchmark-test/scenario4-compressible/logs-010.json` -> `aws-benchmark/cargoship-competitive-benchmark-1767219132/scenario4/mc/logs-010.json`
`/Volumes/External HD/cargoship-benchmark-test/scenario4-compressible/logs-011.json` -> `aws-benchmark/cargoship-competitive-benchmark-1767219132/scenario4/mc/logs-011.json`
`/Volumes/External HD/cargoship-benchmark-test/scenario4-compressible/logs-005.json` -> `aws-benchmark/cargoship-competitive-benchmark-1767219132/scenario4/mc/logs-005.json`
`/Volumes/External HD/cargoship-benchmark-test/scenario4-compressible/logs-006.json` -> `aws-benchmark/cargoship-competitive-benchmark-1767219132/scenario4/mc/logs-006.json`
`/Volumes/External HD/cargoship-benchmark-test/scenario4-compressible/logs-012.json` -> `aws-benchmark/cargoship-competitive-benchmark-1767219132/scenario4/mc/logs-012.json`
`/Volumes/External HD/cargoship-benchmark-test/scenario4-compressible/logs-002.json` -> `aws-benchmark/cargoship-competitive-benchmark-1767219132/scenario4/mc/logs-002.json`
`/Volumes/External HD/cargoship-benchmark-test/scenario4-compressible/logs-013.json` -> `aws-benchmark/cargoship-competitive-benchmark-1767219132/scenario4/mc/logs-013.json`
`/Volumes/External HD/cargoship-benchmark-test/scenario4-compressible/logs-014.json` -> `aws-benchmark/cargoship-competitive-benchmark-1767219132/scenario4/mc/logs-014.json`
`/Volumes/External HD/cargoship-benchmark-test/scenario4-compressible/logs-015.json` -> `aws-benchmark/cargoship-competitive-benchmark-1767219132/scenario4/mc/logs-015.json`
`/Volumes/External HD/cargoship-benchmark-test/scenario4-compressible/logs-016.json` -> `aws-benchmark/cargoship-competitive-benchmark-1767219132/scenario4/mc/logs-016.json`
`/Volumes/External HD/cargoship-benchmark-test/scenario4-compressible/logs-017.json` -> `aws-benchmark/cargoship-competitive-benchmark-1767219132/scenario4/mc/logs-017.json`
`/Volumes/External HD/cargoship-benchmark-test/scenario4-compressible/logs-018.json` -> `aws-benchmark/cargoship-competitive-benchmark-1767219132/scenario4/mc/logs-018.json`
`/Volumes/External HD/cargoship-benchmark-test/scenario4-compressible/logs-019.json` -> `aws-benchmark/cargoship-competitive-benchmark-1767219132/scenario4/mc/logs-019.json`
`/Volumes/External HD/cargoship-benchmark-test/scenario4-compressible/logs-020.json` -> `aws-benchmark/cargoship-competitive-benchmark-1767219132/scenario4/mc/logs-020.json`
`/Volumes/External HD/cargoship-benchmark-test/scenario4-compressible/logs-021.json` -> `aws-benchmark/cargoship-competitive-benchmark-1767219132/scenario4/mc/logs-021.json`
`/Volumes/External HD/cargoship-benchmark-test/scenario4-compressible/logs-022.json` -> `aws-benchmark/cargoship-competitive-benchmark-1767219132/scenario4/mc/logs-022.json`
`/Volumes/External HD/cargoship-benchmark-test/scenario4-compressible/logs-023.json` -> `aws-benchmark/cargoship-competitive-benchmark-1767219132/scenario4/mc/logs-023.json`
`/Volumes/External HD/cargoship-benchmark-test/scenario4-compressible/logs-024.json` -> `aws-benchmark/cargoship-competitive-benchmark-1767219132/scenario4/mc/logs-024.json`
`/Volumes/External HD/cargoship-benchmark-test/scenario4-compressible/logs-025.json` -> `aws-benchmark/cargoship-competitive-benchmark-1767219132/scenario4/mc/logs-025.json`
`/Volumes/External HD/cargoship-benchmark-test/scenario4-compressible/logs-026.json` -> `aws-benchmark/cargoship-competitive-benchmark-1767219132/scenario4/mc/logs-026.json`
`/Volumes/External HD/cargoship-benchmark-test/scenario4-compressible/logs-027.json` -> `aws-benchmark/cargoship-competitive-benchmark-1767219132/scenario4/mc/logs-027.json`
`/Volumes/External HD/cargoship-benchmark-test/scenario4-compressible/logs-028.json` -> `aws-benchmark/cargoship-competitive-benchmark-1767219132/scenario4/mc/logs-028.json`
`/Volumes/External HD/cargoship-benchmark-test/scenario4-compressible/logs-029.json` -> `aws-benchmark/cargoship-competitive-benchmark-1767219132/scenario4/mc/logs-029.json`
`/Volumes/External HD/cargoship-benchmark-test/scenario4-compressible/logs-030.json` -> `aws-benchmark/cargoship-competitive-benchmark-1767219132/scenario4/mc/logs-030.json`
`/Volumes/External HD/cargoship-benchmark-test/scenario4-compressible/logs-031.json` -> `aws-benchmark/cargoship-competitive-benchmark-1767219132/scenario4/mc/logs-031.json`
`/Volumes/External HD/cargoship-benchmark-test/scenario4-compressible/logs-032.json` -> `aws-benchmark/cargoship-competitive-benchmark-1767219132/scenario4/mc/logs-032.json`
`/Volumes/External HD/cargoship-benchmark-test/scenario4-compressible/logs-033.json` -> `aws-benchmark/cargoship-competitive-benchmark-1767219132/scenario4/mc/logs-033.json`
`/Volumes/External HD/cargoship-benchmark-test/scenario4-compressible/logs-034.json` -> `aws-benchmark/cargoship-competitive-benchmark-1767219132/scenario4/mc/logs-034.json`
`/Volumes/External HD/cargoship-benchmark-test/scenario4-compressible/logs-035.json` -> `aws-benchmark/cargoship-competitive-benchmark-1767219132/scenario4/mc/logs-035.json`
`/Volumes/External HD/cargoship-benchmark-test/scenario4-compressible/logs-036.json` -> `aws-benchmark/cargoship-competitive-benchmark-1767219132/scenario4/mc/logs-036.json`
`/Volumes/External HD/cargoship-benchmark-test/scenario4-compressible/logs-037.json` -> `aws-benchmark/cargoship-competitive-benchmark-1767219132/scenario4/mc/logs-037.json`
`/Volumes/External HD/cargoship-benchmark-test/scenario4-compressible/logs-038.json` -> `aws-benchmark/cargoship-competitive-benchmark-1767219132/scenario4/mc/logs-038.json`
`/Volumes/External HD/cargoship-benchmark-test/scenario4-compressible/logs-039.json` -> `aws-benchmark/cargoship-competitive-benchmark-1767219132/scenario4/mc/logs-039.json`
`/Volumes/External HD/cargoship-benchmark-test/scenario4-compressible/logs-040.json` -> `aws-benchmark/cargoship-competitive-benchmark-1767219132/scenario4/mc/logs-040.json`
`/Volumes/External HD/cargoship-benchmark-test/scenario4-compressible/logs-041.json` -> `aws-benchmark/cargoship-competitive-benchmark-1767219132/scenario4/mc/logs-041.json`
`/Volumes/External HD/cargoship-benchmark-test/scenario4-compressible/logs-042.json` -> `aws-benchmark/cargoship-competitive-benchmark-1767219132/scenario4/mc/logs-042.json`
`/Volumes/External HD/cargoship-benchmark-test/scenario4-compressible/logs-043.json` -> `aws-benchmark/cargoship-competitive-benchmark-1767219132/scenario4/mc/logs-043.json`
`/Volumes/External HD/cargoship-benchmark-test/scenario4-compressible/logs-044.json` -> `aws-benchmark/cargoship-competitive-benchmark-1767219132/scenario4/mc/logs-044.json`
`/Volumes/External HD/cargoship-benchmark-test/scenario4-compressible/logs-045.json` -> `aws-benchmark/cargoship-competitive-benchmark-1767219132/scenario4/mc/logs-045.json`
`/Volumes/External HD/cargoship-benchmark-test/scenario4-compressible/logs-046.json` -> `aws-benchmark/cargoship-competitive-benchmark-1767219132/scenario4/mc/logs-046.json`
`/Volumes/External HD/cargoship-benchmark-test/scenario4-compressible/logs-047.json` -> `aws-benchmark/cargoship-competitive-benchmark-1767219132/scenario4/mc/logs-047.json`
`/Volumes/External HD/cargoship-benchmark-test/scenario4-compressible/logs-048.json` -> `aws-benchmark/cargoship-competitive-benchmark-1767219132/scenario4/mc/logs-048.json`
`/Volumes/External HD/cargoship-benchmark-test/scenario4-compressible/logs-049.json` -> `aws-benchmark/cargoship-competitive-benchmark-1767219132/scenario4/mc/logs-049.json`
`/Volumes/External HD/cargoship-benchmark-test/scenario4-compressible/logs-050.json` -> `aws-benchmark/cargoship-competitive-benchmark-1767219132/scenario4/mc/logs-050.json`
`/Volumes/External HD/cargoship-benchmark-test/scenario4-compressible/logs-051.json` -> `aws-benchmark/cargoship-competitive-benchmark-1767219132/scenario4/mc/logs-051.json`
`/Volumes/External HD/cargoship-benchmark-test/scenario4-compressible/logs-052.json` -> `aws-benchmark/cargoship-competitive-benchmark-1767219132/scenario4/mc/logs-052.json`
`/Volumes/External HD/cargoship-benchmark-test/scenario4-compressible/logs-053.json` -> `aws-benchmark/cargoship-competitive-benchmark-1767219132/scenario4/mc/logs-053.json`
`/Volumes/External HD/cargoship-benchmark-test/scenario4-compressible/logs-054.json` -> `aws-benchmark/cargoship-competitive-benchmark-1767219132/scenario4/mc/logs-054.json`
`/Volumes/External HD/cargoship-benchmark-test/scenario4-compressible/logs-055.json` -> `aws-benchmark/cargoship-competitive-benchmark-1767219132/scenario4/mc/logs-055.json`
`/Volumes/External HD/cargoship-benchmark-test/scenario4-compressible/logs-056.json` -> `aws-benchmark/cargoship-competitive-benchmark-1767219132/scenario4/mc/logs-056.json`
`/Volumes/External HD/cargoship-benchmark-test/scenario4-compressible/logs-057.json` -> `aws-benchmark/cargoship-competitive-benchmark-1767219132/scenario4/mc/logs-057.json`
`/Volumes/External HD/cargoship-benchmark-test/scenario4-compressible/logs-058.json` -> `aws-benchmark/cargoship-competitive-benchmark-1767219132/scenario4/mc/logs-058.json`
`/Volumes/External HD/cargoship-benchmark-test/scenario4-compressible/logs-059.json` -> `aws-benchmark/cargoship-competitive-benchmark-1767219132/scenario4/mc/logs-059.json`
`/Volumes/External HD/cargoship-benchmark-test/scenario4-compressible/logs-060.json` -> `aws-benchmark/cargoship-competitive-benchmark-1767219132/scenario4/mc/logs-060.json`
`/Volumes/External HD/cargoship-benchmark-test/scenario4-compressible/logs-061.json` -> `aws-benchmark/cargoship-competitive-benchmark-1767219132/scenario4/mc/logs-061.json`
`/Volumes/External HD/cargoship-benchmark-test/scenario4-compressible/logs-062.json` -> `aws-benchmark/cargoship-competitive-benchmark-1767219132/scenario4/mc/logs-062.json`
`/Volumes/External HD/cargoship-benchmark-test/scenario4-compressible/logs-063.json` -> `aws-benchmark/cargoship-competitive-benchmark-1767219132/scenario4/mc/logs-063.json`
`/Volumes/External HD/cargoship-benchmark-test/scenario4-compressible/logs-064.json` -> `aws-benchmark/cargoship-competitive-benchmark-1767219132/scenario4/mc/logs-064.json`
`/Volumes/External HD/cargoship-benchmark-test/scenario4-compressible/logs-065.json` -> `aws-benchmark/cargoship-competitive-benchmark-1767219132/scenario4/mc/logs-065.json`
`/Volumes/External HD/cargoship-benchmark-test/scenario4-compressible/logs-066.json` -> `aws-benchmark/cargoship-competitive-benchmark-1767219132/scenario4/mc/logs-066.json`
`/Volumes/External HD/cargoship-benchmark-test/scenario4-compressible/logs-067.json` -> `aws-benchmark/cargoship-competitive-benchmark-1767219132/scenario4/mc/logs-067.json`
`/Volumes/External HD/cargoship-benchmark-test/scenario4-compressible/logs-068.json` -> `aws-benchmark/cargoship-competitive-benchmark-1767219132/scenario4/mc/logs-068.json`
`/Volumes/External HD/cargoship-benchmark-test/scenario4-compressible/logs-069.json` -> `aws-benchmark/cargoship-competitive-benchmark-1767219132/scenario4/mc/logs-069.json`
`/Volumes/External HD/cargoship-benchmark-test/scenario4-compressible/logs-070.json` -> `aws-benchmark/cargoship-competitive-benchmark-1767219132/scenario4/mc/logs-070.json`
`/Volumes/External HD/cargoship-benchmark-test/scenario4-compressible/logs-071.json` -> `aws-benchmark/cargoship-competitive-benchmark-1767219132/scenario4/mc/logs-071.json`
`/Volumes/External HD/cargoship-benchmark-test/scenario4-compressible/logs-072.json` -> `aws-benchmark/cargoship-competitive-benchmark-1767219132/scenario4/mc/logs-072.json`
`/Volumes/External HD/cargoship-benchmark-test/scenario4-compressible/logs-073.json` -> `aws-benchmark/cargoship-competitive-benchmark-1767219132/scenario4/mc/logs-073.json`
`/Volumes/External HD/cargoship-benchmark-test/scenario4-compressible/logs-074.json` -> `aws-benchmark/cargoship-competitive-benchmark-1767219132/scenario4/mc/logs-074.json`
`/Volumes/External HD/cargoship-benchmark-test/scenario4-compressible/logs-075.json` -> `aws-benchmark/cargoship-competitive-benchmark-1767219132/scenario4/mc/logs-075.json`
`/Volumes/External HD/cargoship-benchmark-test/scenario4-compressible/logs-076.json` -> `aws-benchmark/cargoship-competitive-benchmark-1767219132/scenario4/mc/logs-076.json`
`/Volumes/External HD/cargoship-benchmark-test/scenario4-compressible/logs-078.json` -> `aws-benchmark/cargoship-competitive-benchmark-1767219132/scenario4/mc/logs-078.json`
`/Volumes/External HD/cargoship-benchmark-test/scenario4-compressible/logs-079.json` -> `aws-benchmark/cargoship-competitive-benchmark-1767219132/scenario4/mc/logs-079.json`
`/Volumes/External HD/cargoship-benchmark-test/scenario4-compressible/logs-077.json` -> `aws-benchmark/cargoship-competitive-benchmark-1767219132/scenario4/mc/logs-077.json`
`/Volumes/External HD/cargoship-benchmark-test/scenario4-compressible/logs-080.json` -> `aws-benchmark/cargoship-competitive-benchmark-1767219132/scenario4/mc/logs-080.json`
`/Volumes/External HD/cargoship-benchmark-test/scenario4-compressible/logs-081.json` -> `aws-benchmark/cargoship-competitive-benchmark-1767219132/scenario4/mc/logs-081.json`
`/Volumes/External HD/cargoship-benchmark-test/scenario4-compressible/logs-082.json` -> `aws-benchmark/cargoship-competitive-benchmark-1767219132/scenario4/mc/logs-082.json`
`/Volumes/External HD/cargoship-benchmark-test/scenario4-compressible/logs-083.json` -> `aws-benchmark/cargoship-competitive-benchmark-1767219132/scenario4/mc/logs-083.json`
`/Volumes/External HD/cargoship-benchmark-test/scenario4-compressible/logs-084.json` -> `aws-benchmark/cargoship-competitive-benchmark-1767219132/scenario4/mc/logs-084.json`
`/Volumes/External HD/cargoship-benchmark-test/scenario4-compressible/logs-085.json` -> `aws-benchmark/cargoship-competitive-benchmark-1767219132/scenario4/mc/logs-085.json`
`/Volumes/External HD/cargoship-benchmark-test/scenario4-compressible/logs-086.json` -> `aws-benchmark/cargoship-competitive-benchmark-1767219132/scenario4/mc/logs-086.json`
`/Volumes/External HD/cargoship-benchmark-test/scenario4-compressible/logs-087.json` -> `aws-benchmark/cargoship-competitive-benchmark-1767219132/scenario4/mc/logs-087.json`
`/Volumes/External HD/cargoship-benchmark-test/scenario4-compressible/logs-088.json` -> `aws-benchmark/cargoship-competitive-benchmark-1767219132/scenario4/mc/logs-088.json`
`/Volumes/External HD/cargoship-benchmark-test/scenario4-compressible/logs-089.json` -> `aws-benchmark/cargoship-competitive-benchmark-1767219132/scenario4/mc/logs-089.json`
`/Volumes/External HD/cargoship-benchmark-test/scenario4-compressible/logs-090.json` -> `aws-benchmark/cargoship-competitive-benchmark-1767219132/scenario4/mc/logs-090.json`
`/Volumes/External HD/cargoship-benchmark-test/scenario4-compressible/logs-091.json` -> `aws-benchmark/cargoship-competitive-benchmark-1767219132/scenario4/mc/logs-091.json`
`/Volumes/External HD/cargoship-benchmark-test/scenario4-compressible/logs-092.json` -> `aws-benchmark/cargoship-competitive-benchmark-1767219132/scenario4/mc/logs-092.json`
`/Volumes/External HD/cargoship-benchmark-test/scenario4-compressible/logs-093.json` -> `aws-benchmark/cargoship-competitive-benchmark-1767219132/scenario4/mc/logs-093.json`
`/Volumes/External HD/cargoship-benchmark-test/scenario4-compressible/logs-094.json` -> `aws-benchmark/cargoship-competitive-benchmark-1767219132/scenario4/mc/logs-094.json`
`/Volumes/External HD/cargoship-benchmark-test/scenario4-compressible/logs-095.json` -> `aws-benchmark/cargoship-competitive-benchmark-1767219132/scenario4/mc/logs-095.json`
`/Volumes/External HD/cargoship-benchmark-test/scenario4-compressible/logs-096.json` -> `aws-benchmark/cargoship-competitive-benchmark-1767219132/scenario4/mc/logs-096.json`
`/Volumes/External HD/cargoship-benchmark-test/scenario4-compressible/logs-097.json` -> `aws-benchmark/cargoship-competitive-benchmark-1767219132/scenario4/mc/logs-097.json`
`/Volumes/External HD/cargoship-benchmark-test/scenario4-compressible/logs-098.json` -> `aws-benchmark/cargoship-competitive-benchmark-1767219132/scenario4/mc/logs-098.json`
`/Volumes/External HD/cargoship-benchmark-test/scenario4-compressible/logs-099.json` -> `aws-benchmark/cargoship-competitive-benchmark-1767219132/scenario4/mc/logs-099.json`
`/Volumes/External HD/cargoship-benchmark-test/scenario4-compressible/logs-100.json` -> `aws-benchmark/cargoship-competitive-benchmark-1767219132/scenario4/mc/logs-100.json`
┌────────────┬─────────────┬──────────┬─────────────┐
│ Total      │ Transferred │ Duration │ Speed       │
│ 211.29 MiB │ 211.29 MiB  │ 00m05s   │ 42.16 MiB/s │
└────────────┴─────────────┴──────────┴─────────────┘
